Abnaki
Abnaki's
Abnakis
Abolitionist
Abolitionist's
Abolitionists
Administration
Administration's
Administrations
Ahmedabad
Anglophil
Anglophil's
Anglophils
Apostolic
Arapahoe
Arapahoe's
Arbela
Arbil
Archangel
Ardebil
Armies
Army
Army's
Asmera
Athabascan
Athabascan's
Athabascans
Athapaskan
Athapaskan's
Athapaskans
Aurungabad
Babar
Babar's
Babur
Bagdad
Bagdad's
Baky
Baroque
Baroque's
Baroques
Basle
Basle's
Beduin
Beduin's
Beduins
Belorussia
Belorussia's
Beograd
Beograd's
Berne
Berne's
Bev
Bisayas
Bisayas's
Boudicca
Brahmanee
Brahmin
Brahmin's
Brahminism
Brahminism's
Brahminisms
Brahmins
Breughel
Brueghel
Brugge
Byelarus
Byelarus's
Byelorussia
Byelorussia's
Cabinet
Cabinet's
Cabinets
Caesarean
Caesarean's
Caesareans
Caesarian
Caesarian's
Caesarians
Cajan
Cajan's
Cajans
Center
Center's
Centers
Cesarian
Chaldaea
Chamber
Chanukah
Chanukah's
Chanukahs
Chilin
Chinan
Chinchow
Christy
Christy's
Chungking
Chungking's
Cnut
Coliseum
Colonial
Colored
Colored's
Coloreds
Comrade
Comrade's
Comrades
Consulate
Cordova
Cordova's
Cortez
Cortez's
Crown
Crown's
Crowns
Crusade
Crusade's
Crusades
Cypriote
Cypriote's
Cypriotes
Dacca
Dacca's
Decalog
Delawarian
Delawarian's
Diaz
Diaz's
Diesel
Diesel's
Diesels
Dissenter
Dissenter's
Dissenters
Djakarta
Djakarta's
Doc
Dostoyevsky
Dostoyevsky's
Dryad
Earth
Earth's
Eighties
Eldorado
Eldorado's
Eldorados
Eriksson
Esfahan
Euclidian
Fascism
Fascism's
Fascisms
Fifties
Foochow
Forties
Gaddafi
Gentile
Gentile's
Gentiles
Ghanian
Ghanian's
Ghanians
Gipsies
Gipsy
Gipsy's
Glyndwr
Godlike
Gomorrha
Gomorrha's
Gor'kiy
Gothenburg
Gothenburg's
Haidarabad
Hallowe'en
Hammurapi
Hangchow
Hangchow's
Heaven
Heaven's
Heavens
Hejira
Hell
Hell's
Hells
Heraklion
Hugli
Huhehot
Husain
Hwang
Ijssel
Irbil
Ispahan
JATO
Jedda
Jugoslavia
Jugoslavia's
Jugoslavian
Jugoslavian's
Jugoslavians
Kelt
Kelt's
Kelts
Kishinyov
Knut
Koblenz
Koln
Koln's
Kurile
Kwanza
Kwanza's
Kwanzas
LOX
LOX's
Lanchou
Lanchou's
Laozi
Laozi's
Legion
Linnean
Lowlander
Lowlander's
Lowlanders
Luxemburg
Luxemburg's
Machiavelian
Mahomet
Mahomet's
Manaus
Marseille
Marseille's
Matins
Mob
Mob's
Mobs
Mogadiscio
Mogadiscio's
Mohammed
Mohammed's
Mohican
Mohican's
Mohicans
Moslems
Mounty
Mounty's
Muhammedan
Muhammedan's
Muhammedanism
Muhammedans
Munchkin
Munchkin's
Munchkins
Myanma
Nabatea
Nabatean
Nabatean's
Naiad
Naiad's
Naiades
Naiads
Nanking
Nanking's
Nankings
Nashik
Navaho
Navaho's
Navahoes
Navahos
Naziism
Naziism's
Naziisms
Neandertal
Neandertal's
Neandertals
Newburgh
Noh
Nyasaland
Nyasaland's
Ojibway
Ojibway's
Ojibways
Paisley
Paisley's
Paisleys
Pekineses
Pergamus
Pigmies
Pigmy
Pigmy's
Presidencies
Presidency
Presidency's
President
President's
Presidents
Province
Quarter
Qur'an
Ralegh
Rameses
Realism
Rebecca
Rebecca's
Rebel
Rebel's
Romanoff
Romanoff's
Roumania
Roumania's
Roumanian
Roumanian's
Roumanians
Ruanda
Ruanda's
Rumania
Rumania's
Sanscrit
Sauterne
Sauterne's
Schelde
Scotty
Scotty's
Scout
Scout's
Scouting
Scouting's
Scoutings
Scouts
Secession
Seltzer
Senator
Seventies
Shiah
Shiah's
Shiahs
Shihkiachwang
Shoshoni
Shoshoni's
Shoshonis
Sixties
Speaker
Speaker's
Speakers
Statehood
Statehood's
Statehoods
Suchow
Sunnah
Sunnah's
Sunnahs
Surinam
Surinam's
Szechuan
Szechuan's
Szechwan
Szechwan's
Tadzhikistan
Tadzhikistan's
Taipeh
Tallin
Tatra
Teheran
Teheran's
Teletext
Testament
Testament's
Testaments
Thirties
Tirana
Tirana's
Tolstoi
Tora
Tora's
Toras
Tsinan
Tsingtao
Tutankhaten
Twenties
Tyrol
Tyrol's
Tzupo
Ulaanbaatar
Ulaanbaatar's
Urumchi
Utahn
Utahn's
Utahns
Vergil
Vergil's
Vespers
Wasp
Wasp's
Wasps
Website
Website's
Websites
Welch
Welch's
World
Xantippe
Xantippe's
Xantippes
Yahveh
Yahveh's
Yahwe
Yahwe's
Zairean
Zairean's
Zaireans
Zambesi
Zaragoza
Zaragoza's
Zetland
Zetland's
abridgement
abridgement's
abridgements
absorbant
absorbant's
absorbants
accessaries
accessary
accessary's
accidently
adieux
adjudgement
admixt
advertizer
afficionado
afficionado's
afficionados
afterall
agism's
agisms
akvavit
akvavit's
akvavits
alamode
alamode's
alamodes
alarum
alarum's
alarumed
alaruming
alarums
aliya
aliya's
aliyas
amphitheatre
amphitheatre's
amphitheatres
ampoul
anaemia
anaemia's
anaemias
anaemic
anaesthesia
anaesthesia's
anaesthesias
anaesthetic
anaesthetic's
anaesthetics
anaesthetist
anaesthetist's
anaesthetists
anaesthetize
anaesthetized
anaesthetizes
anaesthetizing
anapaest
anapaest's
anapaests
anomies
anomy
anomy's
apanage
apanage's
apanages
appal
appals
apprize
apprized
apprizes
apprizing
archetypical
argyll
argyll's
argylls
artefact
artefact's
artefacts
asafoetida
asafoetida's
asafoetidas
asbestus
asbestus's
asbestuses
ascendences
ascendencies
assertor
assertor's
assertors
assuror
assuror's
assurors
atheneum
atheneum's
atheneums
audiobook
audiobook's
audiobooks
aureolas
awol's
awols
axe
axe's
bandaid
bandaid's
bandaids
banderol
banderol's
banderols
banqueteer
banqueteer's
banqueteers
bastile
bastile's
bastiles
batteau
batteau's
batteaux
beduin
beduin's
beduins
beldame
beldame's
beldames
bhajee
bhajee's
bhajees
biggy
biggy's
biryani
biryani's
biryanis
blest
blub
blubbed
blubbing
blubs
blueblood
blueblood's
bluebloods
blueings
bobbysox
bocces
boccis
bogied
bogieing
bogieman
boloneys
bonafide
bonemeal
bonemeal's
bonemeals
boneyer
boneyest
bongoes
boobie
boobie's
borsches
borshch
borshch's
bougainvillaea's
bourn
bourn's
bourns
breadthwise
brinksmanships
bureaux
caddy
caddy's
caeca
caecum
caecum's
caffein
caffein's
caffeins
cakey
cakier
cakiest
calibrater
calices
calix
calix's
calker
calker's
calkers
calliper
calliper's
callipered
callipering
callipers
callisthenics
canceller
canceller's
cancellers
cantelope
canteloupe
caracul
caracul's
caraculs
caravanserais
carbureter
carbureter's
carbureters
carneyed
carneying
caroller
caroller's
carollers
carrageenin
carrageenin's
carrageenins
carrell
carrell's
carrells
casette
casette's
casettes
cassaba
cassaba's
cassabas
cataloguer
cataloguer's
cataloguers
catechise
catechised
catechises
catechising
caviller
caviller's
cavillers
cedarwood
cedarwood's
cedarwoods
celeste
celeste's
celestes
cellaret
cellaret's
cellarets
centigramme
centigramme's
centigrammes
cesura
cesura's
cesurae
cesuras
challie
challie's
challies
chammied
chammies
chammying
chancellories
chancellory
chancellory's
chanties
chanty
chanty's
chapeaux
chaunt
chaunted
chaunting
chaunts
christies
christy
christy's
chunnel
chunnel's
chunnels
chutnee
chutnee's
chutnees
cinderblock
cinderblock's
cinderblocks
circumventor
circumventor's
circumventors
clipt
cliquy
closeable
clutz
cocains
cockamamy
codein
codein's
codeins
codependence
codependence's
codependences
colosseum
colosseum's
colosseums
concoctor
concoctor's
concoctors
condemnor
condemnor's
condemnors
connectability
consigner
consigner's
consigners
constitutor
constitutor's
constitutors
constructer
constructer's
constructers
coppice
coppice's
coppiced
coppices
coppicing
correctible
corruptor
corruptor's
corruptors
corslet
corslet's
corslets
cosied
cosier
cosies
cosiest
cosy
cosy's
cosying
cotillon
cotillon's
cotillons
councillor
councillor's
councillors
counsellor
counsellor's
counsellors
countryfied
courtezan
courtezan's
courtezans
courtsey
cowry
cowry's
crabways
crawdaddies
crawdaddy
crawdaddy's
crawfish
crawfish's
crawfished
crawfishes
crawfishing
crenellate
crenellated
crenellates
crenellating
crewcut
crewcut's
crewcuts
crossways
cryer
cufflink
cufflink's
cufflinks
cunnilinctus
cunnilinctus's
cunnilinctuses
curari
curari's
curaris
curst
cyclicly
daishiki
daishiki's
daishikis
damndest
damndest's
damndests
daquiri
databank
databank's
databanks
daydreamt
deadweight
deadweight's
deadweights
debonaire
decolletee
dellies
delly
delly's
dependancies
dependancy
dependancy's
dependant
dependant's
dependants
depictor
depictor's
depictors
detectible
devilled
dialoged
dialoging
diarrhoea
diarrhoea's
diarrhoeas
dickys
discernable
dishevelled
ditziest
dogey
dogey's
dogeys
dominos
dominos's
doofah
doozie
doozie's
doozies
doubletalk
drachm
drachm's
drachms
dreadnaught
dreadnaught's
dreadnaughts
driveller
driveller's
drivellers
drouths
dueller
dueller's
duellers
duellist
duellist's
duellists
dulcimore
dulcimore's
dulcimores
durrie
durrie's
durries
dwarves
email
email's
emailed
emailing
emails
emeer
emeer's
emeers
enameller
enameller's
enamellers
endwise
engrained
enquire
enquired
enquires
enquiries
enquiring
enquiry
enquiry's
enrol
enrolment
enrolment's
enrolments
enrols
enthral
enthrals
epithalmion
escaloped
escaloping
euclidian
exhibiter
exhibiter's
exhibiters
expandibility
expandible
extraversion
extraversion's
extraversions
extraverting
eyrie
eyrie's
facia
facia's
faciae
facias
faecal
faeces
faeces's
faggotings
feaze
feazed
feazes
feazing
felafels
felspar
felspar's
felspars
fettuccini
fettuccini's
fiberoptics
fluidram
fluidram's
fluidrams
foetal
foetus
foetus's
foetuses
fogey
fogey's
fogeys
fohn
fohn's
fohns
followup
followup's
followups
forbad
forefend
forefended
forefending
forefends
frankforter
frankforter's
frankforters
frijole
frijole's
frijoles
frontrunner
frontrunner's
frontrunners
frowstier
frowstiest
frowsty
fulfil
fulfilment
fulfilment's
fulfilments
fulfils
fuzee
fuzee's
fuzees
galabia
galabia's
galabias
galabiya
galabiya's
galabiyas
ganglier
gangliest
gangly
gayeties
gelt
gelt's
gelts
gemmologist
gemmologist's
gemmologists
gerbile
gerbille
gerbille's
gerbilles
ghi
ghi's
ghis
gip
gipped
gipping
gips
gipsied
gipsying
glamourous
goddammed
goddamming
goitre
goitre's
goitres
gonadotrophic
gonadotrophin
gonadotrophin's
gonadotrophins
gonorrhoea
gonorrhoea's
gonorrhoeas
grandame
grandame's
grandames
grantor
grantor's
grantors
greyish
groveller
groveller's
grovellers
gruelling
gruelling's
gruellings
guineafowl
gullable
gulleyed
gulleying
gussie
hadjes
haemoglobin
haemoglobin's
haemoglobins
haemophilia
haemophilia's
haemophilias
haemorrhage
haemorrhage's
haemorrhaged
haemorrhages
haemorrhaging
haemorrhoids
hah's
hahs
haji
haji's
hajis
halbert
halbert's
halberts
hallal
hallalled
hallalling
hallals
halliard
halliard's
halliards
handkerchieves
hansel
hanselled
hanselling
hansels
hardline
harken
harkened
harkening
harkens
hasheeshes
healthcare
healthcare's
healthcares
hektare
hektare's
hektares
helpmeet
helpmeet's
helpmeets
heterogenous
hiccough
hiccough's
hiccoughed
hiccoughing
hiccoughs
highrise
highrise's
highrises
hijinks's
hitman
hitman's
hitmen
holloware
holloware's
hollowares
homogenous
homy's
honied
hooka
hooka's
hookas
hoorahed
hoorahing
hotspot
hotspot's
hotspots
houmous
houmus's
houmuses
howe'er
hutzpahs
hypothenuse
hypothenuse's
hypothenuses
idealogies
idealogy
idealogy's
idolator
idolator's
idolators
immoveable
immoveable's
immoveables
impellor
impellor's
impellors
incase
incased
incases
incasing
incumbrance
incumbrance's
infold
infolded
infolding
infolds
inhibiter
inhibiter's
inhibiters
instal
instalment
instalment's
instalments
instals
instil
instils
intercepter
intercepter's
intercepters
intransigeant
intransigeant's
intransigeants
intreat
intreated
intreating
intreats
jellabah
jetlag
jetlag's
jetlags
jewelled
jeweller
jeweller's
jewellers
jibb
jibbs
jinnee
jinnee's
jinnis
judgement
judgement's
judgements
junto
junto's
juntos
kaoline
kaoline's
kaolines
kaputt
kashmir
kashmir's
kashmirs
kerchieves
khalifate
kitchenet
kitchenet's
kitchenets
klatsch
klatsch's
klatsches
kleenex
kleenex's
kleenexes
knowledgable
lacrimal's
lacrimals
laniard
laniard's
laniards
lanoline
lanoline's
lanolines
largesse
largesse's
lavalier
lavalier's
lavaliers
leapt
learnt
leastways
lengthways
lenten
lept
leucocyte
leucocyte's
leucocytes
leveller's
levellers
levis
levis's
libeller
libeller's
libellers
libellous
licence
licence's
licenced
licencee
licencee's
licencees
licences
licencing
lichgate
lichgate's
lichgates
lichi
lichi's
lichis
lifecare
lifecare's
lifecares
likeably
lipide
lipide's
lipides
lodgement
lodgement's
lodgements
longwise
loofa
loofa's
loofas
lother
lothest
louvred
lowball
lowballed
lowballing
lowballs
lowlives
lubricous
lutecium
lutecium's
luteciums
mahjongg
mahjongg's
mahjonggs
malarkies
malarky
malarky's
manillas
mantlepiece's
mantram
mantram's
mantrams
marvellously
mattins
mattins's
matzah
matzah's
matzahs
meou
meoued
meouing
meous
miladi
miladi's
miladis
milage
milage's
milages
milieux
mina
mina's
minas
mishmosh
mishmosh's
mishmoshes
misjudgement
misjudgement's
misjudgements
missilries
misspelt
mixt
mixup
mixup's
mixups
mizen
mizen's
mizens
mockup
mockup's
mockups
mollie
mollie's
monologged
monologging
moolah
moolah's
moolahs
mopy
moustache
moustache's
moustaches
muckluck
muckluck's
mucklucks
mucluc
mucluc's
muclucs
mullen
mullen's
mullens
mynahs
narked
narking
narwal
narwal's
narwals
narwhale
narwhale's
narwhales
neckerchieves
neglige
neglige's
negliges
nonplused
nonsuch
nonsuch's
nonsuches
nosey
nosey's
noseys
novelle
nurseling
nurseling's
ochre
ochre's
ochred
ochres
ochring
odalisk
odalisk's
odalisks
ogrish
olde
oldy
oldy's
olympiad
olympiad's
olympiads
omikron
omikron's
omikrons
onsides
orangoutan
orangoutang
orangoutang's
orangoutangs
orchestrater
orchestrater's
orchestraters
organophosphorous
orgastic
orthopaedic
orthopaedic's
orthopaedics
orthopaedics's
orthopaedist
orthopaedist's
orthopaedists
outmanoeuvre
outmanoeuvred
outmanoeuvres
outmanoeuvring
paillasse
paillasse's
paillasses
palankeen
palankeen's
palankeens
panelling
panelling's
panellings
pantalettes
pantihose
pappoose
pappoose's
pappooses
paraffine
paraffines
pattie
pattie's
pease
peased
peases
peasing
pein
peined
peining
peins
pellmell
pellmell's
pellmells
pemican
pemican's
pemicans
peneplane
peneplane's
peneplanes
penuchi
penuchi's
penuchis
pernickety
petalled
peyotl
peyotl's
peyotls
phrenetic's
phrenetics
pickaxe
pickaxe's
piggie
piggie's
pilsener
pilsener's
pilseners
pinocles
pipet
pipets
pizzaz
pizzaz's
pizzazes
plateaux
plough
plough's
ploughed
ploughing
ploughs
ploughshare
ploughshare's
ploughshares
podgier
podgiest
podgy
pointilliste
pollocks
pompon
pompon's
pompons
ponton
pontoned
pontoning
pontons
poppadum
poppadum's
poppadums
popsicle
popsicle's
popsicles
portalled
portmanteaux
powerplant
precancelled
predacious
premie
premie's
premies
pretence
pretence's
pretences
prevued
prevuing
primaeval
princesse
princesse's
processer
processer's
processers
prochoice
programing's
programings
prologed
prologing
prothalmium
protozoon
protozoon's
puky
pullup
pullup's
pullups
quadrophonic's
quarreller
quarreller's
quarrellers
racqueted
racqueting
raincheck
raincheck's
rainchecks
rainforest
rainforest's
rainforests
rarified
rarifies
rarify
rarifying
rase
rased
rases
rasing
razzamatazz
razzamatazz's
razzamatazzes
readymade
readymade's
readymades
rectilineal
relator
relator's
relators
relearnt
reveller
reveller's
revellers
revisor
revisor's
revisors
ricrac
ricrac's
ricracs
rontgen
rontgen's
rontgens
roundtable
roundtable's
roundtables
saltpetre
saltpetre's
saltpetres
samaritan
samaritan's
samaritans
sanitorium
sanitorium's
sanitoriums
sauterne
sauterne's
sauternes
savannahs
saviour
saviour's
saviours
scag
scag's
scagged
scagging
scags
scaloppini
scaloppini's
scaloppinis
schnorkel
schnorkel's
schnorkeled
schnorkeling
schnorkels
scimiter
scimiter's
scimiters
seborrhoea
seborrhoea's
seborrhoeas
seignorial
selvedged
selvedging
shiatzu
shiatzu's
shiatzus
shillalahs
shlocks
shnook
shnook's
shnooks
shwa
shwa's
shwas
sidewise
signaller
signaller's
signallers
sillabub
sillabub's
sillabubs
silvan's
silvans
siruped
siruping
situp
situp's
situps
skilful
skullduggeries
sofabed
sofabed's
sofabeds
soh
soh's
sohs
sonofabitch
sox
soyas
spelt
spelt's
spelts
spirochaete
spirochaete's
spirochaetes
spirt
spirt's
spirted
spirting
spirts
spoilt
stimied
stimies
stimy
stimying
straightlaced
stript
styed
stymying
sulphur
sulphur's
sulphured
sulphuring
sulphurous
sulphurs
sumachs
sunburnt
surprize
surprized
surprizes
surprizing
swop
swop's
swopped
swopping
swops
synchs
syphon
syphon's
syphoned
syphoning
syphons
tabouli
tabouli's
taboulis
tabour
tabour's
taboured
tabouring
tabours
tabuli
tabuli's
tabulis
takeable
taxying
teazeled
teazeling
teazelled
teazelling
teazled
teazling
teenaged
teensier
teensiest
teensy
teetotaller
teetotaller's
teetotallers
templet
templet's
templets
theatre
theatre's
theatres
thrustor
thrustor's
thrustors
thyroxin
thyroxin's
thyroxins
tictactoe
tiddledywinks
tinselled
tora
tora's
toras
tories
tory
tory's
tost
totalisator
totalisator's
totalisators
toteable
towelling
towelling's
towellings
towny
towny's
tradeable
tradeoff
tradeoff's
tradeoffs
transfixt
transgender's
travelled
traveller
traveller's
travellers
tressel
tressel's
tressels
trinitrotoluol
trinitrotoluol's
trinitrotoluols
tunneller
tunneller's
tunnellers
turquois
turquois's
turves
twirp
twirp's
twirps
tzarist's
tzarists
tzetze
tzetze's
tzetzes
umiaq
umiaq's
umiaqs
unbiassed
unblest
unequalled
unmistakeable
unrivalled
untravelled
useabilities
usurous
varment
varment's
varments
velours's
vermillions
vitamine
vitamine's
vitamines
vizir
vizir's
vizirs
vizored
vizoring
wabble
wabbled
wabbles
wabbling
wadeable
waterglass
waterglass's
waterglasses
waxpaper
weathervane
weathervane's
weathervanes
weepie's
weevilly
whiney
whizbang
whizbang's
whizbangs
whizzgig
whizzkid
whodunnit's
widthways
wilfully
wilfulnesses
willywaw
willywaw's
willywaws
wizbang
woful
wonton
wonton's
wontons
worshipper
worshipper's
worshippers
wouldest
wrapt
wysiwyg
yarmelke
yarmelke's
yarmelkes
ycleped
yeshivoth
yodeller
yodeller's
yodellers
yoghourt
yoghourt's
yoghourts
yoghurt
yoghurt's
yoghurts
yuppy
yuppy's
