Abnaki
Abnaki's
Abnakis
Abolitionist
Abolitionist's
Abolitionists
Administration
Administration's
Administrations
Ahmedabad
Anglophil
Anglophil's
Anglophils
Apostolic
Arapahoe
Arapahoe's
Arbela
Arbil
Archangel
Ardebil
Armies
Army
Army's
Asmera
Athabascan
Athabascan's
Athabascans
Athapaskan
Athapaskan's
Athapaskans
Aurungabad
Babar
Babar's
Babur
Bagdad
Bagdad's
Baky
Baroque
Baroque's
Baroques
Basle
Basle's
Beduin
Beduin's
Beduins
Belorussia
Belorussia's
Beograd
Beograd's
Berne
Berne's
Bev
Bisayas
Bisayas's
Boudicca
Brahmanee
Brahmin
Brahmin's
Brahminism
Brahminism's
Brahminisms
Brahmins
Breughel
Brueghel
Brugge
Byelarus
Byelarus's
Byelorussia
Byelorussia's
Cabinet
Cabinet's
Cabinets
Caesarean
Caesarean's
Caesareans
Caesarian
Caesarian's
Caesarians
Cajan
Cajan's
Cajans
Center
Center's
Centers
Cesarian
Chaldaea
Chamber
Chanukah
Chanukah's
Chanukahs
Chilin
Chinan
Chinchow
Christy
Christy's
Chungking
Chungking's
Cnut
Coliseum
Colonial
Colored
Colored's
Coloreds
Comrade
Comrade's
Comrades
Consulate
Cordova
Cordova's
Cortez
Cortez's
Crown
Crown's
Crowns
Crusade
Crusade's
Crusades
Cypriote
Cypriote's
Cypriotes
Dacca
Dacca's
Decalog
Delawarian
Delawarian's
Diaz
Diaz's
Diesel
Diesel's
Diesels
Dissenter
Dissenter's
Dissenters
Djakarta
Djakarta's
Doc
Dostoyevsky
Dostoyevsky's
Dryad
Earth
Earth's
Eighties
Eldorado
Eldorado's
Eldorados
Eriksson
Esfahan
Euclidian
Fascism
Fascism's
Fascisms
Fifties
Foochow
Forties
Gaddafi
Gentile
Gentile's
Gentiles
Ghanian
Ghanian's
Ghanians
Gipsies
Gipsy
Gipsy's
Glyndwr
Godlike
Gomorrha
Gomorrha's
Gor'kiy
Gothenburg
Gothenburg's
Haidarabad
Hallowe'en
Hammurapi
Hangchow
Hangchow's
Heaven
Heaven's
Heavens
Hejira
Hell
Hell's
Hells
Heraklion
Hugli
Huhehot
Husain
Hwang
Ijssel
Irbil
Ispahan
JATO
Jedda
Jugoslavia
Jugoslavia's
Jugoslavian
Jugoslavian's
Jugoslavians
Kelt
Kelt's
Kelts
Kishinyov
Knut
Koblenz
Koln
Koln's
Kurile
Kwanza
Kwanza's
Kwanzas
LOX
LOX's
Lanchou
Lanchou's
Laozi
Laozi's
Legion
Linnean
Lowlander
Lowlander's
Lowlanders
Luxemburg
Luxemburg's
Machiavelian
Mahomet
Mahomet's
Manaus
Manilla
Manilla's
Marseille
Marseille's
Matins
Mob
Mob's
Mobs
Mogadiscio
Mogadiscio's
Mohammed
Mohammed's
Mohican
Mohican's
Mohicans
Moslems
Mounty
Mounty's
Muhammedan
Muhammedan's
Muhammedanism
Muhammedans
Munchkin
Munchkin's
Munchkins
Myanma
Nabatea
Nabatean
Nabatean's
Naiad
Naiad's
Naiades
Naiads
Nanking
Nanking's
Nankings
Nashik
Navaho
Navaho's
Navahoes
Navahos
Naziism
Naziism's
Naziisms
Neandertal
Neandertal's
Neandertals
Newburgh
Noh
Nyasaland
Nyasaland's
Ojibway
Ojibway's
Ojibways
Paisley
Paisley's
Paisleys
Pekineses
Pergamus
Pigmies
Pigmy
Pigmy's
Presidencies
Presidency
Presidency's
President
President's
Presidents
Province
Quarter
Qur'an
Ralegh
Rameses
Realism
Rebecca
Rebecca's
Rebel
Rebel's
Romanoff
Romanoff's
Roumania
Roumania's
Roumanian
Roumanian's
Roumanians
Ruanda
Ruanda's
Rumania
Rumania's
Sanscrit
Sauterne
Sauterne's
Schelde
Scotty
Scotty's
Scout
Scout's
Scouting
Scouting's
Scoutings
Scouts
Secession
Seltzer
Senator
Seventies
Shiah
Shiah's
Shiahs
Shihkiachwang
Shoshoni
Shoshoni's
Shoshonis
Sixties
Speaker
Speaker's
Speakers
Statehood
Statehood's
Statehoods
Suchow
Sunnah
Sunnah's
Sunnahs
Surinam
Surinam's
Szechuan
Szechuan's
Szechwan
Szechwan's
Tadzhikistan
Tadzhikistan's
Taipeh
Tallin
Tatra
Teheran
Teheran's
Teletext
Territorial
Territorial's
Territorials
Testament
Testament's
Testaments
Thirties
Tirana
Tirana's
Tolstoi
Tora
Tora's
Toras
Tsinan
Tsingtao
Tutankhaten
Twenties
Tyrol
Tyrol's
Tzupo
Ulaanbaatar
Ulaanbaatar's
Urumchi
Utahn
Utahn's
Utahns
Vergil
Vergil's
Vespers
Wasp
Wasp's
Wasps
Website
Website's
Websites
Welch
Welch's
World
Xantippe
Xantippe's
Xantippes
Yahveh
Yahveh's
Yahwe
Yahwe's
Zairean
Zairean's
Zaireans
Zambesi
Zaragoza
Zaragoza's
Zetland
Zetland's
abridgement
abridgement's
abridgements
absinth
absinth's
absinths
absorbant
absorbant's
absorbants
accessaries
accessary
accessary's
accidently
accurst
adaptor
adaptor's
adaptors
addendums
adieux
adjudgement
adjustor
adjustor's
adjustors
admixt
advertizer
aery
aery's
aestival
afficionado
afficionado's
afficionados
afterall
agism
agism's
agisms
akvavit
akvavit's
akvavits
alamode
alamode's
alamodes
alarum
alarum's
alarumed
alaruming
alarums
aline
alined
alinement
alinement's
alinements
alines
alining
aliya
aliya's
aliyas
altho
ameer
ameer's
ameers
amongst
amphitheatre
amphitheatre's
amphitheatres
ampoul
ampul
ampul's
ampuls
anaemia
anaemia's
anaemias
anaemic
anaesthesia
anaesthesia's
anaesthesias
anaesthetic
anaesthetic's
anaesthetics
anaesthetist
anaesthetist's
anaesthetists
anaesthetize
anaesthetized
anaesthetizes
anaesthetizing
anapaest
anapaest's
anapaests
aneurism
aneurism's
aneurisms
anomies
anomy
anomy's
apanage
apanage's
apanages
appal
appals
apprize
apprized
apprizes
apprizing
aquiculture
aquiculture's
archetypical
archetypically
argyll
argyll's
argylls
artefact
artefact's
artefacts
asafoetida
asafoetida's
asafoetidas
asbestus
asbestus's
asbestuses
ascendence
ascendence's
ascendences
ascendencies
ascendency
ascendency's
ascendent
ascendent's
ascendents
assertor
assertor's
assertors
assuror
assuror's
assurors
atheneum
atheneum's
atheneums
audiobook
audiobook's
audiobooks
aunty
aunty's
aureolas
awestricken
awol's
awols
axe
axe's
ay
ay's
backbencher
backbencher's
backbenchers
bacterias
balk
balk's
balked
balking
balks
bandaid
bandaid's
bandaids
banderol
banderol's
banderols
bannister
bannister's
bannisters
banqueteer
banqueteer's
banqueteers
barbeque
barbeque's
barbequed
barbeques
barbequing
barcarolle
barcarolle's
barcarolles
bastile
bastile's
bastiles
batteau
batteau's
batteaux
beduin
beduin's
beduins
beldame
beldame's
beldames
bhajee
bhajee's
bhajees
biggy
biggy's
biryani
biryani's
biryanis
blest
blub
blubbed
blubbing
blubs
blueblood
blueblood's
bluebloods
blueings
bo's'n
bo's'n's
bo's'ns
bo'sun
bo'sun's
bo'suns
bobbysox
bocces
boccis
bogied
bogieing
bogieman
bogy
bogy's
boloney
boloney's
boloneys
bonafide
bonemeal
bonemeal's
bonemeals
boney
boneyer
boneyest
bongoes
bonnie
boobie
boobie's
boogerman
boogerman's
boogermans
borsches
borshch
borshch's
bos'n
bos'n's
bos'ns
bougainvillaea
bougainvillaea's
bougainvillaeas
bourn
bourn's
bourns
bowlder
bowlder's
bowlders
breadthwise
brimfull
brinksmanship
brinksmanship's
brinksmanships
broncho
broncho's
bronchos
brusk
brusker
bruskest
bruskly
bruskness
bruskness's
brusknesses
bureaux
bussed
busses
bussing
bussing's
bussings
byelaw
byelaw's
byelaws
caddy
caddy's
caeca
caecum
caecum's
caesarian
caesarian's
caesarians
caffein
caffein's
caffeins
cageyness
cageyness's
cageynesses
cagy
cakey
cakier
cakiest
calibrater
calices
calif
calif's
califs
calix
calix's
calker
calker's
calkers
calking's
calkings
calliper
calliper's
callipered
callipering
callipers
callisthenics
cancelation
canceller
canceller's
cancellers
cantaloup
cantaloup's
cantaloups
cantelope
canteloupe
caracul
caracul's
caraculs
caravanserais
carbureter
carbureter's
carbureters
carneyed
carneying
caroller
caroller's
carollers
carrageenin
carrageenin's
carrageenins
carrell
carrell's
carrells
carrousel
carrousel's
carrousels
casette
casette's
casettes
cassaba
cassaba's
cassabas
cassino
cassino's
cassinos
cataloguer
cataloguer's
cataloguers
catchup
catchup's
catchups
catechise
catechised
catechises
catechising
caulking's
caulkings
caviare
caviare's
caviares
caviller
caviller's
cavillers
cayman
cayman's
caymans
cedarwood
cedarwood's
cedarwoods
celeste
celeste's
celestes
cellaret
cellaret's
cellarets
centigramme
centigramme's
centigrammes
cesarian
cesarian's
cesarians
cesura
cesura's
cesurae
cesuras
challie
challie's
challies
chammied
chammies
chammy
chammy's
chammying
chamoix
chancellories
chancellory
chancellory's
chanties
chanty
chanty's
chapeaux
chaunt
chaunted
chaunting
chaunts
chile
chile's
chiles
chilis
chilli
chilli's
chillies
chitlings
chitlings's
chocaholic
chocaholic's
chocaholics
choosey
christies
christy
christy's
chunnel
chunnel's
chunnels
chutnee
chutnee's
chutnees
chutzpa
chutzpa's
chutzpas
cicatrice
cicatrice's
cigaret
cigaret's
cigarets
cinderblock
cinderblock's
cinderblocks
circumventor
circumventor's
circumventors
civie
civie's
civies
clipt
cliquy
closeable
clutz
cocains
cockamamy
cocoanut
cocoanut's
cocoanuts
codein
codein's
codeins
codependence
codependence's
codependences
colosseum
colosseum's
colosseums
concoctor
concoctor's
concoctors
condemnor
condemnor's
condemnors
connectability
connecter
connecter's
connecters
connectible
consigner
consigner's
consigners
constitutor
constitutor's
constitutors
constructer
constructer's
constructers
conveyer
conveyer's
conveyers
copeck
copeck's
copecks
coppice
coppice's
coppiced
coppices
coppicing
correctible
corruptor
corruptor's
corruptors
corslet
corslet's
corslets
cosied
cosier
cosies
cosiest
cosy
cosy's
cosying
cotillon
cotillon's
cotillons
councillor
councillor's
councillors
counsellor
counsellor's
counsellors
countryfied
courtezan
courtezan's
courtezans
courtsey
cowry
cowry's
crabways
crawdaddies
crawdaddy
crawdaddy's
crawfish
crawfish's
crawfished
crawfishes
crawfishing
crenellate
crenellated
crenellates
crenellating
crewcut
crewcut's
crewcuts
crossways
cryer
crystalize
crystalized
crystalizes
crystalizing
cufflink
cufflink's
cufflinks
cumquat
cumquat's
cumquats
cunnilinctus
cunnilinctus's
cunnilinctuses
curari
curari's
curaris
curlycue
curlycue's
curlycues
curst
curtsey
curtsey's
curtseyed
curtseying
curtseys
curvacious
cyclicly
daishiki
daishiki's
daishikis
damndest
damndest's
damndests
daquiri
databank
databank's
databanks
daydreamt
deadweight
deadweight's
deadweights
debonaire
decolletee
dellies
delly
delly's
demagog
demagog's
demagoged
demagoging
demagogri
demagogris
demagogry
demagogs
dependance
dependance's
dependances
dependancies
dependancy
dependancy's
dependant
dependant's
dependants
depictor
depictor's
depictors
descendent
descendent's
descendents
despatch
despatch's
despatched
despatches
despatching
detectible
devilled
dextrous
dextrously
dextrousness
dialog's
dialoged
dialogged
dialogging
dialoging
dialogs
diarrhoea
diarrhoea's
diarrhoeas
dickie
dickie's
dickys
diecious
dieciously
dikey
dikier
dikiest
discernable
dishevelled
diss
diss's
disses
distil
distils
ditziest
djellabah
djellabah's
djellabahes
djinn
djinn's
djinni
djinni's
djinns
dogey
dogey's
dogeys
dominos
dominos's
donut
donut's
donuts
doofah
doozie
doozie's
doozies
dopy
doubletalk
drachm
drachm's
drachms
dreadnaught
dreadnaught's
dreadnaughts
driveller
driveller's
drivellers
drouth
drouth's
drouthes
drouthiness
drouths
drouthy
druggy's
dryest
dueller
dueller's
duellers
duellist
duellist's
duellists
dulcimore
dulcimore's
dulcimores
dulness
dulness's
dulnesses
dumfound
dumfounded
dumfounding
dumfoundingly
dumfounds
durrie
durrie's
durries
dwarves
edile
edile's
ediles
eery
egis
egis's
egises
emeer
emeer's
emeers
employe
employe's
employes
enameller
enameller's
enamellers
encyclopaedia
encyclopaedia's
encyclopaediac
encyclopaedial
encyclopaedian
encyclopaedias
encyclopaedic
encyclopaedical
encyclopaedically
encyclopaedism
encyclopaedisms
encyclopaedist
encyclopaedists
endwise
engrained
enjambement
enjambement's
enjambements
enquire
enquired
enquires
enquiries
enquiring
enquiry
enquiry's
enrol
enrolment
enrolment's
enrolments
enrols
enthral
enthrals
eon
eon's
eons
epaulette
epaulette's
epaulettes
epilog
epilog's
epilogs
epinephrin
epinephrin's
epinephrins
epithalmion
escaloped
escaloping
escollope
escollope's
escollopes
esthete
esthete's
esthetes
euclidian
exhibiter
exhibiter's
exhibiters
exorcize
exorcized
exorcizes
exorcizing
expandibility
expandible
expeditor
expeditor's
expeditors
extoll
extolls
extraversion
extraversion's
extraversions
extravert
extravert's
extraverted
extraverting
extraverts
eyrie
eyrie's
facia
facia's
faciae
facias
faecal
faeces
faeces's
faery
faery's
faggotings
feaze
feazed
feazes
feazing
felafel
felafel's
felafels
felspar
felspar's
felspars
fetich
fetich's
fetiches
fettuccini
fettuccini's
fiberoptics
filet's
filets
filtrable
fiord
fiord's
fiords
flannelet
flannelet's
fledgeling
fledgeling's
fledgelings
flexitime
flexitime's
flexitimes
floatation
floatation's
floatations
fluidram
fluidram's
fluidrams
flukey
flunkey
flunkey's
flunkeys
flunkie
flunkie's
flyer
flyer's
flyers
fo'c's'le
fo'c's'le's
fo'c's'les
focussed
focussing
foetal
foetus
foetus's
foetuses
fogey
fogey's
fogeys
fohn
fohn's
fohns
followup
followup's
followups
fondu
fondu's
fondus
forbad
forefend
forefended
forefending
forefends
foreswear
foreswearing
foreswears
foreswore
foresworn
frankforter
frankforter's
frankforters
frier
frier's
friers
frijole
frijole's
frijoles
frontrunner
frontrunner's
frontrunners
frowstier
frowstiest
frowsty
fulfil
fulfilment
fulfilment's
fulfilments
fulfils
fulness
fulness's
fulnesses
fuze
fuze's
fuzed
fuzee
fuzee's
fuzees
fuzes
fuzing
gage
gage's
gaged
gages
gaging
galabia
galabia's
galabias
galabiya
galabiya's
galabiyas
ganglier
gangliest
gangly
garote
garote's
garoted
garotes
garoting
gasolene
gasolene's
gasolenes
gasses
gayeties
gayety
gayety's
gayly
geegaw
geegaw's
geegaws
geez
gelatine
gelatine's
gelatines
gelt
gelt's
gelts
gemmologist
gemmologist's
gemmologists
gerbile
gerbille
gerbille's
gerbilles
ghi
ghi's
ghis
gingko
gingko's
gingkoes
gingkos
gip
gipped
gipping
gips
gipsied
gipsies
gipsy
gipsy's
gipsying
gismo
gismo's
gismos
glamourization
glamourize
glamourized
glamourizer
glamourizer's
glamourizers
glamourizes
glamourizing
glamourous
glueing
gobbledegook
gobbledegook's
gobbledegooks
goddammed
goddamming
goitre
goitre's
goitres
gonadotrophic
gonadotrophin
gonadotrophin's
gonadotrophins
gonorrhoea
gonorrhoea's
gonorrhoeas
grandame
grandame's
grandames
grantor
grantor's
grantors
grey
grey's
greyed
greyer
greyest
greying
greyish
greys
groveller
groveller's
grovellers
gruelling
gruelling's
gruellings
gryphon
gryphon's
gryphons
guineafowl
gullable
gulley
gulley's
gulleyed
gulleying
gussie
gybe
gybe's
gybed
gybes
gybing
hadj
hadj's
hadjes
hadji
hadji's
hadjis
hadjs
haemoglobin
haemoglobin's
haemoglobins
haemophilia
haemophilia's
haemophilias
haemorrhage
haemorrhage's
haemorrhaged
haemorrhages
haemorrhaging
haemorrhoids
hah's
hahs
haji
haji's
hajis
halbert
halbert's
halberts
hallal
hallalled
hallalling
hallals
halleluiah
halleluiah's
halleluiahs
halliard
halliard's
halliards
hallo
hallo's
halloed
halloing
hallos
handkerchieves
hansel
hanselled
hanselling
hansels
hardline
harken
harkened
harkening
harkens
hasheesh
hasheesh's
hasheeshes
healthcare
healthcare's
healthcares
hektare
hektare's
hektares
helpmeet
helpmeet's
helpmeets
heterogenous
hiccough's
hifalutin
highfaluting
highjack
highjack's
highjacked
highjacker
highjacker's
highjackers
highjacking
highjacks
highrise
highrise's
highrises
hijinks
hijinks's
hitman
hitman's
hitmen
hoagy
hoagy's
hollo
hollo's
holloing
hollos
holloware
holloware's
hollowares
homogenous
homy
homy's
honied
honkey
honkey's
honkeys
hooka
hooka's
hookas
hookey
hookey's
hookeys
hoorah
hoorah's
hoorahed
hoorahing
hoorahs
hoorayed
hooraying
hotspot
hotspot's
hotspots
hoummos
houmous
houmus's
houmuses
howe'er
humungous
hurray's
hurrayed
hurraying
hurrays
hutzpa
hutzpa's
hutzpah
hutzpah's
hutzpahes
hutzpahs
hutzpas
hyaena
hyaena's
hyaenas
hydrocephalies
hydrocephaly
hydrocephaly's
hypothenuse
hypothenuse's
hypothenuses
idealogies
idealogy
idealogy's
idolator
idolator's
idolators
idyl
idyl's
idyls
ignitible
ignitor
ignitor's
ignitors
ikon
ikon's
ikonic
ikonically
ikons
imbed
imbedded
imbedding
imbedment
imbedments
imbeds
immoveable
immoveable's
immoveables
impellor
impellor's
impellors
incase
incased
incases
incasing
inclose
inclosed
incloses
inclosing
inclosure
inclosure's
inclosures
incrust
incrusted
incrusting
incrusts
incumbrance
incumbrance's
indorse
indorsed
indorsement
indorsement's
indorsements
indorses
indorsing
infold
infolded
infolding
infolds
inhibiter
inhibiter's
inhibiters
insigne
insigne's
insignes
instal
instalment
instalment's
instalments
instals
instil
instils
intercepter
intercepter's
intercepters
interne's
internes
intransigeant
intransigeant's
intransigeants
intreat
intreated
intreating
intreats
intrench
intrenched
intrenches
intrenching
intrenchment
intrenchment's
intrenchments
intrust
intrusted
intrusting
intrustment
intrustments
intrusts
jailor
jailor's
jailors
jehad
jehad's
jehads
jellabah
jessamine
jessamine's
jessamines
jetlag
jetlag's
jetlags
jewelled
jeweller
jeweller's
jewellers
jibb
jibbs
jinnee
jinnee's
jinnis
jiujitsu
jiujitsu's
jiujitsus
joky
judgement
judgement's
judgements
jujutsu
jujutsu's
jujutsus
junto
junto's
juntos
kaftan
kaftan's
kaftans
kaoline
kaoline's
kaolines
kaputt
kashmir
kashmir's
kashmirs
kerchieves
kerosine
kerosine's
kerosines
khalifate
kiddy
kiddy's
kidnaped
kidnaper
kidnaper's
kidnapers
kidnaping
kindergartener
kindergartener's
kindergarteners
kitchenet
kitchenet's
kitchenets
klatsch
klatsch's
klatsches
kleenex
kleenex's
kleenexes
knowledgable
kookie
lacrimal's
lacrimals
laniard
laniard's
laniards
lanoline
lanoline's
lanolines
largesse
largesse's
laundrette
laundrette's
laundrettes
lavalier
lavalier's
lavaliers
leapt
learnt
leastways
leftie
leftie's
lengthways
lenten
lept
leucocyte
leucocyte's
leucocytes
leveller's
levellers
levis
levis's
libeller
libeller's
libellers
libellous
licence
licence's
licenced
licencee
licencee's
licencees
licences
licencing
lichee
lichee's
lichees
lichgate
lichgate's
lichgates
lichi
lichi's
lichis
lifecare
lifecare's
lifecares
likeably
lipide
lipide's
lipides
liquified
liquifier
liquifiers
liquifies
liquify
liquifying
lissom
lissomly
lissomness
lissomnesses
liveable
liveableness
loadstar
loadstar's
loadstars
loadstone
loadstone's
loadstones
locater
locater's
locaters
lodgement
lodgement's
lodgements
longwise
loofa
loofa's
loofas
looney
looney's
looneyier
looneyies
looneys
loth
lother
lothest
louvred
lovaebility
loveable
loveableness
loveably
lowball
lowballed
lowballing
lowballs
lowlives
lubricous
lupin
lupin's
lupins
lustre
lustre's
lustred
lustres
lustring
lustring's
lutecium
lutecium's
luteciums
luvvie
lynchpin
lynchpin's
lynchpins
macintosh
macintosh's
macintoshes
mahjongg
mahjongg's
mahjonggs
maiolica
maiolica's
maiolicas
malarkies
malarky
malarky's
mammas
mandril
mandril's
mandrils
manilla
manilla's
manillas
mannikin
mannikin's
mannikins
mantlepiece
mantlepiece's
mantlepieces
mantram
mantram's
mantrams
marihuana
marihuana's
marihuanas
marlinspike
marlinspike's
marlinspikes
marvellously
matt
mattins
mattins's
matts
matzah
matzah's
matzahs
mavin
mavin's
mavins
mazourka
mazourka's
mazourkas
mediaeval
mediaeval's
mediaevally
mediaevals
menad
menad's
menadic
menads
meou
meoued
meouing
meous
merchandize
merchandized
merchandizes
merchandizing
methadon
methadon's
methadons
miaow
miaow's
miaowed
miaowing
miaows
midsized
miladi
miladi's
miladis
milage
milage's
milages
milieux
millepede
millepede's
millepedes
mina
mina's
minas
minibusses
miniscule
miniscule's
miniscules
mishmosh
mishmosh's
mishmoshes
misjudgement
misjudgement's
misjudgements
missilries
misspelt
mixt
mixup
mixup's
mixups
mizen
mizen's
mizens
mockup
mockup's
mockups
moggie
moggie's
mollie
mollie's
momma
momma's
mommas
monecious
monicker
monicker's
monickers
monied
monolog
monolog's
monologged
monologging
monologs
moolah
moolah's
moolahs
mopy
mortgager
mortgager's
mortgagers
mortice
mortice's
morticed
mortices
morticing
moustache
moustache's
moustaches
moustachio
moustachio's
moustachioed
muckluck
muckluck's
mucklucks
mucluc
mucluc's
muclucs
mujahedeen
mujahedeen's
mullen
mullen's
mullens
multiplexor
multiplexor's
multiplexors
mynahs
nan
nan's
nans
nark's
narked
narking
narks
narwal
narwal's
narwals
narwhale
narwhale's
narwhales
neckerchieves
neglig
neglig's
neglige
neglige's
negliges
negligs
neuronic
nicknack
nicknack's
nicknacks
nonencyclopaedic
nonplused
nonsuch
nonsuch's
nonsuches
nosey
nosey's
noseys
novelle
nurseling
nurseling's
ochre
ochre's
ochred
ochres
ochring
octette
octette's
octettes
odalisk
odalisk's
odalisks
ogrish
olde
oldy
oldy's
olympiad
olympiad's
olympiads
omikron
omikron's
omikrons
onsides
onwards
orangoutan
orangoutang
orangoutang's
orangoutangs
orangutang
orangutang's
orangutangs
orchestrater
orchestrater's
orchestraters
organdie
organdie's
organophosphorous
orgastic
orthopaedic
orthopaedic's
orthopaedics
orthopaedics's
orthopaedist
orthopaedist's
orthopaedists
outmanoeuvre
outmanoeuvred
outmanoeuvres
outmanoeuvring
outsized
overspill
overspill's
overspilled
overspilling
overspills
overspilt
paillasse
paillasse's
paillasses
palankeen
palankeen's
palankeens
panelling
panelling's
panellings
panier
panier's
paniers
pantalettes
pantihose
pappoose
pappoose's
pappooses
paraffine
paraffines
parrakeet
parrakeet's
parrakeets
pattie
pattie's
pease
peased
peases
peasing
pedagog
pedagog's
pedagogs
pediatrist
pediatrist's
pediatrists
pedlar
pedlar's
pedlars
pein
peined
peining
peins
pellmell
pellmell's
pellmells
pemican
pemican's
pemicans
peneplane
peneplane's
peneplanes
penlite
penlite's
penlites
penuchi
penuchi's
penuchis
pernickety
petalled
peyotl
peyotl's
peyotls
phantasied
phantasies
phantasy
phantasy's
phantasying
pharmacopeial
phoney
phoney's
phoneys
phony
phony's
phrenetic's
phrenetics
pickaback
pickaback's
pickabacked
pickabacking
pickabacks
pickaxe
pickaxe's
piggie
piggie's
pigmies
pigmy
pigmy's
pilaff
pilaff's
pilaffs
pilau
pilau's
pilaus
pilaw
pilaw's
pilaws
pilsener
pilsener's
pilseners
pinocles
pipet
pipets
pixy
pixy's
pixyish
pizzaz
pizzaz's
pizzazes
plateaux
plough
plough's
ploughed
ploughing
ploughs
ploughshare
ploughshare's
ploughshares
podgier
podgiest
podgy
pointilliste
pollocks
pompon
pompon's
pompons
ponton
pontoned
pontoning
pontons
poppadum
poppadum's
poppadums
popsicle
popsicle's
popsicles
portalled
portmanteaux
powerplant
practise
practise's
practised
practises
practising
praesidium
praesidium's
praesidiums
precancelled
predacious
premie
premie's
premies
premiss
premiss's
premisses
prenomen
prenomen's
prenomens
pretence
pretence's
pretences
preventible
prevue
prevue's
prevued
prevues
prevuing
pricy
primaeval
princesse
princesse's
processer
processer's
processers
prochoice
programer
programer's
programers
programing's
programings
programme
programmes
prolog
prolog's
prologed
prologing
prologs
propellent
propellent's
propellents
prosopopeia
prosopopeias
prothalmium
protozoon
protozoon's
pryer
pryer's
pryers
puky
pullup
pullup's
pullups
quadriphonic
quadriphonics
quadrophonic's
quahaug
quahaug's
quahaugs
quarreller
quarreller's
quarrellers
quartette
quartette's
quartettes
questor
questor's
questors
racoon
racoon's
racoons
racqueted
racqueting
raincheck
raincheck's
rainchecks
rainforest
rainforest's
rainforests
ramequin
ramequin's
ramequins
rarified
rarifies
rarify
rarifying
rase
rased
rases
rasing
razzamatazz
razzamatazz's
razzamatazzes
readymade
readymade's
readymades
rectilineal
reenforce
reenforceable
reenforced
reenforces
reenforcing
relator
relator's
relators
relearnt
repellant
repellant's
repellants
restauranteur
restauranteur's
restauranteurs
reveller
reveller's
revellers
revery
revery's
revisor
revisor's
revisors
revokable
ricksha
ricksha's
rickshas
ricrac
ricrac's
ricracs
rontgen
rontgen's
rontgens
ropey
roundtable
roundtable's
roundtables
saltpetre
saltpetre's
saltpetres
samaritan
samaritan's
samaritans
sanitorium
sanitorium's
sanitoriums
sarape
sarape's
sarapes
saree
saree's
sarees
sauterne
sauterne's
savannah
savannah's
savannahes
savannahs
saviour
saviour's
saviours
scag
scag's
scagged
scagging
scags
scaloppini
scaloppini's
scaloppinis
schemas
schmalz
schmalz's
schmalzes
schmalzy
schnorkel
schnorkel's
schnorkeled
schnorkeling
schnorkels
schrod
schrod's
schrods
schtick
schtick's
schticks
scimiter
scimiter's
scimiters
scollop
scollop's
scolloped
scolloping
scollops
seborrhoea
seborrhoea's
seborrhoeas
seignorial
selvedged
selvedging
septette
septette's
septettes
sextette
sextette's
sextettes
shaikh
shaikh's
shaikhs
shammy
shammy's
shaykh
shaykh's
shaykhs
sherbert
sherbert's
sherberts
shiatzu
shiatzu's
shiatzus
shillalah
shillalah's
shillalahes
shillalahs
shlemiel
shlemiel's
shlemiels
shlep
shlep's
shlepp
shlepp's
shlepped
shlepping
shlepps
shleps
shlock
shlocks
shlocky
shnook
shnook's
shnooks
shtik
shtik's
shtiks
shwa
shwa's
shwas
sidewise
signaller
signaller's
signallers
silicious
sillabub
sillabub's
sillabubs
silvan's
silvans
sirup
sirup's
siruped
siruping
sirups
situp
situp's
situps
skilful
skullduggeries
slily
smidge
smidge's
smidgeon
smidgeon's
smidgeons
smidges
smidgin
smidgin's
smidgins
so's
sofabed
sofabed's
sofabeds
soh
soh's
sohs
sonofabitch
sos
soubriquet
soubriquet's
soubriquets
sox
soya
soya's
soyas
spacy
spelt
spelt's
spelts
spick
spick's
spicks
spilt
spirochaete
spirochaete's
spirochaetes
spirt
spirt's
spirted
spirting
spirts
spoilt
spumone
spumone's
spumones
stimied
stimies
stimy
stimying
stoney
storey
storey's
storeys
straightjacket
straightjacket's
straightjacketed
straightjacketing
straightjackets
straightlaced
stratums
stript
styed
stymying
sulphur
sulphur's
sulphured
sulphuring
sulphurous
sulphurs
sumach
sumach's
sumaches
sumachs
sunburnt
surprize
surprized
surprizes
surprizing
sweepstake
sweepstake's
swop
swop's
swopped
swopping
swops
synagog
synagog's
synagogs
synch
synch's
synched
synches
synching
synchs
syphon
syphon's
syphoned
syphoning
syphons
tabouli
tabouli's
taboulis
tabour
tabour's
taboured
tabouring
tabours
tabu
tabu's
tabued
tabuing
tabuli
tabuli's
tabulis
tabus
takeable
taxying
teazel
teazel's
teazeled
teazeling
teazelled
teazelling
teazels
teazle
teazle's
teazled
teazles
teazling
teenaged
teensier
teensiest
teensy
teetotaller
teetotaller's
teetotallers
templet
templet's
templets
theatre
theatre's
theatres
thiamin
thiamin's
thiamins
thrustor
thrustor's
thrustors
thyroxin
thyroxin's
thyroxins
tictactoe
tiddledywinks
tike
tike's
tikes
tinselled
tipi
tipi's
tipis
tiro
tiro's
tiros
titbit
titbit's
titbits
toffies
toffy
toffy's
tora
tora's
toras
tories
tormenter
tormenter's
tormenters
tory
tory's
tost
totalisator
totalisator's
totalisators
toteable
towelling
towelling's
towellings
towny
towny's
tradeable
tradeoff
tradeoff's
tradeoffs
tranquillize
tranquillized
tranquillizer
tranquillizer's
tranquillizers
tranquillizes
tranquillizing
transfixt
transgender's
travelled
traveller
traveller's
travellers
tressel
tressel's
tressels
trinitrotoluol
trinitrotoluol's
trinitrotoluols
trollied
trollies
trolly
trolly's
trollying
tsar
tsar's
tsardom
tsardom's
tsardoms
tsarina
tsarina's
tsarinas
tsarism
tsarism's
tsarisms
tsarist
tsars
tunneller
tunneller's
tunnellers
turquois
turquois's
turves
twirp
twirp's
twirps
tzar
tzar's
tzardom
tzardom's
tzardoms
tzarina
tzarina's
tzarinas
tzarism
tzarism's
tzarisms
tzarist
tzarist's
tzarists
tzars
tzetze
tzetze's
tzetzes
ukelele
ukelele's
ukeleles
umiaq
umiaq's
umiaqs
unbiassed
unblest
undersize
unequalled
unfocussed
unmistakeable
unrivalled
unspoilt
untravelled
useabilities
useability
useability's
useable
usurous
varment
varment's
varments
veldt
veldt's
veldts
velours's
vender
vender's
venders
vermillion
vermillion's
vermillions
vitamine
vitamine's
vitamines
vizir
vizir's
vizirs
vizor
vizor's
vizored
vizoring
vizors
wabble
wabbled
wabbles
wabbling
wadeable
waterglass
waterglass's
waterglasses
waxpaper
weathervane
weathervane's
weathervanes
weepie's
weevilly
welch
welched
welches
welching
whackier
whackiest
whacky
whimsey
whimsey's
whimseys
whiney
whirr
whirr's
whirrs
whiz
whiz's
whizbang
whizbang's
whizbangs
whizzgig
whizzkid
whodunnit
whodunnit's
whodunnits
whodunnits's
widthways
wilfully
wilfulnesses
willie
willywaw
willywaw's
willywaws
winterier
winteriest
wintery
wistaria
wistaria's
wistarias
wiz's
wizbang
wizzes
woful
wonton
wonton's
wontons
woolie
woolie's
woolier
woolies
wooliest
wooly
wooly's
worshipper
worshipper's
worshippers
wouldest
wrapt
wysiwyg
yack
yack's
yacked
yacking
yacks
yarmelke
yarmelke's
yarmelkes
ycleped
yeshivah
yeshivah's
yeshivahs
yeshivoth
yock
yock's
yocks
yodeller
yodeller's
yodellers
yoghourt
yoghourt's
yoghourts
yoghurt
yoghurt's
yoghurts
yogin
yogin's
yogins
yuppy
yuppy's
zombi
zombi's
zombis
