Athabaska
Basic
Benares
Biblical
Black
Black's
Blacks
Castile
Castile's
Celebes
Celebes's
Deutschmark
Deutschmark's
Deutschmarks
Devil
Devil's
Dnepr
Dnieper
Druid
Druid's
Druids
Ericson
Ericsson
Euclidean
Fascist
Fascist's
Fascists
Hanukah
Hanukah's
Imam
Imam's
Imams
Joliet
Katmandu
Katmandu's
Krakatau
Krakatau's
Kwangchow
Kwangchow's
Labradorian
Labradorian's
Labradorians
Mammon
Mammon's
Mammons
Meshed
Meshed's
Nature
Nikolayev
Northern
Northern's
Palau
Parsee
Parsee's
Parsees
Parsi
Parsi's
Parsis
Place
Purgatory
Quebecker
Quebecker's
Quebeckers
Red
Red's
Reds
Romantic
Romantic's
Romantics
Rugbies
Rugby
Rugby's
Rumanian
Rumanian's
Rumanians
Sanaa
Sanaa's
Sian
Sian's
Sister
Sister's
Sisters
Southern
Southern's
Southerns
Statehouse
Statehouse's
Statehouses
Stateside
Sukkoth
Sukkoth's
Sukkoths
Surabaja
Tartar
Tartar's
Tartars
Territories
Territory
Territory's
Tientsin
Tientsin's
Veep
Veep's
Veeps
Visakhapatnam
Zeppelin
Zeppelin's
Zeppelins
antichrist
antichrist's
antichrists
aquicultures
ascendances
beaux
bluejay
bluejay's
bluejays
bolshevik
bolshevik's
bolsheviks
breakeven
breakeven's
breakevens
camelhair's
camelhairs
citrous
coverup
coverup's
coverups
diehard
diehard's
diehards
dingdong
dingdong's
dingdonged
dingdonging
dingdongs
djellabahs
dogear
dogear's
dogearing
dogears
dyked
dyking
edgeways
facelift
facelift's
facelifted
facelifting
facelifts
farfetched
flannelettes
flashpoint
flashpoint's
flashpoints
franchisor
franchisor's
franchisors
freakout
freakout's
freakouts
girlier
girlies
girliest
girly's
gooseflesh
gooseflesh's
goosefleshes
hallooed
hotdog
hotdog's
hotdogged
hotdogging
hotdogs
hotline
hotline's
hotlines
inflight
jello
jello's
jellos
junky
junky's
kitbag
kitbag's
kitbags
loveseat
loveseat's
loveseats
molluscan's
molluscans
molluskans
moneygrubber
moneygrubber's
moneygrubbers
moneygrubbing
moneygrubbing's
moneygrubbings
offline
online
onliner
pekinese
pekinese's
plexiglass
plexiglass's
plexiglasses
pushup
pushup's
pushups
putdown
putdown's
putdowns
realtor
realtor's
realtors
sauternes
sauternes's
seigniorial
shammied
shammies
shammying
skinflick
skinflick's
skinflicks
snigger
snigger's
sniggered
sniggering
sniggers
spinoff
spinoff's
spinoffs
standup
standup's
standups
swansdown
swansdown's
swansdowns
taxonomical
torah
torah's
torahs
twinight
twinighter
utopian
utopian's
utopians
waterpower
waterpower's
waterpowers
wizes
