Jnr
Jnr's
Messrs
Mr
Mr's
Mrs
Revd
aerogramme's
aetiologies
airgun's
anapaestic
annexe
annexe's
auld
aulder
auldest
baboo
baboo's
baboos
babu
babu's
babus
banger's
bangers
blether
blether's
blethered
blethering
blethers
bolshies
bolshy's
bonnie's
burked
burking
carburetter
carburetter's
carburetters
carburettor
carburettor's
carburettors
carcase
carcase's
carcases
cashpoint
cashpoint's
cashpoints
channelling's
channellings
chokey
chokey's
chokeys
chokier
chokiest
ciggies
ciggy
ciggy's
cissies
cissy
cissy's
colourless's
cosinesses
cyder
cyder's
cyders
cyphered
cyphering
cyphers
defenceless's
doyley
doyley's
doyleys
furore
furore's
furores
grandaddies
grandaddy
grandaddy's
growbag
hotchpotch
hotchpotch's
hotchpotches
hullo
hullo's
hulloed
hulloing
hullos
humourless's
jewelleries
kinema
kinema's
kinemas
kirk
kirk's
kirked
kirking
kirks
laddy
leant
lergy
letch
letched
letches
letching
linctus
linctus's
linctuses
liquorice
liquorice's
liquorices
loch
loch's
lochs
luv's
luvvie's
meagre's
meagres
metred
metring
moggies
nellie
nellie's
nellies
neurone
neurone's
neurones
odourless's
oecumenical
oesophagus
oesophagus's
paederasty
paederasty's
paediatric's
paedophile's
pater
pater's
paters
paycheque
phenobarbitone
phenobarbitone's
phenobarbitones
philtred
philtring
poncey
poxy
pukha
reflexion
reflexion's
reflexions
shite
shite's
shites
squaddie
squaddie's
squaddies
storeyed
sulphated
sulphating
tantalising's
tenour
tenour's
tenours
travelator
travelator's
travelators
turnround
turnround's
turnrounds
tyred
tyring
unskilful
walla's
willied
willying
winge
wingeing
winges
wowzer
