Athabaska
Basic
Benares
Biblical
Black
Black's
Blacks
Castile
Castile's
Celebes
Celebes's
Deutschmark
Deutschmark's
Deutschmarks
Devil
Devil's
Dnepr
Dnieper
Druid
Druid's
Druids
Ericson
Ericsson
Euclidean
Fascist
Fascist's
Fascists
Grecism
Grecism's
Grecisms
Hanukah
Hanukah's
Honorable
Honorable's
Imam
Imam's
Imams
Joliet
Katmandu
Katmandu's
Krakatau
Krakatau's
Kwangchow
Kwangchow's
Labradorian
Labradorian's
Labradorians
Mammon
Mammon's
Mammons
Mandean
Mandean's
Mandeans
Manicheism
Manicheism's
Manicheisms
Manila
Manila's
Meshed
Meshed's
Moslem
Moslem's
Nature
Nikolayev
Northern
Northern's
OK's
OKed
OKing
OKs
Palau
Parsee
Parsee's
Parsees
Parsi
Parsi's
Parsis
Pekinese
Pekinese's
Place
Purgatory
Quebecker
Quebecker's
Quebeckers
Red
Red's
Reds
Romantic
Romantic's
Romantics
Rugbies
Rugby
Rugby's
Rumanian
Rumanian's
Rumanians
Sanaa
Sanaa's
Sian
Sian's
Sister
Sister's
Sisters
Southern
Southern's
Southerns
Statehouse
Statehouse's
Statehouses
Stateside
Sukkoth
Sukkoth's
Sukkoths
Surabaja
Tartar
Tartar's
Tartars
Territories
Territory
Territory's
Tientsin
Tientsin's
Veep
Veep's
Veeps
Visakhapatnam
Zeppelin
Zeppelin's
Zeppelins
abetter
abetter's
abetters
abettor
abettor's
abettors
abridgment
abridgment's
abridgments
accoutre
accoutred
accoutrement
accoutrement's
accoutrements
accoutres
accoutring
acknowledgement
acknowledgement's
acknowledgements
acknowledgment
acknowledgment's
acknowledgments
adapter
adapter's
adapters
addible
advisor
advisor's
advisors
adz
adz's
aeon
aeon's
aeons
aerogramme
aerogrammes
afterward
ageing
ageing's
ageings
aging
aging's
agings
airgun
airletter
ambiance
ambiance's
ambiances
ambience
ambience's
ambiences
ameba
ameba's
amebae
amebas
amebic
ameboid
amidst
amir
amir's
amirs
among
amphitheater
amphitheater's
amphitheaters
ampoule
ampoule's
ampoules
amuck
amuck's
amucks
analog
analog's
analogs
analytical
analyticalally
analyticaliti
analyticalitis
analyticality
anesthesia
anesthesia's
anesthesias
anesthetic
anesthetic's
anestheticer
anestheticest
anesthetics
anesthetize
anesthetized
anesthetizes
anesthetizing
antichrist
antichrist's
antichrists
aquicultures
arbor
arbor's
arbores
arbors
archeologic
archeological
archeologically
archeologies
archeologist
archeologist's
archeologists
archeology
archeology's
ardor
ardor's
ardors
armor
armor's
armored
armorer
armorer's
armorers
armories
armoring
armors
armory
armory's
ascendances
aureola
aureola's
awol
backwards
baddy
baddy's
bandana
bandana's
bandanas
bandanna
bandanna's
bandannas
bandolier
bandolier's
bandoliers
baptistries
baptistry
baptistry's
barrelled
barrelling
bathyscaph
bathyscaph's
bathyscaphs
battleax
battleax's
beaux
behavior
behavior's
behavioral
behavioraler
behavioralest
behaviorally
behaviorism
behaviorism's
behaviorisms
behaviorist
behaviorist's
behavioristic
behavioristicer
behavioristicest
behavioristics
behaviorists
behaviors
belabor
belabor's
belabored
belaboring
belabors
beveled
beveler
beveler's
bevelers
beveling
bevelings
biassed
biassing
binging
bister
bister's
bisters
blamable
blameable
blowsier
blowsiest
blowsy
blowzier
blowziest
blowzy
blueing
blueing's
bluejay
bluejay's
bluejays
bocce
bocce's
bocci
bocci's
bolshevik
bolshevik's
bolsheviks
bolshy
booboo
booboo's
booboos
bootie
bootie's
borsch
borsch's
bosun
bosun's
bosuns
breakeven
breakeven's
breakevens
briar
briar's
briars
brier
brier's
briers
briquet
briquet's
briquets
buncombe
buncombe's
buncombes
bunko
bunko's
bunkoed
bunkoing
bunkos
burnous
burnous's
burnouses
bused
buses
busing
busing's
busings
cabbie
cabbie's
caesarean
caesarean's
caesareans
caftan
caftan's
caftans
caldron
caldron's
caldrons
camelhair's
camelhairs
camomile
camomile's
camomiles
cancellable
cancellate
cancellated
cancelled
cancelling
candor
candor's
candors
caravansarai
caravansarais
caravanserai
caravanserai's
carney
carney's
carneys
carnie
carnie's
catalogue
catalogue's
catalogued
catalogues
cataloguing
catsup
catsup's
catsups
caviled
caviling
cavilings
celom
celom's
celoms
cenobite
cenobite's
cenobites
cenobitic
cenobitical
center
center's
centered
centering
centering's
centerings
centers
chaperon
chaperon's
chaperone
chaperone's
chaperones
chaperons
chimaera
chimaera's
chimaeras
chiselled
chiseller
chiseller's
chisellers
chiselling
chitlins
chitlins's
chivvied
chivvies
chivvy
chivvying
chocolatey
chocolaty
cicatrix
cicatrix's
citrous
clamor
clamor's
clamored
clamoring
clamors
clangor
clangor's
clangored
clangoring
clangors
clarinettist
clarinettist's
clarinettists
collectabilities
collectability
collectability's
collectable
collectable's
collectables
collectible
collectible's
collectibles
color
color's
colorable
colorable's
colorabler
colorables
colorablest
colorant
colorant's
colorants
colored
colored's
coloreds
colorer
colorer's
colorers
colorful
colorfuler
colorfulest
coloring
coloring's
colorings
colorist
colorist's
colorists
colorless
colorlesser
colorlessest
colorrest
colors
colorway
colorways
coney
coney's
conies
conjuror
conjuror's
conjurors
convenor
convenor's
convenors
convertor
convertor's
convertors
cooky
cooky's
counselor
counselor's
counselors
coverup
coverup's
coverups
crenelate
crenelated
crenelater
crenelates
crenelatest
crenelating
crenelation
crenelation's
crenelations
creneled
creneling
crosier
crosier's
crosiers
crozier
crozier's
croziers
crueler
cruelest
cullender
cullender's
cullenders
cyclopaedia
cyclopaedia's
cyclopaedias
cypher
cypher's
czar
czar's
czars
dearie
dearie's
defense
defense's
defensed
defenses
defensing
demeanor
demeanor's
demeanors
dentine
dentine's
dentines
dependent's
dependents
deshabille
deshabille's
deshabilles
dickies
dicky
dicky's
diehard
diehard's
diehards
dietician
dietician's
dieticians
dike
dike's
dikes
dingdong
dingdong's
dingdonged
dingdonging
dingdongs
diopter
diopter's
diopters
discolor
discolor's
discolored
discolored's
discoloreds
discoloring
discolors
disfavor
disfavor's
disfavored
disfavoring
disfavors
dishonor
dishonor's
dishonorable
dishonorable's
dishonorabler
dishonorables
dishonorablest
dishonored
dishonoring
dishonors
ditsiness
ditsiness's
ditsinesses
ditzier
ditzy
djellabahs
dogear
dogear's
dogearing
dogears
doggie
doggie's
doggoned
doggoneder
doggonedest
doh
doh's
dohs
dolor
dolor's
dolors
downwards
dreamed
drily
dryly
dyked
dyking
edgeways
empanel
empaneled
empaneling
empanelment
empanels
enameled
enameling
enamelings
enamor
enamor's
enamored
enamored's
enamoreds
enamoring
enamors
enroll
enrollment
enrollment's
enrollments
enrolls
enure
enured
enures
enuring
epaulet
epaulet's
epaulets
esophaguses
esthetic
esthetic's
esthetician
esthetician's
estheticians
esthetics
estival
estivate
estivated
estivates
estivating
estivation
estivation's
estivations
extendible
eying
facelift
facelift's
facelifted
facelifting
facelifts
faggoted
faggoting
fagot
fagot's
fagoted
fagoting
fagots
farfetched
favor
favor's
favorable
favorable's
favorabler
favorables
favorablest
favored
favored's
favoreds
favoring
favoring's
favorings
favorite
favorite's
favoriter
favorites
favoritest
favoritism
favoritism's
favoritisms
favors
fervor
fervor's
fervors
flanneled
flannelettes
flanneling
flashpoint
flashpoint's
flashpoints
flavor
flavor's
flavored
flavoring
flavoring's
flavorings
flavors
flier
flier's
fliers
floozie
floozie's
fo'c'sle
fo'c'sle's
fo'c'sles
fogies
fogy
fogy's
fontanelle
fontanelle's
fontanelles
foregather
foregathered
foregathering
foregathers
forgather
forgathered
forgathering
forgathers
formulae
franchisor
franchisor's
franchisors
freakout
freakout's
freakouts
freebee
freebee's
freebees
frowsier
frowsiest
frowsy
fusileer
fusileer's
fusileers
gamey
garotte
garotte's
garotted
garottes
garotting
garrotte
garrotte's
garrotted
garrottes
garrotting
gemmologies
gemmology
gemmology's
gibe
gibe's
gibed
gibes
gibing
ginkgos
girlie
girlier
girlies
girliest
girly's
glamor
glamor's
glamored
glamoring
glamors
glycerine
glycerine's
glycerines
gobbledygook
gobbledygook's
gobbledygooks
goddam
goddam's
goddamed
goddaming
goddams
goodby
goodby's
goodbys
goodie
goodie's
gooseflesh
gooseflesh's
goosefleshes
grandad
grandad's
grandads
grannie
grannie's
gray
gray's
grayed
grayer
grayest
graying
grays
grecism
groveled
groveling
grueled
grueling
grueling's
gruelings
guerilla
guerilla's
guerillas
hah
hairdrier
hairdrier's
hairdriers
hallooed
hankie
hankie's
hanky
hanky's
harbor
harbor's
harbored
harboring
harbors
hippie
hippie's
hippiness
hippiness's
hippinesses
hippy's
hm
homewards
homie
homie's
homies
hominess
hominess's
hominesses
honkie
honkie's
honor
honor's
honorable
honorable's
honorabler
honorables
honorablest
honored
honoring
honors
hooray's
hoorays
hootch
hootch's
hootches
horsy
hotdog
hotdog's
hotdogged
hotdogging
hotdogs
hotline
hotline's
hotlines
humor
humor's
humored
humoring
humors
hurray
huzza
huzza's
huzzaed
huzzaing
huzzas
impanel
impanelment
impanels
imposter
imposter's
imposters
impostor
impostor's
impostors
improvisor
improvisor's
improvisors
indue
indued
indues
induing
inflection
inflection's
inflections
inflight
initialed
initialing
inquire
inquired
inquires
inquiries
inquiring
inquiry
inquiry's
insignias
installment
installment's
installments
instill
instills
institutor
institutor's
institutors
interne
internement
internements
interneship
interneships
inwards
jello
jello's
jellos
jewelry
jewelry's
jinn's
jinns
jinricksha
jinricksha's
jinrickshas
judgemental
judgementaler
judgementalest
judgment
judgment's
judgmental
judgmentaler
judgmentalest
judgments
junketer
junketer's
junketers
junky
junky's
kabob
kabob's
kabobs
kebob
kebob's
kebobs
kidnapee
kidnapee's
kidnapees
kiloliter
kiloliter's
kiloliters
kilometer
kilometer's
kilometers
kitbag
kitbag's
kitbags
knackwurst
knackwurst's
knackwursts
kopek
kopek's
kopeks
labor
labor's
labored
laborer
laborer's
laborers
laboring
laboring's
laborings
labors
lacrimal
lallygag
lallygagged
lallygagging
lallygags
lambast
lambasts
lasagne
lasagne's
lasagnes
learned
leggin
leggin's
leggins
libelous
libelouser
libelousest
likable
likeabilities
likeability
likeability's
likeable
likeableness
likeableness's
likeablenesses
linguini
linguini's
linguinis
lissome
lollypop
lollypop's
lollypops
louver
louver's
louvered
louvers
loveseat
loveseat's
loveseats
lychee
lychee's
lychees
mack
mack's
macks
maharaja
maharaja's
maharajas
maharanee
maharanee's
maharanees
mahjong
mahjong's
mahjongs
maneuver
maneuver's
maneuvered
maneuvering
maneuverings
maneuvers
meager
meagerrer
meagerrest
meow
meow's
meowed
meowing
meows
metaled
metaling
midwived
midwiving
misdemeanor
misdemeanor's
misdemeanors
misjudgment
misjudgment's
misjudgments
missis
missis's
missises
moggy
moggy's
mold
mold's
molded
moldier
moldiest
molding
molding's
moldings
molds
moldy
mollusc
mollusc's
molluscan's
molluscans
molluscs
molluskan
molluskans
moneygrubber
moneygrubber's
moneygrubbers
moneygrubbing
moneygrubbing's
moneygrubbings
monologuist
monologuist's
monologuists
mousey
moveability
moveable
moveable's
moveableness
moveablenesses
moveables
moveably
mujahedin
mujahedin's
mustache
mustache's
mustaches
myna
myna's
mynah
mynah's
mynahes
mynas
nanometer
nanometer's
nanometers
neighbor
neighbor's
neighbored
neighborhood
neighborhood's
neighborhoods
neighboring
neighborings
neighborlier
neighborliest
neighborly
neighbors
nighty
nighty's
nite
nite's
nites
nitroglycerin
nitroglycerin's
nitroglycerine
nitroglycerine's
nitroglycerines
nitroglycerins
nought
nought's
noughts
numbskull
numbskull's
numbskulls
numskull
numskull's
numskulls
ochreous
ochreouser
ochreousest
odor
odor's
odors
offense
offense's
offenses
offline
okayed
omelet
omelet's
omelets
omelette
omelette's
omelettes
onliner
orthopedic
orthopedic's
orthopedicer
orthopedicest
orthopedics
orthopedics's
outmaneuver
outmaneuvered
outmaneuvering
outmaneuvers
oversize
oversized
pajama
pajama's
pajamas
pajamas's
panty
panty's
papaw
papaw's
papaws
parlor
parlor's
parlors
parmigiano
partizan
partizan's
partizans
pedaled
pedaler
pedaler's
pedalers
pedaling
pedologies
pedology
pedology's
pekinese
pekinese's
pharmacopeia
pharmacopeia's
pharmacopeias
phonies
pinky
pinky's
piny
pirozhki
pirozhki's
pizazz
pizazz's
pizazzes
plexiglass
plexiglass's
plexiglasses
plowman
plowman's
plowmen
plowshare
plowshare's
plowshares
pollock
pollock's
pollywog
pollywog's
pollywogs
postillion
postillion's
postillions
practiced
practicing
precancellation
prejudgment
prejudgment's
prejudgments
preppie
preppie's
presidia
preterit
preterit's
preterite
preterite's
preterites
preterits
programed
programing
protestor
protestor's
protestors
pushup
pushup's
pushups
putdown
putdown's
putdowns
raccoons
racquet
racquet's
racquets
raja
raja's
rajas
rani
rani's
ranis
raveling
raveling's
ravelings
realtor
realtor's
realtors
reconnoiter
reconnoiter's
reconnoitered
reconnoitering
reconnoiters
remold
remolded
remolding
remolds
rigamarole
rigamarole's
rigamaroles
rigor
rigor's
rigors
roweled
roweling
rumor
rumor's
rumored
rumoring
rumors
sabre
sabre's
sabred
sabres
sabring
saki
saki's
sakis
saleable
saleabler
saleablest
sauternes
sauternes's
saveable
savior
savior's
saviors
savor
savor's
savored
savorier
savories
savoriest
savoring
savors
savory
savory's
scallywag
scallywag's
scallywags
schlepp
schlepp's
schlepps
schlocky
schmoe
schmoe's
scrunchie
scrunchie's
seigniorial
selvedge
selvedge's
selvedges
shammied
shammies
shammying
sharpy
sharpy's
shat
sheik
sheik's
sheikh
sheikh's
sheikhdom
sheikhdom's
sheikhdoms
sheikhs
sheiks
sherd
sherd's
sherds
shortie
shortie's
shoveler
shoveler's
shovelers
silvan
siree
siree's
sirees
sizable
sizeable
sizeableness
sizeably
skinflick
skinflick's
skinflicks
skullduggery
skullduggery's
slumbrous
slyer
slyest
smolder
smolder's
smoldered
smoldering
smolders
smoothy
smoothy's
smoulder
smoulder's
smouldered
smouldering
smoulders
snigger
snigger's
sniggered
sniggering
sniggers
snorkeled
snorkeling
softie
softie's
sombre
sombrely
sombreness
sombreness's
sombrenesses
sombrer
sombrest
spelled
spilled
spinoff
spinoff's
spinoffs
spiraea
spiraea's
spiraeas
spiraled
spiraling
splendor
splendor's
splendors
spoiled
squirreled
squirreling
stagey
standup
standup's
standups
stockinet
stockinet's
stockinets
stogy
stogy's
stye
stye's
styes
sulfate
sulfate's
sulfates
sulfide
sulfide's
sulfides
sulfur
sulfur's
sulfured
sulfuric
sulfuring
sulfurous
sulfurs
swansdown
swansdown's
swansdowns
sweepstakes
sweepstakes's
sweetbriar
sweetbriar's
sweetbriars
symmetricly
symmetricness
symmetricnesses
tambura
tambura's
tamburas
tameable
taxonomical
teaselled
teaseller
teaseller's
teasellers
teaselling
teaselling's
teasellings
teepee
teepee's
teepees
tempi
tendonitis
tendonitis's
tendonitises
theater
theater's
theaters
thermaesthesia
thermaesthesia's
thraldom
thraldom's
thraldoms
thralldom
thralldom's
thralldoms
throughway
throughway's
throughways
thru
thruway
thruway's
thruways
tinseled
tinseling
titer
titer's
titers
tittivate
tittivated
tittivates
tittivating
tittivation
tittivation's
tittivations
topi's
topis
torah
torah's
torahs
trammeled
trammeling
tranquilities
tranquility
tranquility's
tranquillities
tranquillity
tranquillity's
transgendered
travelog
travelog's
travelogs
tumbrel
tumbrel's
tumbrels
tumbril
tumbril's
tumbrils
tumor
tumor's
tumors
twinight
twinighter
unbeknown
unbeknownst
uncancelled
uncancelledder
uncancelleddest
uncolored
uncoloredder
uncoloreddest
uncoloreds
undreamt
unfavorable
unfavorable's
unfavorabler
unfavorables
unfavorablest
unflavored
unflavoredder
unflavoreddest
unlearned
unpracticed
unpracticedder
unpracticeddest
unsavorier
unsavories
unsavoriest
unsavory
unsavory's
unshakable
unshakeable
upwards
utopian
utopian's
utopians
valor
valor's
valors
vapor
vapor's
vapored
vaporing
vaporing's
vaporings
vapors
vaporware
varicolored
varicolored's
varicoloredder
varicoloreddest
varicoloreds
verandah
verandah's
verandahs
vigor
vigor's
vigors
virtuosos
wainscoted
wainscoting
wainscoting's
wainscotings
wainscotted
wainscotting
wainscotting's
wainscottings
warmup
warmup's
warmups
watercolor
watercolor's
watercolored
watercoloring
watercolors
waterpower
waterpower's
waterpowers
whir
whir's
whirs
whiskey
whiskey's
whiskeys
whiskies
whisky
whisky's
whizz
whizz's
widgeon
widgeon's
widgeons
wigeons
wilful
wilfuler
wilfulest
wilfulness
wilfulness's
willful
willfuler
willfulest
wizes
wonning
wonning's
wonnings
woolen
woolen's
woolenner
woolennest
woolens
yeshivot
yodeled
yodeler
yodeler's
yodelers
yodeling
yogurt
yogurt's
yogurts
yuck's
yucked
yucking
yucks
