Ardèche
Ariège
Armentières
Asunción
Atatürk
Aufklärung
Ausländer
Bartók
Besançon
Blériot
Bogotá
Bokmål
BouchesduRhône
Boötes
Brücke
Brünnhilde
Buñuel
Bände
Béziers
Böhm
Caballé
Chambéry
ChampsElysées
ChrétiendeTroyes
ComédieFrançaise
Comédiehumaine
Concepción
Corbières
Corrèze
Coué
Couéism
Couéist
Couéists
Cévennes
Côted'Azur
Côted'Ivoire
Côted'Or
CôtesduNord
Danaë
DerFreischütz
DeuxSèvres
DeuxièmeBureau
DieWalküre
DieschöneMüllerin
Dieudéfendledroit
Dohnányi
Doráti
Doré
Duruflé
Dvorák
Dáil
DáilEireann
Déjeunersurl'herbe
Dönitz
Dürer
Düsseldorf
ElNiño
Elysée
ElyséePalace
España
Esterházy
Fabergé
Fauré
FiannaFáil
Finistère
Floréal
FoliesBergère
Furtwängler
Félibre
Félibrige
Führer
Führers
GardaSíochána
Gasthäuse
Gasthöfe
Gaudí
GeigerMüllercounter
GeigerMüllercounters
Gemütlichkeit
Genève
Gewürztraminer
Geëz
Gruyère
Gräfin
Grünewald
GuillainBarrésyndrome
Górecki
Gödel
Gödel'stheorem
Göteborg
Götterdämmerung
Göttingen
Günz
Günzian
Hallé
HauteSaône
HautesPyrénées
Heldentenöre
Hergé
Héloise
Hérault
Hölderlin
Iamdeterminèdtoproveavillain
Ibearacharmèdlife
Iráklion
Isère
Kitzbühel
Kuoyü
Köchel
Köchelnumber
Köln
Königsberg
L'Enfantetlessortilèges
LaBohème
LaTène
Landsmål
Linköping
Lozère
Lumière
Légiond'Honneur
Lésvo
Lübeck
Lüneburg
MacLiammóir
MaidofOrléans
Mallarmé
Malmö
Manáos
Miniéball
Mjöllnir
Mjölnir
Mudéjar
Mudéjares
Mávlast
Märchen
Médoc
Möbius
Möbiusstrip
Möbiusstrips
MönchenGladbach
Mössbauereffect
München
MünchenGladbach
Münchhausen
Münchhausens
Nausicaä
Netcafé
Netcafés
Neuchâtel
Neufchâtel
Nivôse
Nièvre
Norrköping
Nürnberg
Osnabrück
Paraná
Paranápine
Parnassós
Parárubber
Pathé
Pathétique
Peenemünde
Poincaré
Pokémon
Pontl'Évêque
Provençal
Provençale
Préludeàl'aprèsmidid'unfaune
PuydeDôme
PyrénéesOrientales
PèreDavid'sdeer
Périgord
Périgordpie
Périgueux
Pétain
Pôrto
Québecois
Ragnarök
Rest,rest,perturbèdspirit!
Riksmål
RubáiyátofOmarKhayyám
Réaumur
Saarbrücken
SaintÉtienne
Salammbô
SaorstátEireann
Saône
SaôneetLoire
Schrödinger
Schrödingerequation
Schönberg
Schütz
Señor
Señora
Señoras
Señores
Señorita
Señoritas
Señors
Spätlese
StÉtienne
Suppé
SystèmeInternationald'Unités
SãoPaulo
Sèvres
Sémillon
Söderström
Sûreté
TalleyrandPérigord
Tannhäuser
TheCourtshipoftheYonghyBonghyBò
TheFightingTéméraire
Thessaloníki
TrainàGrandeVitesse
Tromsø
Tübingen
Valéry
Velásquez
Velázquez
Vendémiaire
Vendôme
VerklärteNacht
Volapük
Volapükist
Volapükists
Völkerwanderung
WienerWerkstätte
Würm
Würmian
Würzburg
Zöllner
Zöllner'sillusion
Zöllner'slines
Zöllner'spattern
Zürich
abbé
abbés
abrégé
accablé
acharné
actualité
actualités
adiós
affronté
affrontée
agaçant
agaçante
agrégation
agrégations
agrégé
agrégés
agrémens
agrément
agréments
aidemémoire
aidesmémoire
alcaicería
alcaicerías
alcázar
alcázars
alfaquí
alférez
alférezes
allée
allées
ancienrégime
anciensrégimes
aperçu
aperçus
appellationcontrôlée
appellationd'originecontrôlée
appliqué
appliquéd
appliquéing
appliqués
après
aprèscoup
aprèsgoût
aprèsmoiledéluge
aprèsnousledéluge
aprèsski
arrièreban
arrièrepensée
arrièrepensées
arriéré
arrêt
arrêts
arête
arêtes
attaché
attachécase
attachécases
attachés
augrandsérieux
ausérieux
autodafé
autosdafé
aîné
aînée
aïoli
bastnäsite
bayadère
bayadères
beautédudiable
bellemère
bellemères
bergère
bergères
beurremanié
bienséance
bienséances
blasé
bleuâtre
bodhrán
bodhráns
bonbonnière
bonbonnières
bonchrétien
bongré,malgré
botoné
bouchée
bouchées
bouclé
bouclés
bouquetière
bouquetières
bourrée
bourrées
boutonnière
boutonnières
boutonné
boutonnée
boutsrimés
breveté
brisé
brisés
brisésvolés
brisévolé
broché
brochés
brûlé
béarnaise
béarnaises
béarnaisesauce
bécasse
bécasses
bénitier
bénitiers
béton
bétons
bêchedemer
bêchesdemer
bêtenoire
bêtesnoires
bêtise
bêtises
c'estàdire
cabré
café
caféaulait
caféaulaits
caféchantant
caféconcert
cafénoir
cafés
cafésociety
camaïeu
camaïeux
cameorôle
cameorôles
canapé
canapés
carême
catalogueraisonné
causecélèbre
causescélèbres
cañada
cañadas
cendré
ceòlmór
chacunàsongoût
chambré
champlevé
champlevés
chargéd'affaires
chargésd'affaires
chassecafé
chassecafés
chassé
chassécroisé
chassécroisés
chassés
chaudmellé
chaîné
chesaràsarà
château
châteaubottled
châteaux
châtelain
châtelaine
châtelaines
châtelains
chèvre
chéchia
chéchias
cigît
cinécamera
cinécameras
cinémavérité
cinéprojector
cinéprojectors
cinévérité
ciré
cirés
cleché
cliché
clichéd
clichéed
clichés
clientèle
clientèles
cloisonné
cloqué
commeci,commeça
commère
commères
componé
compère
compèred
compères
compèring
concertstück
concoursd'élégance
confronté
confrère
confrères
confrérie
confréries
conférencier
conférenciers
congé
congéd
congéing
consommé
consommés
contrôlé
contrôlée
cornetsàpistons
cornetàpiston
cornetàpistons
corpsd'élite
corsetière
corsetières
cortège
cortèges
corvée
corvées
cosìfantutte
couché
coudé
coulée
coulées
coupd'état
coupdegrâce
coupdemaître
coupdethéâtre
coupsd'état
coupsdegrâce
coupsdethéâtre
couturière
couturières
criblé
criblée
croûte
croûtes
croûton
croûtons
crudités
crèche
crèches
crèmebrûlée
crèmecaramel
crèmedecacao
crèmedelacrème
crèmedementhe
crèmefraîche
crèvecoeur
crémaillère
crémaillères
crêpedeChine
crêpepaper
crêperubber
crêpesole
crêpesoled
crêpesoles
crêpessuzettes
crêpesuzette
csárdás
csárdáses
curaçao
curaçaos
curaçoa
curaçoas
cuvée
cuvées
cybercafé
cybercafés
córdoba
córdobas
côtelette
côtelettes
dankeschön
demicaractère
derrière
derrières
derègle
diamanté
diamantés
distingué
distinguée
divorcée
divorcées
dièdre
dièdres
donné
donnée
données
donnés
doppelgänger
doppelgängers
dosàdos
dragonné
dragée
dragées
dropheadcoupé
dropheadcoupés
drôle
drôles
duPré
débouché
débride
débrided
débridement
débrides
débriding
débutant
débutante
débutantes
débutants
déchéance
décime
décimes
déclassé
déclassée
déclassées
déclassés
décolletage
décolletages
décolleté
dégagé
dégoût
dégringolade
dégringolades
dégringoler
dégringolered
dégringolering
dégringolers
déjeuner
déjeuners
déjeuneràlafourchette
déjàvu
délassement
démarche
démarches
démenti
démentis
démodé
département
départements
dépêche
déraciné
dérailleur
dérailleurgear
dérailleurgears
dérailleurs
désagrément
déshabillé
déshabillés
désobligeante
désobligeantes
désoeuvré
désorienté
détente
détenu
détenue
détenues
détenus
détraqué
détraquée
détraquées
détraqués
dévot
dévots
emboîtement
emboîtementtheory
embusqué
embusqués
enarrière
enfantgâté
enfantgâtée
enfanttrouvé
enfête
engarçon
engoûment
engoûments
enlevé
ennuyé
enrègle
entraînement
entrecôte
entrecôtes
entrée
entréedish
entréedishes
entrées
entêté
entêtée
escalierdérobé
espiègle
espièglerie
fainéance
fainéant
fainéantise
fainéants
fauxnaïf
façondeparler
façonné
façonnés
faïence
faïences
ferronière
ferronières
ferronnière
ferronnières
feuilleté
fiancé
fiancée
fiancées
fiancés
fiançailles
findesiècle
fitché
fitchée
flambé
flambéed
flânerie
flâneur
flâneurs
flèche
flèches
flûtesàbec
flûteàbec
folieàdeux
forçat
forçats
fouetté
foulé
frappé
frappée
fraîcheur
frisée
fräulein
fräuleins
frère
frères
funèbre
fête
fêtechampêtre
fêtegalante
fêtes
fêteschampêtres
fêtesgalantes
föhn
föhns
galère
galères
gapó
gapós
garçon
garçons
gefülltefish
gemütlich
genouillère
genouillères
gensd'église
glacé
glacéed
glacéing
glacés
glühwein
gougère
grandeécole
grandsiècle
gratiné
gratinée
grossièreté
grège
guaraná
guaranás
guerreàoutrance
guéridon
guéridons
guérite
guérites
göthite
habitué
habitués
hastamañana
hauteécole
haüyne
hälleflinta
hérissé
hôtelDieu
hôteldeville
hôtelsDieu
hôtelsdeville
idée
idéefixe
idéereçue
idéesfixes
idéesreçues
igapó
igapós
igarapé
igarapés
ingénu
ingénue
ingénues
jalapeño
jalapeñopepper
jalapeños
jardinière
jardinières
jeté
jetés
jeunessedorée
jourdefête
jäger
jägers
kindergärtner
kindergärtners
króna
krónur
kümmel
kümmels
ladonnaèmobile
lavallière
lavallières
liberté,égalité,fraternité
limaçon
limaçons
littérateur
littérateurs
lycée
lycées
ländler
ländlers
lèsemajesté
macramé
macramés
macédoine
macédoines
madroña
madroñas
madroño
madroños
malagueña
malagueñas
malgré
malgrélui
malgrémoi
malgrétout
malsoigné
manqué
manège
manèged
manèges
manèging
marinière
marronglacé
marronsglacés
massé
matinée
matinéecoat
matinéecoats
matinéeidol
matinéeidols
matinéejacket
matinéejackets
matinées
matériel
matériels
maîtred'hôtel
maîtresd'hôtel
mañana
mentonnière
mentonnières
meunière
millième
millièmes
miseenscène
miseenscènes
misère
misères
moiréeffect
moirépattern
monstresacré
montdepiété
montsdepiété
mouillé
mousmé
mousmés
mouvementé
musiqueconcrète
ménagesàtrois
ménageàtrois
mésalliance
mésalliances
métairie
métairies
métayage
métayer
métayers
métier
métiers
métisse
métisses
mêlée
mêlées
naiveté
naivetés
negligé
negligés
norteña
norteñas
norteño
norteños
nuéeardente
nécessaire
nécessaires
née
négociant
négociants
névé
objetstrouvés
objettrouvé
olé
opéracomique
outré
ouvrière
ouvrières
papiercollé
papiermâché
pasdebourrée
passé
passée
pattée
pensée
pensées
petitdéjeuner
petitmaître
petitsmaîtres
picoté
piedsàterre
piedàterre
pietà
pietàs
piraña
pirañas
pisé
pièced'occasion
piècederésistance
piècesd'occasion
piècesderésistance
piña
piñacloth
piñata
piñatas
piñon
piñons
più
piùmosso
plissé
plié
plusçachange,plusc'estlamêmechose
podestà
podestàs
pointillé
pommelé
portecochère
portecochères
portière
portières
poussecafé
poussecafés
premièredanseuse
premièresdanseuses
procèsverbal
procèsverbaux
protégé
protégée
protégées
protégés
précieuse
précieuses
précis
précised
précising
prêtàporter
pâtédefoiegras
pâtésdefoiegras
père
pères
pébrine
pétanque
pétillant
pétroleur
pétroleurs
pétroleuse
pétroleuses
quandmême
quiénsabe?
raisond'état
raisond'être
raisonné
raisonsd'état
raisonsd'être
recherché
rejón
relâche
remanié
remaniés
repoussé
repoussés
retroussé
revenonsànosmoutons
risqué
rivière
rivières
rochemoutonnée
rochesmoutonnées
romansàclef
romanàclef
roué
roués
réchauffé
réchauffés
récit
récits
réclame
récollet
régie
régisseur
régisseurs
répondezs'ilvousplait
répétiteur
répétiteurs
réseau
réseaus
réseaux
rêveur
rêveurs
rêveuse
rêveuses
röntgen
röntgenisation
röntgenise
röntgenised
röntgenises
röntgenising
röntgenization
röntgenize
röntgenized
röntgenizes
röntgenizing
röntgenogram
röntgenograms
röntgenography
röntgenology
röntgenoscopy
röntgenotherapy
röntgens
s'ilvousplaît
saladeniçoise
sanscérémonie
sansgêne
sauté
sautéed
sautéeing
sautéing
sautés
schläger
schlägers
schwärmerei
schwärmerisch
scèneàfaire
semé
semée
seméed
skikjöring
slàinte
smörgåsbord
smörgåsbords
smørbrød
smørbrøds
smørrebrød
smørrebrøds
sociétéanonyme
soigné
soignée
soirée
soirées
solfège
solfèges
sonetlumière
soufflé
soufflés
soupçon
soupçons
sprachgefühl
succès
succèsd'estime
succèsdescandale
succèsfou
succèsfous
sucurujú
sucurujús
séance
séances
tabled'hôte
tablesd'hôte
televérité
tenné
thegnomesofZürich
thédansant
thésdansants
tiersétat
timbó
timbós
torchière
torchières
torchère
torchères
touché
toutdemême
toutàfait
toutàvous
transportcafé
transportcafés
trouvère
trouvères
très
tuyère
tuyères
téléférique
téléfériques
téléphérique
téléphériques
tête
têtebêche
têtesàtêtes
têteàtête
têteàtêtes
urdé
vairé
vargueño
vargueños
velouté
veloutés
ventreàterre
versdesociété
vicuña
vicuñas
vinrosé
visàvis
viséed
vivandière
vivandières
viveladifférence
voilà
voilàtout
voixcéleste
véronique
völuspa
völuspas
yerbadematé
yerbamaté
Àlarecherchedutempsperdu
Ångström
Ångströms
Ångströmunit
Ångströmunits
ÎledeFrance
Österreich
Übermensch
Übermenschen
àbientôt
àbonmarché
àbrasouverts
àcheval
àcompte
àcoupsûr
àdeux
àdeuxmains
àdroite
àgauche
àgogo
àgrandsfrais
àhuisclos
àl'abandon
àl'improviste
àlabelleétoile
àlabonneheure
àlacarte
àlaking
àlamaîtred'hôtel
àlapage
àmainarmée
àmerveille
àoutrance
àpeuprès
àpoint
àproposdebottes
àproposderien
àravir
àrebours
àtortetàtravers
àtâtons
àvotresanté
åsar
ébauche
éboulement
éboulements
ébrillade
ébrillades
ébéniste
ébénistes
écarté
écartés
échappé
échappés
éclair
éclaircissement
éclairs
éclat
éclats
écorché
écorchés
écossaise
écossaises
écraseur
écraseurs
écritoire
écritoires
écuelle
écuelles
écurie
écuries
égarement
élan
élanvital
éloge
éloges
émeute
émeutes
émigré
émigrés
éminencegrise
éminencesgrises
éolienne
épatant
éperdu
éperdue
éperdumentamoureuse
éperdumentamoureux
épicier
épiciers
épris
éprise
éprouvette
éprouvettes
épuisé
épuisée
épée
épées
équipe
équipes
étage
étages
étagère
étagères
étalage
étalages
étape
étapes
état
étoile
étoiles
étourderie
étourdi
étourdie
étrangèr
étrangère
étrangères
étrangèrs
étrennes
étrenness
étrier
étriers
étude
études
étui
étuis
évolué
évolués
événement
événements
