Ardeche
Ariege
Armentieres
Asuncion
Ataturk
Aufklarung
Auslander
Bartok
Besancon
Bleriot
Bogota
Bokmal
BouchesduRhone
Bootes
Brucke
Brunnhilde
Bunuel
Bande
Beziers
Bohm
Caballe
Chambery
ChampsElysees
ChretiendeTroyes
ComedieFrancaise
Comediehumaine
Concepcion
Corbieres
Correze
Coue
Coueism
Coueist
Coueists
Cevennes
Coted'Azur
Coted'Ivoire
Coted'Or
CotesduNord
Danae
DerFreischutz
DeuxSevres
DeuxiemeBureau
DieWalkure
DieschoneMullerin
Dieudefendledroit
Dohnanyi
Dorati
Dore
Durufle
Dvorak
Dail
DailEireann
Dejeunersurl'herbe
Donitz
Durer
Dusseldorf
ElNino
Elysee
ElyseePalace
Espana
Esterhazy
Faberge
Faure
FiannaFail
Finistere
Floreal
FoliesBergere
Furtwangler
Felibre
Felibrige
Fuhrer
Fuhrers
GardaSiochana
Gasthause
Gasthofe
Gaudi
GeigerMullercounter
GeigerMullercounters
Gemutlichkeit
Geneve
Gewurztraminer
Geez
Gruyere
Grafin
Grunewald
GuillainBarresyndrome
Gorecki
Godel
Godel'stheorem
Goteborg
Gotterdammerung
Gottingen
Gunz
Gunzian
Halle
HauteSaone
HautesPyrenees
Heldentenore
Herge
Heloise
Herault
Holderlin
Iamdeterminedtoproveavillain
Ibearacharmedlife
Iraklion
Isere
Kitzbuhel
Kuoyu
Kochel
Kochelnumber
Koln
Konigsberg
L'Enfantetlessortileges
LaBoheme
LaTene
Landsmal
Linkoping
Lozere
Lumiere
Legiond'Honneur
Lesvo
Lubeck
Luneburg
MacLiammoir
MaidofOrleans
Mallarme
Malmo
Manaos
Minieball
Mjollnir
Mjolnir
Mudejar
Mudejares
Mavlast
Marchen
Medoc
Mobius
Mobiusstrip
Mobiusstrips
MonchenGladbach
Mossbauereffect
Munchen
MunchenGladbach
Munchhausen
Munchhausens
Nausicaa
Netcafe
Netcafes
Neuchatel
Neufchatel
Nivose
Nievre
Norrkoping
Nurnberg
Osnabruck
Parana
Paranapine
Parnassos
Pararubber
Pathe
Pathetique
Peenemunde
Poincare
Pokemon
Pontl'Eveque
Provencal
Provencale
Preludeal'apresmidid'unfaune
PuydeDome
PyreneesOrientales
PereDavid'sdeer
Perigord
Perigordpie
Perigueux
Petain
Porto
Quebecois
Ragnarok
Rest,rest,perturbedspirit!
Riksmal
RubaiyatofOmarKhayyam
Reaumur
Saarbrucken
SaintEtienne
Salammbo
SaorstatEireann
Saone
SaoneetLoire
Schrodinger
Schrodingerequation
Schonberg
Schutz
Senor
Senora
Senoras
Senores
Senorita
Senoritas
Senors
Spatlese
StEtienne
Suppe
SystemeInternationald'Unites
SaoPaulo
Sevres
Semillon
Soderstrom
Surete
TalleyrandPerigord
Tannhauser
TheCourtshipoftheYonghyBonghyBo
TheFightingTemeraire
Thessaloniki
TrainaGrandeVitesse
Tromso
Tubingen
Valery
Velasquez
Velazquez
Vendemiaire
Vendome
VerklarteNacht
Volapuk
Volapukist
Volapukists
Volkerwanderung
WienerWerkstatte
Wurm
Wurmian
Wurzburg
Zollner
Zollner'sillusion
Zollner'slines
Zollner'spattern
Zurich
abbe
abbes
abrege
accable
acharne
actualite
actualites
adios
affronte
affrontee
agacant
agacante
agregation
agregations
agrege
agreges
agremens
agrement
agrements
aidememoire
aidesmemoire
alcaiceria
alcaicerias
alcazar
alcazars
alfaqui
alferez
alferezes
allee
allees
ancienregime
anciensregimes
apercu
apercus
appellationcontrolee
appellationd'originecontrolee
applique
appliqued
appliqueing
appliques
apres
aprescoup
apresgout
apresmoiledeluge
apresnousledeluge
apresski
arriereban
arrierepensee
arrierepensees
arriere
arret
arrets
arete
aretes
attache
attachecase
attachecases
attaches
augrandserieux
auserieux
autodafe
autosdafe
aine
ainee
aioli
bastnasite
bayadere
bayaderes
beautedudiable
bellemere
bellemeres
bergere
bergeres
beurremanie
bienseance
bienseances
blase
bleuatre
bodhran
bodhrans
bonbonniere
bonbonnieres
bonchretien
bongre,malgre
botone
bouchee
bouchees
boucle
boucles
bouquetiere
bouquetieres
bourree
bourrees
boutonniere
boutonnieres
boutonne
boutonnee
boutsrimes
brevete
brise
brises
brisesvoles
brisevole
broche
broches
brule
bearnaise
bearnaises
bearnaisesauce
becasse
becasses
benitier
benitiers
beton
betons
bechedemer
bechesdemer
betenoire
betesnoires
betise
betises
c'estadire
cabre
cafe
cafeaulait
cafeaulaits
cafechantant
cafeconcert
cafenoir
cafes
cafesociety
camaieu
camaieux
cameorole
cameoroles
canape
canapes
careme
catalogueraisonne
causecelebre
causescelebres
canada
canadas
cendre
ceolmor
chacunasongout
chambre
champleve
champleves
charged'affaires
chargesd'affaires
chassecafe
chassecafes
chasse
chassecroise
chassecroises
chasses
chaudmelle
chaine
chesarasara
chateau
chateaubottled
chateaux
chatelain
chatelaine
chatelaines
chatelains
chevre
chechia
chechias
cigit
cinecamera
cinecameras
cinemaverite
cineprojector
cineprojectors
cineverite
cire
cires
cleche
cliche
cliched
clicheed
cliches
clientele
clienteles
cloisonne
cloque
commeci,commeca
commere
commeres
compone
compere
compered
comperes
compering
concertstuck
concoursd'elegance
confronte
confrere
confreres
confrerie
confreries
conferencier
conferenciers
conge
conged
congeing
consomme
consommes
controle
controlee
cornetsapistons
cornetapiston
cornetapistons
corpsd'elite
corsetiere
corsetieres
cortege
corteges
corvee
corvees
cosifantutte
couche
coude
coulee
coulees
coupd'etat
coupdegrace
coupdemaitre
coupdetheatre
coupsd'etat
coupsdegrace
coupsdetheatre
couturiere
couturieres
crible
criblee
croute
croutes
crouton
croutons
crudites
creche
creches
cremebrulee
cremecaramel
cremedecacao
cremedelacreme
cremedementhe
cremefraiche
crevecoeur
cremaillere
cremailleres
crepedeChine
crepepaper
creperubber
crepesole
crepesoled
crepesoles
crepessuzettes
crepesuzette
csardas
csardases
curacao
curacaos
curacoa
curacoas
cuvee
cuvees
cybercafe
cybercafes
cordoba
cordobas
cotelette
cotelettes
dankeschon
demicaractere
derriere
derrieres
deregle
diamante
diamantes
distingue
distinguee
divorcee
divorcees
diedre
diedres
donne
donnee
donnees
donnes
doppelganger
doppelgangers
dosados
dragonne
dragee
dragees
dropheadcoupe
dropheadcoupes
drole
droles
duPre
debouche
debride
debrided
debridement
debrides
debriding
debutant
debutante
debutantes
debutants
decheance
decime
decimes
declasse
declassee
declassees
declasses
decolletage
decolletages
decollete
degage
degout
degringolade
degringolades
degringoler
degringolered
degringolering
degringolers
dejeuner
dejeuners
dejeuneralafourchette
dejavu
delassement
demarche
demarches
dementi
dementis
demode
departement
departements
depeche
deracine
derailleur
derailleurgear
derailleurgears
derailleurs
desagrement
deshabille
deshabilles
desobligeante
desobligeantes
desoeuvre
desoriente
detente
detenu
detenue
detenues
detenus
detraque
detraquee
detraquees
detraques
devot
devots
emboitement
emboitementtheory
embusque
embusques
enarriere
enfantgate
enfantgatee
enfanttrouve
enfete
engarcon
engoument
engouments
enleve
ennuye
enregle
entrainement
entrecote
entrecotes
entree
entreedish
entreedishes
entrees
entete
entetee
escalierderobe
espiegle
espieglerie
faineance
faineant
faineantise
faineants
fauxnaif
facondeparler
faconne
faconnes
faience
faiences
ferroniere
ferronieres
ferronniere
ferronnieres
feuillete
fiance
fiancee
fiancees
fiances
fiancailles
findesiecle
fitche
fitchee
flambe
flambeed
flanerie
flaneur
flaneurs
fleche
fleches
flutesabec
fluteabec
folieadeux
forcat
forcats
fouette
foule
frappe
frappee
fraicheur
frisee
fraulein
frauleins
frere
freres
funebre
fete
fetechampetre
fetegalante
fetes
feteschampetres
fetesgalantes
fohn
fohns
galere
galeres
gapo
gapos
garcon
garcons
gefulltefish
gemutlich
genouillere
genouilleres
gensd'eglise
glace
glaceed
glaceing
glaces
gluhwein
gougere
grandeecole
grandsiecle
gratine
gratinee
grossierete
grege
guarana
guaranas
guerreaoutrance
gueridon
gueridons
guerite
guerites
gothite
habitue
habitues
hastamanana
hauteecole
hauyne
halleflinta
herisse
hotelDieu
hoteldeville
hotelsDieu
hotelsdeville
idee
ideefixe
ideerecue
ideesfixes
ideesrecues
igapo
igapos
igarape
igarapes
ingenu
ingenue
ingenues
jalapeno
jalapenopepper
jalapenos
jardiniere
jardinieres
jete
jetes
jeunessedoree
jourdefete
jager
jagers
kindergartner
kindergartners
krona
kronur
kummel
kummels
ladonnaemobile
lavalliere
lavallieres
liberte,egalite,fraternite
limacon
limacons
litterateur
litterateurs
lycee
lycees
landler
landlers
lesemajeste
macrame
macrames
macedoine
macedoines
madrona
madronas
madrono
madronos
malaguena
malaguenas
malgre
malgrelui
malgremoi
malgretout
malsoigne
manque
manege
maneged
maneges
maneging
mariniere
marronglace
marronsglaces
masse
matinee
matineecoat
matineecoats
matineeidol
matineeidols
matineejacket
matineejackets
matinees
materiel
materiels
maitred'hotel
maitresd'hotel
manana
mentonniere
mentonnieres
meuniere
millieme
milliemes
miseenscene
miseenscenes
misere
miseres
moireeffect
moirepattern
monstresacre
montdepiete
montsdepiete
mouille
mousme
mousmes
mouvemente
musiqueconcrete
menagesatrois
menageatrois
mesalliance
mesalliances
metairie
metairies
metayage
metayer
metayers
metier
metiers
metisse
metisses
melee
melees
naivete
naivetes
neglige
negliges
nortena
nortenas
norteno
nortenos
nueeardente
necessaire
necessaires
nee
negociant
negociants
neve
objetstrouves
objettrouve
ole
operacomique
outre
ouvriere
ouvrieres
papiercolle
papiermache
pasdebourree
passe
passee
pattee
pensee
pensees
petitdejeuner
petitmaitre
petitsmaitres
picote
piedsaterre
piedaterre
pieta
pietas
pirana
piranas
pise
pieced'occasion
piecederesistance
piecesd'occasion
piecesderesistance
pina
pinacloth
pinata
pinatas
pinon
pinons
piu
piumosso
plisse
plie
pluscachange,plusc'estlamemechose
podesta
podestas
pointille
pommele
portecochere
portecocheres
portiere
portieres
poussecafe
poussecafes
premieredanseuse
premieresdanseuses
procesverbal
procesverbaux
protege
protegee
protegees
proteges
precieuse
precieuses
precis
precised
precising
pretaporter
patedefoiegras
patesdefoiegras
pere
peres
pebrine
petanque
petillant
petroleur
petroleurs
petroleuse
petroleuses
quandmeme
quiensabe?
raisond'etat
raisond'etre
raisonne
raisonsd'etat
raisonsd'etre
recherche
rejon
relache
remanie
remanies
repousse
repousses
retrousse
revenonsanosmoutons
risque
riviere
rivieres
rochemoutonnee
rochesmoutonnees
romansaclef
romanaclef
roue
roues
rechauffe
rechauffes
recit
recits
reclame
recollet
regie
regisseur
regisseurs
repondezs'ilvousplait
repetiteur
repetiteurs
reseau
reseaus
reseaux
reveur
reveurs
reveuse
reveuses
rontgen
rontgenisation
rontgenise
rontgenised
rontgenises
rontgenising
rontgenization
rontgenize
rontgenized
rontgenizes
rontgenizing
rontgenogram
rontgenograms
rontgenography
rontgenology
rontgenoscopy
rontgenotherapy
rontgens
s'ilvousplait
saladenicoise
sansceremonie
sansgene
saute
sauteed
sauteeing
sauteing
sautes
schlager
schlagers
schwarmerei
schwarmerisch
sceneafaire
seme
semee
semeed
skikjoring
slainte
smorgasbord
smorgasbords
smorbrod
smorbrods
smorrebrod
smorrebrods
societeanonyme
soigne
soignee
soiree
soirees
solfege
solfeges
sonetlumiere
souffle
souffles
soupcon
soupcons
sprachgefuhl
succes
succesd'estime
succesdescandale
succesfou
succesfous
sucuruju
sucurujus
seance
seances
tabled'hote
tablesd'hote
televerite
tenne
thegnomesofZurich
thedansant
thesdansants
tiersetat
timbo
timbos
torchiere
torchieres
torchere
torcheres
touche
toutdememe
toutafait
toutavous
transportcafe
transportcafes
trouvere
trouveres
tres
tuyere
tuyeres
teleferique
teleferiques
telepherique
telepheriques
tete
tetebeche
tetesatetes
teteatete
teteatetes
urde
vaire
vargueno
varguenos
veloute
veloutes
ventreaterre
versdesociete
vicuna
vicunas
vinrose
visavis
viseed
vivandiere
vivandieres
viveladifference
voila
voilatout
voixceleste
veronique
voluspa
voluspas
yerbademate
yerbamate
Alarecherchedutempsperdu
Angstrom
Angstroms
Angstromunit
Angstromunits
IledeFrance
Osterreich
Ubermensch
Ubermenschen
abientot
abonmarche
abrasouverts
acheval
acompte
acoupsur
adeux
adeuxmains
adroite
agauche
agogo
agrandsfrais
ahuisclos
al'abandon
al'improviste
alabelleetoile
alabonneheure
alacarte
alaking
alamaitred'hotel
alapage
amainarmee
amerveille
aoutrance
apeupres
apoint
aproposdebottes
aproposderien
aravir
arebours
atortetatravers
atatons
avotresante
asar
ebauche
eboulement
eboulements
ebrillade
ebrillades
ebeniste
ebenistes
ecarte
ecartes
echappe
echappes
eclair
eclaircissement
eclairs
eclat
eclats
ecorche
ecorches
ecossaise
ecossaises
ecraseur
ecraseurs
ecritoire
ecritoires
ecuelle
ecuelles
ecurie
ecuries
egarement
elan
elanvital
eloge
eloges
emeute
emeutes
emigre
emigres
eminencegrise
eminencesgrises
eolienne
epatant
eperdu
eperdue
eperdumentamoureuse
eperdumentamoureux
epicier
epiciers
epris
eprise
eprouvette
eprouvettes
epuise
epuisee
epee
epees
equipe
equipes
etage
etages
etagere
etageres
etalage
etalages
etape
etapes
etat
etoile
etoiles
etourderie
etourdi
etourdie
etranger
etrangere
etrangeres
etrangers
etrennes
etrenness
etrier
etriers
etude
etudes
etui
etuis
evolue
evolues
evenement
evenements
