Abram
Adalberto
Alonso
Ambrose
Andreas
Antione
Antonia
Arden
Arlen
Arlie
Arnoldo
Asa
Barrett
Benedict
Benton
Bertram
Bo
Boyce
Brendon
Britt
Broderick
Buck
Buster
Carrol
Cedrick
Chas
Chet
Chong
Chung
Claud
Clemente
Cletus
Colton
Columbus
Cordell
Cortez
Cristobal
Cristopher
Danilo
Darell
Daron
Darrick
Darron
Deangelo
Del
Demarcus
Deshawn
Domenic
Dong
Donte
Dorsey
Douglass
Dwain
Edison
Edmundo
Elden
Eldridge
Elisha
Ellsworth
Elroy
Emmitt
Enoch
Erasmo
Eusebio
Ezekiel
Ezequiel
Fausto
Felton
Fermin
Filiberto
Florencio
Florentino
Francesco
Franklyn
Garfield
Garret
Gaston
Gayle
Gaylord
Geraldo
Giuseppe
Graig
Granville
Hai
Harland
Hassan
Hayden
Haywood
Herb
Hilton
Hipolito
Hobert
Hong
Hosea
Hoyt
Huey
Hyman
Ike
Isaias
Isreal
Jacinto
Jae
Jamey
Jamison
Jarod
Jc
Jeramy
Jere
Jeromy
Jerrell
Jewel
Jewell
Johnson
Jordon
Jospeh
Jude
Kasey
Keenan
Kelley
Keneth
King
Korey
Kraig
Kristofer
Lacy
Lauren
Lawerence
Leandro
Leif
Leigh
Len
Lesley
Lindsay
Lino
Long
Lonny
Lou
Lucius
Luigi
Lyndon
Lynwood
Malcom
Malik
Man
Manual
Marcellus
Markus
Maximo
McKinley
Michal
Michale
Mikel
Milan
Minh
Miquel
Modesto
Mose
Moshe
Nathanael
Nathanial
Neville
Nicky
Noble
Omer
Oren
Oswaldo
Otha
Palmer
Paris
Patricia
Porter
Quintin
Raleigh
Rashad
Rayford
Raymon
Renaldo
Renato
Rey
Rhett
Rolf
Rudolf
Rueben
Samual
Santo
Shad
Shayne
Sherwood
Shon
Sid
Sol
Stanford
Stanton
Teodoro
Theo
Titus
Tobias
Toney
Tuan
Tyrell
Tyron
Val
Valentine
Vincenzo
Virgilio
Von
Wally
Walton
Warner
Waylon
Werner
Wes
Whitney
Wilber
Willian
Willy
Winford
Zack
Zackary
