Aaron
Abuja
Acapulco
Acropolis
ACTH
Addams
Adonis
Aeneas
Aeschylus
AF
Afghanistan
Afrikaner
AI
Airedale
Akron
Alabaman
Alabamian
Aladdin
Alexandria
Algiers
Algonquian
Allen
AMA
Amarillo
Americas
Amerind
Amundsen
Anaheim
Antananarivo
Apennines
Archimedes
Aristophanes
Aristotle
Arizonan
Arizonian
Arlington
Artemis
ASL
ASPCA
Assyrian
At
Athenian
Athens
Atlantic
ATP
Auckland
Augustus
AV
Azores
Babel
Babylon
Bahamian
Bahrain
Bakersfield
Baku
Bali
Balkan
Balkans
Baltic
Bangui
Banjul
Barbadian
Barcelona
Bartok
Barton
Bavaria
Bavarian
BBQ
Be
Beaumont
Bell
Berkeley
Berne
Bernhardt
Bethlehem
Bi
Bishkek
Bissau
Bk
BM
Bolshevism
Bolshevist
Bombay
Boone
Bostonian
Botticelli
Bratislava
Bremen
Brezhnev
Bridgeport
Brisbane
Bristol
Britain
Broadway
Brown
Bujumbura
Bunyan
Burr
Byelorussia
BYOB
Caesarean
Caligula
Calvary
Cambodian
Cambridge
Canaan
Canton
Caribbean
Carnegie
Carson
Cartier
Caruso
Carver
Casablanca
Cassatt
Centigrade
Ceres
Cf
CFC
Chablis
Chang
Chaplin
Chattanooga
Chesapeake
Chianti
Chinook
Chungking
Cicero
Cincinnati
Clark
Clay
Cm
COBOL
Cody
Coke
Cologne
Comanche
Commonwealth
Comoros
Confederate
Confucianism
Congregationalist
Constantine
Constantinople
Corsica
Cortes
Cossack
CPO
Crane
Creator
Cretaceous
Crimea
Croat
Cyclops
Czechoslovakia
Czechoslovakian
Dakota
Dali
Davis
Dayton
DD
DDS
Deity
Delawarean
Delhi
Democratic
Demosthenes
Descartes
Diana
Diogenes
Disney
DMZ
DOA
Dolby
Donne
Douglass
DP
DPT
Dr
Dresden
Dumas
Durban
Durer
Durham
Dushanbe
Dusseldorf
Dvorak
Eastern
Ecclesiastes
ECG
Ecuadoran
EEO
EFL
Eire
Elizabeth
Epiphany
Episcopal
Er
Erin
Eritrea
Es
Establishment
Esther
ET
ETD
Eu
Eugene
Eurasia
Euripides
Eurodollar
Evansville
Everest
Fates
Fed
FHA
Fijian
Flint
Florence
Florida
Fm
Franck
Frankfurt
Fredericton
Freetown
Fresno
Frost
Gaborone
Galahad
Galilee
Galileo
Ganges
Garibaldi
Garland
Gary
Gd
Genoa
George
Georgetown
Gestapo
Ghanaian
Ghanian
GHQ
Glendale
Glenn
GMT
Godiva
Gopher
Gorbachev
Gouda
Goya
GPA
Graham
Greene
Greensboro
Greenwich
Gruyere
Guadalajara
Guinean
Gutenberg
Guyanese
Hale
Halley
Hamburg
Hampton
Hanover
Haydn
Hebrides
Hell
Hellenism
Hellenistic
Herodotus
HF
Hf
HHS
Himalayas
Hiroshima
Hispaniola
Ho
Holocaust
Holocene
Homeric
Honiara
Honshu
HOV
Howe
HRH
HST
Hughes
Hugo
Huntsville
Huxley
Hyderabad
Icelander
Idahoan
IE
In
Independence
Indianan
Inglewood
INS
Iowan
Ir
Isaac
Ives
James
Jamestown
Javanese
Jersey
Jewishness
Job
Jul
Jun
Kampuchea
Kansas
Karachi
Keller
Kentuckian
Kenyan
Key
KGB
KIA
Kidd
Kigali
Kilimanjaro
Kishinev
Klondike
Knoxville
Kobe
Krakatoa
Kremlinologist
Krishna
Kwanzaa
Kyoto
Kyushu
Lahore
Lakewood
Laredo
Latvian
Lawrence
Lee
Left
Leipzig
Leningrad
Lexington
Liberia
Liberian
Lilliputian
Lilongwe
Linnaeus
Lister
Liverpool
Livonia
Ljubljana
Loafer
Lord
Louis
Louisiana
Louisianan
Louisianian
Louisville
Lowell
Lr
Lu
Lubbock
Luxembourger
Macedonian
Macon
Madras
Mahican
Maldivian
Malian
Man
Manama
Manchester
Manchuria
Mandarin
Manhattan
Maoism
Maoist
Maputo
Maracaibo
Marine
Maseru
Matisse
Matterhorn
Maui
Mbabane
Mekong
Melanesia
Melanesian
Mendelssohn
Mennonite
Mesa
Mesopotamia
Michigander
Micronesian
Midas
Milan
Milton
Minoan
Minotaur
Mississippian
Missourian
Mobile
Modesto
Mohawk
Mohican
Montanan
Moore
Mott
Mozambican
Muscat
Nanjing
Nanking
Naples
NASDAQ
Naugahyde
Naziism
Nb
Nepalese
Netherlander
NFL
Niamey
Nicaragua
Nice
Nicholas
Nicosia
NIMBY
Nobelist
Norfolk
Northeast
Northwest
Nouakchott
Nov
Novocaine
NWT
NZ
Oakland
Occident
Oceania
Odessa
Odyssey
OE
Ohioan
OJ
Ojibwa
Oklahoman
Olympiad
Orange
Oregonian
Orlando
Orlon
Orpheus
Orwell
Os
Osaka
OSHA
Ouagadougou
Ovid
Oxford
Oxnard
Pacific
Paleolithic
Palermo
Pandora
Paradise
Pasadena
Passion
Paterson
Patrick
Pauling
Pavlov
Peary
Pentateuch
Pericles
Perry
Persia
PhD
Philistine
Photostat
Pigmy
Pilate
PJ's
PLO
Pm
Pocahontas
Polynesia
Porter
Portsmouth
Potomac
PP
Proust
Proverbs
Ptolemy
Pueblo
Pulitzer
Purim
Pyongyang
Queens
Rb
RDA
Re
Reich
Representative
Rh
Rhine
Rhodes
Rhodesia
Rhone
Riga
Riverside
Robinson
Rochester
Rockefeller
Rockford
Rockies
Rodin
Romanticism
Romany
Ross
Rotterdam
Rousseau
Ru
Russell
Rx
Sadducee
Sahara
SALT
Salvador
Salvadoran
Salvadorian
Samuel
Sardinia
Sargent
Sc
Schumann
Scotchman
Scott
Scriptures
Seder
Seine
Septuagint
Serbian
Seton
Seville
SF
Shakespearean
Sherman
Sherpa
Shintoism
Siam
Siberia
SIDS
Sinhalese
Slovakian
SLR
Sm
Snowbelt
Sol
Somali
Somalian
Southeast
Southwest
Spokane
SSA
Stamford
Standish
Stanton
Stockton
STOL
Stravinsky
Stuart
Styx
Sucre
Suez
Sukkot
Sumatra
Sunnyvale
Superior
Suva
Swift
Syracuse
Ta
Tacoma
Tahitian
Tahoe
Tajikistan
Tallinn
Taoist
Tashkent
Tasmania
Tbilisi
Tc
Technicolor
Tegucigalpa
Teheran
Tempe
Thomas
Tianjin
Tiber
Tientsin
Tigris
Tirana
TKO
Tl
Tm
Toledo
Tolstoy
Tongan
Torrance
Triassic
Trojan
Trotsky
Troy
Tubman
Tulsa
Tutankhamen
TVA
Union
Unitarianism
Valium
Venice
Veracruz
Vergil
Vermont
VHS
Vientiane
Vilnius
Virginian
Vishnu
VJ
Vladivostok
VLF
Volgograd
VTOL
Wac
Waco
Walkman
Walloon
Washingtonian
Waterbury
Waterloo
WC
Wells
Wharton
Whittier
Wichita
Wilder
Windhoek
Winnipeg
Wisconsinite
Woolf
Worcester
WWW
Wyomingite
Yangtze
Yaounde
Yb
Yemeni
Yerevan
Yokohama
Yonkers
Yukon
Yule
Yuletide
Zairian
Zanzibar
Zimbabwean
Zurich
