aerogramme
aeroplane
aetiology
aggrandisement
airgun
airletter
aluminium
amortise
anaesthetise
analyse
anapaestic
anglicise
annexe
appetiser
appetising
arbour
ardour
armour
armoured
armourer
armoury
arse
arsehole
auld
authorisation
baboo
babu
banger
bastardise
baulk
behaviour
behavioural
behaviourally
behaviourism
behaviourist
behove
belabour
blether
bolshy
bonnie
breathalyser
burk
caesium
calibre
candour
cannibalise
carbonise
carburetter
carburettor
carcase
cashpoint
catheterise
cauterise
centilitre
centimetre
centre
centrefold
centrepiece
channelling
characterise
cheque
chequebook
chequer
chequered
chivy
chokey
ciggy
circularise
cissy
civilisation
civilise
civilised
clamour
clangour
cognisance
cognisant
colour
coloured
colourfast
colourful
colouring
colourise
colourize
colourless
combinations
computerise
conceptualise
connexion
cosily
cosiness
criminalise
customise
cyder
cypher
dashed
defence
defenceless
demagnetise
demeanour
demilitarise
demobilise
denationalise
deodorise
deputise
desensitise
desexualise
destabilise
devitalise
digitise
discolour
disfavour
dishonour
dishonourable
disorganised
dogmatise
dolour
doyley
dramatise
draught
draughtsman
draughty
economise
emphasise
enamour
enamoured
endeavour
energise
epicentre
equalise
eulogise
evangelise
extemporise
externalise
factorise
familiarise
fantasise
favour
favourable
favoured
favourite
favouritism
fervour
fibre
fibreboard
fibreglass
fictionalise
finalise
flavour
flavoured
flavouring
floatation
focussed
formalise
fossilise
fraternise
furore
galvanise
galvanised
gaol
gaolbird
gaoler
generalise
ghettoise
glamorise
gramme
grandad
grandaddy
growbag
gynaecological
gynaecologist
gynaecology
haematology
haemophiliac
harbour
harmonise
homogenise
honour
honourable
hospitalise
hotchpotch
hullo
humanise
humour
humourless
hypnotise
idealise
idolise
immobilise
immortalise
immunise
individualise
industrialise
inflexion
institutionalise
institutionalised
internalise
internationalise
ionise
ioniser
italicise
itemise
jeopardise
jewellery
Jnr
judgemental
kerb
kilogramme
kilometre
kinema
kirk
labour
laboured
labourer
lacklustre
laddy
leant
legalise
legitimise
lergy
letch
leukaemia
liberalise
linctus
lionise
liquidise
liquidiser
liquorice
litre
lobotomise
localise
localised
loch
louvre
lustre
luv
luvvie
mack
magnetise
manoeuvrability
manoeuvrable
manoeuvre
manoeuvring
marginalise
marvellous
materialise
maximise
meagre
mechanise
medallist
memorise
mesmerise
Messrs
metabolise
metre
militarised
milligramme
millilitre
millimetre
milometer
miniaturise
minimise
misbehaviour
misdemeanour
mitre
modeller
modelling
modernise
moggie
moisturise
moisturiser
monopolise
moralise
motorised
mould
moulder
moulding
mouldy
moult
Mr
Mrs
Ms
multicoloured
nasalise
nationalise
naturalise
neighbour
neighbourhood
neighbouring
neighbourliness
neighbourly
nellie
nett
neurone
neutralise
nitre
normalise
odour
odourless
oecumenical
oedema
oesophagus
oestrogen
offence
optimise
organisation
organise
organised
ostracise
paederast
paederasty
paediatric
paediatrician
paediatrics
paedophile
palaeolithic
palaeontology
panellist
paralyse
paralysed
parlour
particularise
passivise
pasteurise
pater
pauperise
paycheque
pedestrianise
penalise
personalise
phenobarbitone
philosophise
philtre
photosensitise
plagiarise
polarise
politicise
politicised
poncey
popularise
poxy
practising
pressurise
pressurised
prioritise
prise
privatise
programme
propagandise
proselytise
publicise
pukha
pulverise
pyjama
pyorrhoea
rancour
rationalise
realisable
realisation
realise
recognise
reflexion
regularise
reorganise
Revd
revitalise
revolutionise
rhapsodise
rigour
romanticise
rumour
rumoured
rumourmonger
sanitise
satirise
savour
savoury
scallywag
scandalise
sceptic
sceptical
scepticism
sceptre
schematise
scrutinise
secularise
sensationalise
sensitise
sentimentalise
septicaemia
sepulchre
serialise
sermonise
shite
shrivelled
signalise
socialise
solemnise
sombre
specialise
specialised
spectre
splendour
squaddie
stabilise
stabiliser
standardise
sterilise
stigmatise
storeyed
stylised
subsidise
succour
sulphate
sulphide
summarise
symbolise
sympathise
sympathiser
synchronise
synthesise
synthesiser
systematise
tantalise
tantalising
tasselled
technicolour
temporise
tenderise
tenour
terrorise
theatregoer
theorise
toxaemia
tranquillise
tranquilliser
transistorise
traumatised
travelator
travelling
tricolour
trivialise
tumour
turnround
tyrannise
tyre
unauthorised
uncivilised
undercapitalise
unfavourable
unionise
unorganised
unparallelled
unrecognisable
unrecognised
unsavoury
unskilful
unspoilt
urbanise
utilise
valour
vandalise
vaporise
vapour
verbalise
victimise
vigour
visualise
vulcanise
vulgarise
waggon
walla
westernise
westernised
willie
winge
womaniser
woollen
woollens
wowzer
