Atlantis
BBQ
BM
Cancer
Casanova
DOA
DVD
Frankenstein
GMT
GPA
Miss
NIMBY
PBX
PDQ
RBI
SUV
TBA
Thanksgiving
academia
accusingly
achoo
addicted
aftershave
afterword
alienated
allover
amusingly
analogously
antics
antiparticle
antiwar
appallingly
asshole
audiophile
autopilot
backhoe
backstretch
baffling
ballplayer
balls
ballsy
barbershop
barf
baseman
bassist
bathhouse
bathmat
beanbag
becomingly
befuddled
beguilingly
belligerently
bewildered
bimbo
biodiversity
birdhouse
birdwatcher
blindside
boardroom
boilerplate
boogie
bouillabaisse
brainchildren
brainteaser
brr
bullshit
bumbling
buns
carbonated
caring
catatonic
challenged
challenging
charbroil
chinstrap
chitin
chlorofluorocarbon
chores
chuckhole
cilantro
clingy
closed
clueless
cocksucker
codependency
codependent
coffeecake
comforting
comfortingly
compelling
compellingly
competitively
concentrated
confused
consensual
contaminated
contents
cooperatively
cootie
cosmetics
cosponsor
counteroffer
crawlspace
crewman
crippled
crosscheck
cruddy
cunnilingus
cunt
curmudgeon
cutoffs
dartboard
daunting
deadbolt
debriefing
deckhand
decommission
deconstruction
decriminalization
demoralizing
deranged
despairingly
devastating
diastolic
dimwitted
directions
disappointingly
disapprovingly
disconcerting
discouragingly
dishwater
disturbing
divorced
dollhouse
dork
dorky
downplay
drywall
duh
dysfunction
dysfunctional
eggbeater
electrifying
emaciated
embarrassingly
encouraging
encouragingly
enlightened
enlistee
entertainingly
enthralling
ergonomics
erotica
estranged
euro
exasperating
excluding
exhausting
exploitative
fart
fattening
features
feelings
fellatio
festivities
financing
firefight
fishbowl
flattering
flatteringly
flowerbed
flyswatter
freestyle
fries
frustrated
frustrating
fuck
fucker
fucking
fumes
fwd
gambling
geek
genome
gesundheit
glorified
goalpost
goddamn
goddamned
goop
gratifying
greetings
gringo
groundbreaking
grout
gulag
gunslinger
gurney
h'm
henpecked
here's
holdout
homepage
hometown
horrifying
housecleaning
hrs
hubby
humiliating
hungover
hyperbola
including
inebriated
inessential
infuriating
inhibited
inkblot
instructions
intro
irritatingly
italics
junkyard
karaoke
klutzy
lacking
lbs
lingering
lingeringly
looks
lovemaking
lunchtime
maneuvers
manufacturing
margarita
matchbox
meatloaf
melodramatically
menswear
microsecond
midtown
millisecond
milquetoast
minicam
misdiagnose
misguidedly
misidentify
motherfucker
motherfucking
mudslide
nachos
nigger
nightclothes
nitpick
nonbeliever
nonexempt
nonfatal
nonhazardous
noninterference
nonjudgmental
nonmalignant
nonnegotiable
nonpolitical
nonpolluting
nonrefillable
nonrefundable
nonrepresentational
nonsmoking
nontaxable
nontransferable
nonvoting
omnivore
oops
overbite
overcautious
overcompensate
overcompensation
overdrive
overeager
overenthusiastic
overindulgence
overpaid
overprotective
overreaction
overstuffed
overzealous
packaging
patronizingly
pee
peekaboo
perplexed
perplexing
phloem
pinball
pissed
plastered
pluralism
pooped
poppa
postlude
postmodern
pratfall
prehistory
prejudiced
premeditated
proactive
psychobabble
questioningly
rapper
rations
reapportionment
reassessment
reassuring
rebroadcast
receipts
reemphasize
reenlist
reflexes
refreshments
reinforcements
remaining
rendering
reserves
resold
resolved
retold
reupholster
rewound
roadkill
ruins
salvageable
satisfied
scheming
schmuck
scintillating
scorecard
scumbag
seductively
semiautomatic
sensationalist
senselessness
separated
shat
shatterproof
shit
shitty
shoeshine
shoplifting
showgirl
sleepwear
sleepyhead
smarmy
snafu
snakebite
sneeringly
sniffles
spaceflight
speckled
spoiled
squishy
stagehand
steakhouse
stepchildren
stimulating
streetlight
subbasement
sunbather
sushi
sweetie
synergism
synergistic
synergy
systolic
tailwind
tainted
tantalizing
tarmac
tarp
taxing
telecommute
televangelist
temblor
temptingly
tenfold
terrified
terrifying
that's
there's
thrilling
tiebreaker
tolerantly
toolbox
traditionalist
trig
trivialize
turd
tush
twisted
unacquainted
unanticipated
unappetizing
unappreciated
unappreciative
unbolt
uncaring
uncensored
uncharacteristic
uncharacteristically
unclassified
unclothed
uncluttered
uncomplimentary
uncontaminated
uncontested
unconvincing
unconvincingly
uncorroborated
undamaged
undecipherable
undefeated
undemanding
undemocratic
undependable
understandingly
undeserving
undiminished
unembarrassed
unendurable
unenthusiastic
unexplored
ungentlemanly
ungrudging
unhesitating
unhesitatingly
unhindered
unimpressed
unimpressive
uninspiring
unneeded
unnerving
unobjectionable
unobservant
unoffensive
unpatriotic
unpaved
unperturbed
unplanned
unpremeditated
unpreventable
unproven
unpublished
unquestioningly
unready
unrealistically
unregistered
unregulated
unrehearsed
unrepresentative
unrewarding
unromantic
unsalted
unsanctioned
unsatisfying
unsentimental
unsettling
unsolved
unsubstantiated
unsupervised
untitled
untreated
untroubled
unvarying
unverified
unwed
uplifting
values
vegan
veggie
viewing
wacko
website
weeknight
what's
whatchamacallit
whoopee
whoops
whorehouse
wineglass
wordplay
worksheet
xylem
y'all
yep
yrs
