accoutre
airstrike
ameboid
amuck
antichrist
aquiculture
ascendance
Athabaska
aunty
Basic
bathyscaph
bathyscaphe
battleax
battleaxe
beaux
Benares
Biblical
Black
blameable
blonde
bluejay
bobbysoxer
bolshevik
boogeyman
boombox
bosun
breakeven
bunco
buncombe
bunko
burnous
cabby
caiman
caldron
camelhair
Castile
Celebes
chateaux
cicatrix
citrous
collectable
connectable
convertor
coverup
crenelated
cyclopaedia
descendent
Deutschmark
Devil
diehard
dingdong
diss
djellabah
djinn
Dnepr
Dnieper
dogear
doggoned
doh
Druid
dyke
edgeways
Ericson
Ericsson
Euclidean
extendable
extendible
facelift
farfetched
Fascist
filet
flannelette
flashpoint
fo'c's'le
franchisor
freakout
garote
girly
gismo
gizmo
gooseflesh
gums
halloo
hanky
Hanukah
hoagie
horsy
hotdog
hotline
hutzpa
Imam
inflight
jello
Joliet
junky
Katmandu
kitbag
knockwurst
Krakatau
Kwangchow
Labradorian
lichee
locator
loveseat
Mammon
matzoth
Meshed
missis
molluscan
molluskan
moneygrubber
moneygrubbing
Nature
Nikolayev
Northern
nought
offline
online
orangutang
overhanded
Palau
Parsee
Parsi
pekinese
pharmacopeia
pigmy
pinyon
piroshki
pizzazz
Place
platys
plexiglass
Purgatory
pushup
putdown
Quebecker
realtor
Red
reenforce
rigamarole
Romantic
ropy
Rugby
Rumanian
Sanaa
sauternes
schlepp
seigniorial
shammy
sheikhdom
shortie
Sian
Sister
skinflick
slumbrous
snigger
Southern
spinoff
standup
Statehouse
Stateside
stogie
Sukkoth
Surabaja
swansdown
sweepstake
Tartar
taxonomical
Territory
thru
Tientsin
'til
torah
tsarina
twinight
unshakeable
utopian
Veep
Visakhapatnam
warmup
waterbed
waterpower
widgeon
wiz
Zeppelin
