abaci
abbrev
abscissae
acanthi
acoustical
afterwards
Alabaman
alit
Alleghenies
alluvia
alphabetic
Amerindian
amidst
amnesic
amnia
amongst
analytical
anatomic
antipasti
antisera
antithetic
aortae
apices
Appalachians
appendices
aquaria
arbitrageur
arboreta
Argentinian
arithmetical
Arizonian
arrhythmical
astronautical
astronomic
asymmetric
auditoria
aurorae
automata
backslidden
backstair
backwards
barbwire
barebacked
barefooted
barkeep
bassi
Bermudian
bestrid
bibliographical
biennia
biographic
biologic
blueish
bookshop
botanic
caesurae
calyces
cambia
campanili
Canad
carcinomata
cardsharper
carer
caryatides
catchphrase
Catskills
ceramicist
cerebella
cerebra
chge
chid
chidden
chimeric
chrysalides
cicadae
cognomina
coherency
colloquia
Coloradoan
compendia
concerti
conjunctivae
conquistadores
coronae
crania
crematoria
crescendi
cultivatable
cumbrous
cyclical
deliria
demoniacal
devilry
dilettanti
disorientate
doberman
dogmata
downwards
drachmae
dreamt
dynamical
earthwards
ecologic
Ecuadorean
Ecuadorian
ecumenicism
edemata
egoistical
elegiacal
elliptic
empiric
emporia
encomia
enemata
epidermic
epithelia
equilibria
evangelic
exigence
fallibleness
fantastical
fasciae
faunae
femora
finical
fistulae
flagrance
florae
Floridan
foci
fora
formulae
forwards
freelancer
frusta
Fujiyama
fulcra
gentlefolks
geometrical
geosynchronous
glottides
goldbricker
gravamina
gymnasia
gypper
gypster
hairsbreadth
hamburg
handmaid
handsful
heavenwards
hematological
hemispherical
henceforward
Heracles
hermetical
herniae
hewn
hippopotami
honoraria
hove
hyperbolae
ibices
imagines
immanency
immunological
impotency
impreciseness
inconsideration
incubi
Indianian
indices
infrequence
inscrutableness
interregna
inwards
ironical
irrelevancy
isthmi
Ital
jiff
Judaical
juridic
Kampuchea
kielbasy
kinfolks
kinsfolk
Kirghizia
Ky
ladybird
landwards
libretti
likability
lour
lutanist
Lyallpur
lymphomata
maestri
Marxian
matzoh
mausolea
maxima
medullae
melanomata
memoranda
menfolks
Mengzi
miasmata
Michiganite
micra
microscopical
'mid
midships
millennia
minima
misanthropist
monastical
monsignori
moratoria
mown
mtge
muskie
naiades
narcissi
nautili
neanderthal
neoclassical
Nevadian
northwards
nosedove
novae
noways
obbligati
obstetrical
octopi
Olympics
onomatopoetic
onwards
outwards
oversea
patellae
Peking
pelves
penes
Penna
Penna
peritonea
personae
phalanges
Pharisaical
pharmaceutic
philodendra
philosophic
photostat
physiologic
piazze
placentae
planetaria
platypi
pled
podia
poetical
polyhedra
pragmatical
prehistorical
preshrunken
preventative
problematical
proboscides
prophetical
proscenia
proven
psychical
pussycat
pyrotechnical
quadrennia
rearwards
rec'd
recta
referenda
relevancy
retinae
rhapsodical
rhombi
rhomboidal
rhythmical
Rockies
rostra
rotundness
rouble
runlet
Ry
salacity
Salvadorian
sanatoria
sancta
sanitaria
Santa
sarcomata
satanical
sawn
scherzi
seawards
sec'y
sera
seraphim
shaven
shorn
shrove
skywards
snobby
snuck
someways
soundboard
southwards
spaced
sparsity
sphinges
stadia
sterna
straightforwards
strategical
subtropic
succulency
superintendency
suppl
syllabi
symbolical
symmetric
symposia
syntactical
systematical
tablespoonsful
tarantulae
tbsp
tbsp
teaspoonsful
tempi
tenderfeet
terraria
tetrahedra
thatching
thenceforward
thereunto
thesauri
thoraces
thriven
throve
Thu
thunderstricken
timidness
torsi
townsfolk
transiency
transmittable
transmittance
trapezia
traumata
Tue
tympana
tympani
tympanist
typographic
tyrannic
ultimata
umbrae
unbid
underclothing
unloosen
untrammelled
upwards
Urals
uvulae
Va
vacua
vaginae
valency
vehemency
vertices
virtuosi
vortices
Vt
washbasin
weatherstripping
weirdie
westwards
wienie
Wisc
Wisc
womenfolks
Wyo
yeshivoth
Zarathustra
