ABCs
abetter
Abnaki
Abolitionist
abridgement
absinth
absorbant
accessary
accidently
accouterment
accoutrements
accurst
acknowledgement
adaptor
addible
adieux
adjudgement
adjustor
Administration
admixt
advertize
advertizement
advertizer
advisor
adze
aeon
aery
afficionado
afterall
ageing
agism
Ahmedabad
akvavit
alamode
alarum
aline
alinement
aliya
altho
ambience
ameba
amebae
amebic
ameer
amir
amoebae
amphitheatre
ampoul
ampoule
ampul
anaemia
anaemic
anaesthesia
anaesthetic
anaesthetist
anaesthetize
anapaest
aneurism
Anglophil
anomy
apanage
Apostolic
appal
apprize
Arapahoe
Arbela
Arbil
Archangel
archeological
archeologist
archeology
archetypical
archetypically
Ardebil
argyll
Army
artefact
asafoetida
asbestus
ascendence
ascendency
ascendent
Asmera
assertor
assuror
Athabascan
Athapaskan
atheneum
audiobook
aureola
Aurungabad
awestricken
awol
axe
ay
Babar
Babur
baddy
Bagdad
Baky
bandaid
bandana
banderol
bandolier
bannister
banqueteer
banshie
baptistry
barbeque
barcarolle
Baroque
barque
barrelled
Basle
bastile
batteau
Beduin
beduin
bejewelled
beldame
Belorussia
Beograd
Berne
Bev
bhajee
biassed
biggy
biryani
Bisayas
blest
blowsy
blub
blueblood
blueing
bobbysox
bocce
bocci
bogie
bogieman
bogy
boloney
bonafide
bonemeal
boney
bongoes
boobie
booboo
bootie
borsch
borshch
bo's'n
Boudicca
bougainvillaea
bourn
bowlder
Brahmanee
Brahmin
Brahminism
breadthwise
Breughel
briar
brimfull
brinksmanship
briquet
broncho
Brueghel
Brugge
brusk
bureaux
busses
bussing
Byelarus
byelaw
Byelorussia
cabbie
Cabinet
caddy
caecum
Caesarean
caesarean
Caesarian
caesarian
caffein
cagy
Cajan
cakey
calibrater
calif
calix
calk
calker
calliper
callipers
callisthenics
canceller
cantaloup
cantelope
canteloupe
caracul
caravanserai
carbureter
carney
carnie
caroller
carrageenin
carrell
carrousel
casette
cassaba
cassino
castor
catalogue
cataloguer
catechise
catsup
caviare
caviller
cedarwood
celeste
cellaret
Center
centigramme
Cesarian
cesarian
cesura
cesurae
Chaldaea
challie
Chamber
chammy
chamoix
chancellory
chanty
Chanukah
chapeaux
chaperone
chaunt
chile
Chilin
chilli
chimaera
Chinan
Chinchow
chiseller
chitlings
chitlins
chlorophyl
chocaholic
chocolatey
choosey
Christy
christy
Chungking
chunnel
chutnee
cigaret
cinderblock
circumventor
civies
clarinettist
clipt
cliquy
closeable
cloverleaves
clutz
Cnut
cocain
cockamamy
cocoanut
codein
codependence
Coliseum
Colonial
Colored
colosseum
Comrade
concoctor
condemnor
coney
conjuror
connectability
connecter
consigner
constitutor
constructer
Consulate
convenor
conveyer
cooky
coppice
Cordova
correctible
corruptor
corslet
Cortez
cosy
cotillon
cottar
councillor
counsellor
countryfied
courtezan
courtsey
cowry
crabways
crawdaddy
crawfish
crenellate
crewcut
crossways
Crown
crozier
Crusade
cryer
cufflink
cullender
cumquat
cunnilinctus
curari
curlycue
curst
curtsey
curvacious
cutesie
cutlas
cyclicly
Cypriote
Dacca
daishiki
damndest
daquiri
databank
daydreamt
deadweight
dearie
debonaire
Decalog
decolletee
Delawarian
delly
demagog
dentine
dependance
dependancy
dependant
depictor
deshabille
despatch
detectible
devilled
dextrous
dextrously
dextrousness
dialog
diarrhoea
Diaz
dicky
Diesel
dietician
discernable
dishevelled
Dissenter
distil
ditzy
Djakarta
Doc
dogey
doggie
dogy
dominos
donut
doofah
doozie
dopy
Dostoyevsky
doubletalk
drachm
dreadnaught
drily
driveller
drouth
druggy
Dryad
dueller
duellist
dulcimore
dulness
dumfound
durrie
dwarves
Earth
eery
egads
egis
Eighties
Eldorado
email
emeer
empanel
employe
enameller
encyclopaedia
encyclopaedic
endwise
engrained
enjambement
enquire
enquiry
enrol
enrolment
enthral
enure
epaulette
epilog
epinephrin
epithalmion
Eriksson
escalop
Esfahan
esthete
esthetic
esthetics
Euclidian
euclidian
exhibiter
exorcize
expandibility
expandible
expeditor
extoll
extraversion
extravert
extraverted
eying
eyrie
eyry
facia
faciae
faecal
faeces
faery
faggot
faggoting
Fascism
feaze
felafel
felspar
fetich
fettuccini
fiberoptics
Fifties
filtrable
fiord
fledgeling
flexitime
floozie
fluidram
flukey
flunkey
flyer
fo'c'sle
foetal
foetus
fogey
fohn
followup
fondu
fontanelle
Foochow
forbad
forefend
foregather
forego
foreswear
Forties
frankforter
freebee
frier
frijole
friz
frontrunner
frowsty
frowsy
fuehrer
fulfil
fulfilment
fulness
fusileer
fuze
fuzee
gaberdine
Gaddafi
gage
galabia
galabiya
galoshe
gamey
gangly
garotte
garrotte
gasolene
'gator
gayety
gayly
geegaw
geez
gelatine
gelt
gemmologist
gemmology
Gentile
gerbile
gerbille
Ghanian
ghi
gingko
gip
Gipsy
gipsy
glamor
glamourize
glamourous
glycerine
Glyndwr
gobbledegook
goddam
goddamned
Godlike
goitre
Gomorrha
gonadotrophic
gonadotrophin
gonorrhoea
goodby
goodie
Gor'kiy
Gothenburg
grandame
grannie
grantor
grey
greyish
griffon
groveller
gruelling
gryphon
guerilla
guineafowl
gullable
gulley
gunnel
gussie
gybe
hadj
hadji
haemoglobin
haemophilia
haemorrhage
haemorrhoids
hah
Haidarabad
hairdrier
haji
halbert
hallal
halleluiah
halliard
Hallowe'en
Hammurapi
handkerchieves
Hangchow
hansel
hardline
harken
hasheesh
healthcare
Heaven
Hejira
hektare
Hell
helpmeet
Heraklion
heterogenous
hiccough
highfaluting
highjack
highrise
hijinks
hippy
hitman
hmm
hoagy
holloware
homewards
homie
hominess
homogenous
homy
honied
honkey
honkie
hooka
hookey
hoorah
hootch
hotspot
houmous
houmus
howe'er
Hugli
Huhehot
humungous
hurray
Husain
hutzpah
huzza
Hwang
hyaena
hydrocephaly
hypothenuse
idealogy
idolator
idyl
ignitible
Ijssel
ikon
imbed
immoveable
impellor
imposter
improvisor
incase
inclose
inclosure
incrust
incumber
incumbrance
indorse
indue
infold
inhibiter
insigne
instal
instalment
instil
institutor
intercepter
interne
intransigeant
intreat
intrench
intrust
Irbil
Ispahan
jailor
JATO
Jedda
jehad
jellabah
jessamine
jetlag
jewelled
jeweller
jibb
jinnee
jinni
jinricksha
jinriksha
jiujitsu
joky
judgement
Jugoslavia
Jugoslavian
jujutsu
junketer
junto
kaftan
kaoline
kaputt
kashmir
kebob
Kelt
kerchieves
kerosine
khalif
khalifate
kiddy
kidnaper
kindergartener
Kishinyov
kissagram
kitchenet
klatsch
kleenex
knowledgable
Knut
Koblenz
Koln
kookie
kopek
Kurile
Kwanza
lacrimal
lagnappe
lambast
Lanchou
laniard
lanoline
Laozi
largesse
lasagne
lavalier
leapt
learnt
leastways
leftie
leggin
Legion
lengthways
lenten
lept
leucocyte
leveller
levis
libeller
libellous
licence
licenced
licencee
lichgate
lichi
lifecare
likeability
likeable
likeableness
likeably
linguini
Linnean
lipide
liquify
lissom
liveable
loadstar
loadstone
lodgement
lollygag
lollypop
longwise
loofa
looney
loth
louvred
loveable
lowball
Lowlander
lowlives
LOX
lubricous
lupin
lutecium
Luxemburg
lychee
lynchpin
Machiavelian
macintosh
maharaja
maharanee
mahjong
mahjongg
Mahomet
maiolica
malarky
mamma
Manaus
mandril
manilla
mannikin
mantlepiece
mantram
marabout
marihuana
marlinspike
Marseille
marvellously
Matins
matt
mattins
matzah
mavin
mazourka
meany
mediaeval
meou
merchandize
merchandizer
mesquit
methadon
midsize
midwived
midwiving
miladi
milage
milieux
millepede
millionnaire
mina
miniscule
mishmosh
misjudgement
missilry
misspelt
mixt
mixup
mizen
Mob
mockup
Mogadiscio
Mohammed
Mohican
mollie
mollusc
mommie
monicker
monied
monolog
monologuist
moolah
mopy
mortgager
mortice
Moslem
Mounty
mousey
moustache
moustachioed
moveable
muckluck
mucluc
Muhammedan
Muhammedanism
mujahedeen
mujahedin
mullen
multiplexor
Munchkin
Myanma
mynah
naan
Nabatea
Nabatean
Naiad
Nanking
nark
narwal
narwhale
Nashik
Navaho
Naziism
Neandertal
'neath
neckerchieves
neglige
Newburgh
nicknack
nighty
nite
nitroglycerine
Noh
nonplused
nonsuch
nosey
novelle
numbskull
nurseling
Nyasaland
ochre
octette
odalisk
ogrish
Ojibway
okay
olde
oldy
oleomargarin
olympiad
omelette
omikron
onsides
orangoutan
orangoutang
orchestrater
organdie
organophosphorous
orgastic
orthopaedic
orthopaedics
orthopaedist
outmanoeuvre
outsized
oversized
paillasse
Paisley
palankeen
panelling
panier
pantalettes
pantihose
panty
pappoose
paraffine
parmigiano
parrakeet
partizan
pattie
pawpaw
pease
pedagog
pedlar
pein
Pekinese
pellmell
pemican
peneplane
penlite
penuchi
Pergamus
pernickety
petalled
peyotl
phantasy
phoney
phrenetic
pickaback
pickaxe
piggie
Pigmy
pilaff
pilau
pilsener
piney
pinky
pinocle
pipet
pixy
pizzaz
plateaux
plough
ploughshare
podgy
pointilliste
pokey
pollock
pollywog
pompon
ponton
poppadum
popsicle
portalled
portmanteaux
postillion
powerplant
practise
practised
praesidium
precancelled
predacious
premie
premiss
preppie
Presidency
President
pretence
preterite
preventible
prevue
pricy
primaeval
princesse
processer
prochoice
programer
programing
prolog
propellent
protestor
prothalmium
protozoon
Province
pryer
puky
pullup
punkin
quadrophonic
quahaug
quarreller
Quarter
quartette
quintette
Qur'an
racoon
racquet
raincheck
rainforest
raja
Ralegh
ramequin
Rameses
rani
rarify
rase
ratlin
razzamatazz
readymade
Realism
Rebecca
Rebel
rectilineal
relator
relearnt
repellant
restauranteur
reveller
revery
revisor
revokable
ricksha
ricrac
ripost
Roentgen
Romanoff
rontgen
Roumania
Roumanian
roundtable
Ruanda
Rumania
sabre
saki
saleable
saltpetre
samaritan
sanitorium
Sanscrit
sarape
saree
Sauterne
sauterne
savannah
saveable
saviour
scag
scaloppini
scarey
Schelde
schmalz
schmoe
schnaps
schnorkel
schrod
schtick
scimiter
scollop
Scotty
Scout
Scouting
scrunchie
seborrhoea
Secession
seignorial
Seltzer
selvedge
Senator
septette
sequinned
Seventies
sextette
sharpy
sheikh
shellack
sherbert
sherd
Shiah
shiatzu
Shihkiachwang
shillalah
shlemiel
shlep
shlepp
shlock
shmaltz
shnook
Shoshoni
shtik
shwa
sidewise
signaller
silicious
sillabub
silvan
siree
sirup
situp
Sixties
sizeable
skilful
skullduggery
slily
smidgeon
smidgin
smoothy
smoulder
sofabed
softie
soh
soignee
sonofabitch
soubriquet
sox
soya
spacy
Speaker
spelt
spik
spilt
spiraea
spirochaete
spirt
spoilt
spumone
stagey
'stat
Statehood
staves
stimy
stockinet
stoney
storey
straightjacket
straightlaced
stript
stye
stymy
subpena
Suchow
sulphur
sulphurous
sumach
sunburnt
Sunnah
Surinam
surprize
sweetbriar
swob
swop
synagog
synch
syphon
Szechuan
Szechwan
tabouli
tabour
tabu
tabuli
Tadzhikistan
Taipeh
takeable
Tallin
tameable
Tangiers
Tatra
taxying
teazel
teazle
teenaged
teensy
teepee
teetotaller
Teheran
Teletext
templet
tendonitis
Testament
theatre
thiamin
Thirties
tho'
thraldom
throughway
thrustor
thyroxin
tictactoe
tiddledywinks
tike
tinselled
tipi
Tirana
tiro
titbit
tittivate
toffy
Tolstoi
topi
Tora
tora
tormenter
tory
tost
totalisator
toteable
towards
towelling
towny
tradeable
tradeoff
tranquility
tranquillize
tranquillizer
transfixt
transgender
travelled
traveller
travelog
tressel
trinitrotoluol
trolly
tsar
Tsinan
Tsingtao
tumbril
tunneller
turquois
turves
Tutankhaten
Twenties
twirp
Tyrol
tzar
tzarina
tzarism
tzarist
tzetze
Tzupo
ukelele
Ulaanbaatar
umiaq
unbeknownst
unbiassed
unblest
undersize
undreamt
unequalled
unfocussed
unmistakeable
unrivalled
untravelled
Urumchi
useability
useable
usurous
Utahn
varment
veldt
velours
vender
verandah
Vergil
vermillion
Vespers
victualer
vitamine
vizir
vizor
wabble
wadeable
wainscotting
Wasp
waterglass
waxpaper
weathervane
Website
weepie
weevilly
Welch
welch
werwolf
werwolves
whacky
whimsey
whiney
whirr
whisky
whizbang
whizz
whizzgig
whizzkid
whodunnit
widthways
wilful
wilfully
wilfulness
willywaw
wintery
wistaria
wizbang
woful
wonton
woolie
woolies
wooly
World
worshipper
wouldest
wrapt
wysiwyg
Xantippe
yack
Yahveh
Yahwe
yarmelke
ycleped
yeshivah
yodeller
yoghourt
yoghurt
yogin
yuppy
Zairean
Zambesi
Zaragoza
Zetland
zombi
Z's
