Manilla
Manilla's
absinth
absinth's
absinths
accurst
adaptor
adaptor's
adaptors
aestival
aline
alined
alinement
alinement's
alinements
alines
alining
altho
amongst
ascendency
ascendency's
ascendent
ascendent's
ascendents
aunty
aunty's
bacterias
bannister
bannister's
bannisters
barbeque
barbeque's
barbequed
barbeques
barbequing
bowlder
bowlder's
bowlders
bussed
busses
bussing
bussing's
bussings
cageyness
cageyness's
cageynesses
cagy
calking's
calkings
cancelation
cantaloup
cantaloup's
cantaloups
caulking's
caulkings
caviare
caviare's
caviares
chile
chile's
chiles
chilis
chilli
chilli's
chillies
cicatrice
cicatrice's
cigaret
cigaret's
cigarets
connecter
connecter's
connecters
connectible
crystalize
crystalized
crystalizes
crystalizing
curtsey
curtsey's
curtseyed
curtseying
curtseys
demagog
demagog's
demagoged
demagoging
demagogry
demagogs
dependance
dependance's
dependances
descendent
descendent's
descendents
despatch
despatch's
despatched
despatches
despatching
dialog's
dialogged
dialogging
dialogs
diecious
dieciously
distil
distils
donut
donut's
donuts
drouth
drouth's
drouthes
edile
edile's
ediles
egis
egis's
egises
employe
employe's
employes
encyclopaedia
encyclopaedia's
encyclopaediac
encyclopaedial
encyclopaedian
encyclopaedias
encyclopaedic
encyclopaedical
encyclopaedically
encyclopaedism
encyclopaedisms
encyclopaedist
encyclopaedists
epaulette
epaulette's
epaulettes
epilog
epilog's
epilogs
esthete
esthete's
esthetes
exorcize
exorcized
exorcizes
exorcizing
extoll
extolls
extravert
extravert's
extraverted
extraverts
faery
faery's
fetich
fetich's
fetiches
filtrable
flannelet
flannelet's
fledgeling
fledgeling's
fledgelings
flyer
flyer's
flyers
focussed
focussing
fuze
fuze's
fuzed
fuzes
fuzing
gage
gage's
gaged
gages
gaging
gasolene
gasolene's
gasolenes
gasses
gelatine
gelatine's
gelatines
glamourization
glamourize
glamourized
glamourizer
glamourizer's
glamourizers
glamourizes
glamourizing
glueing
gobbledegook
gobbledegook's
gobbledegooks
grey
grey's
greyed
greyer
greyest
greying
greys
gybe
gybe's
gybed
gybes
gybing
hoorah
hoorah's
hoorahs
hoorayed
hooraying
hurray's
hurrayed
hurraying
hurrays
ikon
ikon's
ikons
imbed
imbedded
imbedding
imbedment
imbedments
imbeds
inclose
inclosed
incloses
inclosing
jailor
jailor's
jailors
joky
kaftan
kaftan's
kaftans
kerosine
kerosine's
kerosines
kidnaped
kidnaper
kidnaper's
kidnapers
kidnaping
kindergartener
kindergartener's
kindergarteners
laundrette
laundrette's
laundrettes
liquified
liquifier
liquifiers
liquifies
liquify
liquifying
lissom
lissomness
lissomnesses
liveable
lovaebility
loveable
loveableness
loveably
lupin
lupin's
lupins
lustre
lustre's
lustred
lustres
lustring
lustring's
macintosh
macintosh's
macintoshes
manilla
manilla's
matt
matts
mediaeval
mediaeval's
mediaevally
mediaevals
menad
menad's
menadic
menads
miaow
miaow's
miaowed
miaowing
miaows
minibusses
moggie
moggie's
monecious
monolog
monolog's
monologs
multiplexor
multiplexor's
multiplexors
neglig
neglig's
negligs
nonencyclopaedic
organdie
organdie's
pedagog
pedagog's
pedagogs
pediatrist
pediatrist's
pediatrists
pedlar
pedlar's
pedlars
phantasied
phantasies
phantasy
phantasy's
phantasying
pharmacopeial
phoney
phoney's
phoneys
practise
practise's
practised
practises
practising
praesidium
praesidium's
praesidiums
premiss
premiss's
premisses
prenomen
prenomen's
prenomens
prevue
prevue's
prevues
programer
programer's
programers
programme
programmes
prolog
prolog's
prologs
prosopopeia
prosopopeias
questor
questor's
questors
racoon
racoon's
racoons
reenforce
reenforced
reenforces
reenforcing
shaikh
shaikh's
shaikhs
shaykh
shaykh's
shaykhs
sirup
sirup's
sirups
slily
smidge
smidge's
smidgeon
smidgeon's
smidgeons
smidges
smidgin
smidgin's
smidgins
spilt
storey
storey's
storeys
straightjacket
straightjacket's
straightjacketed
straightjacketing
straightjackets
sweep-stake
sweep-stake's
sweepstake
sweepstake's
synch
synch's
synched
synches
synching
teazel
teazel's
teazels
teazle
teazle's
teazles
tiro
tiro's
tiros
titbit
titbit's
titbits
tranquillize
tranquillized
tranquillizer
tranquillizer's
tranquillizers
tranquillizes
tranquillizing
trollied
trollies
trolly
trolly's
trollying
tsar
tsar's
tsars
tzar
tzar's
tzars
unfocussed
useability
useability's
useable
veldt
veldt's
veldts
vender
vender's
venders
vizor
vizor's
vizors
whirr
whirr's
whirrs
wiz's
wizzes
