abetter
abetter's
abetters
accoutre
accoutred
accoutrement
accoutrement's
accoutrements
accoutres
accoutring
acknowledgement
acknowledgement's
acknowledgements
advisor
advisor's
advisors
adz
adz's
aeon
aeon's
aeons
ageing
ageing's
ageings
ameba
ameba's
amebae
amebas
amebic
ameboid
amidst
amoebae
archeologic
archeological
archeologies
archeologist
archeologist's
archeologists
archeology
archeology's
bandana
bandana's
bandanas
barrelled
barrelling
battleax
battleax's
biassed
biassing
binging
blameable
blowsier
blowsiest
blowsy
briar
briar's
briars
cancellable
cancellate
cancellated
cancelled
cancelling
catalogue
catalogue's
catalogued
catalogues
cataloguing
chaperone
chaperone's
chaperones
chimaera
chimaera's
chimaeras
chiselled
chiseller
chiseller's
chisellers
chiselling
chocolatey
clarinettist
clarinettist's
clarinettists
collectable
collectable's
collectables
convertor
convertor's
convertors
cooky
cooky's
crozier
crozier's
croziers
cyclopaedia
cyclopaedia's
cyclopaedias
cypher
cypher's
dentine
dentine's
dentines
dietician
dietician's
dieticians
drily
empanel
empaneled
empaneling
empanelment
empanels
esophaguses
esthetic
esthetic's
esthetics
eying
faggoted
faggoting
fontanelle
fontanelle's
fontanelles
foregather
foregathered
foregathering
foregathers
formulae
frowsier
frowsiest
frowsy
gemmologies
gemmology
gemmology's
glamor
glamor's
glamored
glamoring
glamors
glycerine
glycerine's
glycerines
goodby
goodby's
goodbys
goodie
goodie's
guerilla
guerilla's
guerillas
hah
hippy's
hooray's
hoorays
hurray
imposter
imposter's
imposters
judgemental
judgementaler
judgementalest
leggin
leggin's
leggins
likeabilities
likeability
likeability's
likeable
likeableness
likeableness's
likeablenesses
mollusc
mollusc's
molluscs
molluskan
monologuist
monologuist's
monologuists
moveability
moveable
moveable's
moveables
mynah
mynah's
mynahes
nite
nite's
nites
nitroglycerine
nitroglycerine's
nitroglycerines
nought
nought's
noughts
numbskull
numbskull's
numbskulls
ochreous
ochreouser
ochreousest
omelette
omelette's
omelettes
oversized
postillion
postillion's
postillions
precancellation
preterite
preterite's
preterites
programed
programing
protestor
protestor's
protestors
raccoons
racquet
racquet's
racquets
sabre
sabre's
sabred
sabres
sabring
saki
saki's
sakis
saleable
saleabler
saleablest
sheik
sheik's
sheiks
sizeable
sizeably
slyer
slyest
smoulder
smoulder's
smouldered
smouldering
smoulders
sombre
sombrely
sombreness
sombreness's
sombrenesses
sombrer
sombrest
spiraea
spiraea's
spiraeas
symmetricly
teaselled
teaseller
teaseller's
teasellers
teaselling
teaselling's
teasellings
tempi
thermaesthesia
thermaesthesia's
thraldom
thraldom's
thraldoms
throughway
throughway's
throughways
thru
tranquillities
tranquillity
tranquillity's
travelog
travelog's
travelogs
tumbril
tumbril's
tumbrils
uncancelled
uncancelledder
uncancelleddest
unshakeable
verandah
verandah's
verandahs
virtuosos
wainscotted
wainscotting
wainscotting's
wainscottings
whiskies
whisky
whisky's
whizz
whizz's
wilful
wilfuler
wilfulest
wilfulness
wilfulness's
