Aaedon
Aaedon's
Aaerope
Aaerope's
Acoemetae
Acoemetae's
Acoemetic
Acoemetic's
Acre
Acre's
Aeaetes
Aeaetes's
Aktistetae
Aktistetae's
Alcidae
Alcidae's
Alcithoae
Alcithoae's
Aloeus
Aloeus's
Amalthaea
Amalthaea's
Anchinoae
Anchinoae's
Anoura
Anoura's
Aramaean
Aramaeans
Archaeozic
Archaeozoic
Arctogaea
Arctogaea's
Arctogaean
Arctogaean's
Arctogaeic
Arctogaeic's
Arimathaea
Arimathaea's
Arimathaean
Arimathaean's
Arsinoae
Arsinoae's
Asael
Asael's
Asclepiadae
Asclepiadae's
Asmonaean
Asmonaean's
Assidaean
Assidaean's
Astraea
Astraea's
Australopithecinae
Australopithecinae's
Autonoae
Autonoae's
Baeria
Baeria's
Baerl
Baerl's
Baeyer
Baeyer's
Bare
Bare's
Berea
Berea's
Boaedromius
Boaedromius's
Boehmenism
Boehmenism's
Boehmenist
Boehmenist's
Boehmenite
Boehmenite's
Boelter
Boelter's
Boelus
Boelus's
Bougainvillaea
Bougainvillaea's
Budaenny
Budaenny's
Caenis
Caenis's
Caesaria
Caesaria's
Calendre
Calendre's
Callirrhoae
Callirrhoae's
Cananaean
Cananaean's
Centreville
Centreville's
Chaldaeans
Choaephori
Choaephori's
Circaean
Cloete
Cloete's
Clytiae
Clytiae's
Coelastraceae
Coelastraceae's
Compositae
Cooe
Cooe's
Cyaneae
Cyaneae's
Docetae
Docetae's
Dodonaean
Dodonaean's
Drer
Drer's
Eaetion
Eaetion's
Endres
Eopalaeozoic
Eopalaeozoic's
Euryalae
Euryalae's
Faedor
Faedor's
Foecunditatis
Foecunditatis's
Four
Four's
Freneau
Freneau's
Furiae
Furiae's
Ghebre
Ghebre's
Ghebres
Goes
Goetae
Goetae's
Goetz
Goetz's
Goetzville
Goetzville's
Goura
Goura's
Goyaesque
Graecise
Graecise's
Graecised
Graecised's
Graecising
Graecising's
Graecism
Graecism's
Graecisms
Guebre
Guebre's
Guebres
Haemon
Haemon's
Harmothoae
Harmothoae's
Hasidaean
Hasidaean's
Hasmonaean
Hasmonaeans
Hecataean
Hecataean's
Hekataean
Hekataean's
Here
Here's
Honourable
Honourable's
Idaea
Idaea's
Idaean
Idaean's
Idumaea
Idumaea's
Idumaean
Idumaeans
Imre
Imre's
Ingvaeonic
Ingvaeonic's
Ingwaeonic
Ingwaeonic's
Iphinoae
Iphinoae's
Ire
Ire's
Ituraean
Ituraeans
Joes
Judaean
Judaeans
Judaeophobia
Judaeophobia's
Julidae
Julidae's
Koeppel
Koeppel's
Kossaean
Kossaean's
Krein
Krein's
Labourism
Labourism's
Labourite
Labourite's
Labourites
Landre
Landre's
Laothoae
Laothoae's
Lernaean
Lernaean's
Leucothoae
Leucothoae's
Maccabaean
Madoera
Madoera's
Maera
Maera's
Mandaean
Mandaean's
Mandaeans
Manichaeanism
Manichaeanism's
Manichaeans
Manichaeism
Manichaeism's
Manichaeisms
Manichaeus
Manichaeus's
Manilla
Manilla's
Martae
Martae's
Matthaean
Meliae
Meliae's
Meroae
Meroae's
Moed
Moed's
Moraea
Moraea's
Nabataeans
Nabathaean
Nabathaean's
Neogaea
Neogaea's
Neogaeal
Neogaeal's
Neogaean
Neogaeic
Neogaeic's
Noaemon
Noaemon's
Notogaea
Notogaea's
OK's
OKed
OKing
OKs
Oboe
Oboe's
Ocyrrhoae
Ocyrrhoae's
Palaearctic
Palaeoanthropus
Palaeoanthropus's
Palaeoconcha
Palaeoconcha's
Palaeolithic
Palaeotropical
Palaeotropical's
Paramoecium
Paramoecium's
Pasiphaae
Pasiphaae's
Paviour
Paviour's
Persae
Persae's
Phaaenna
Phaaenna's
Pharisaean
Pharisaean's
Phocaean
Phylactolaema
Phylactolaema's
Phylactolaemata
Phylactolaemata's
Placaean
Placaean's
Plantae
Plantae's
Praetorians
Praetorius
Praetorius's
Prothoaenor
Prothoaenor's
Ptolemaean
Ptolemaean's
Pyrenaean
Pyrenaeus
Pyrenaeus's
Radbourne
Radbourne's
Ramae
Ramae's
Renfred
Renfred's
Rexfourd
Rexfourd's
Rhaetian
Rhaetian's
Rhaetic
Roehm
Roehm's
Roumania
Roumania's
Roumanias
Sabaean
Sabaeans
Saeed
Saeed's
Safire
Safire's
Sanfred
Sanfred's
Sassanidae
Scevour
Scevour's
Semaenov
Semaenov's
Shkodaer
Shkodaer's
Shree
Shree's
Sinae
Sinae's
Spires
Spires's
Squire
Squire's
Theonoe
Theonoe's
Tillfourd
Tillfourd's
Timour
Timour's
Tour
Tour's
Voe
Voe's
Warfourd
Warfourd's
aaerialness
aaerialness's
abetter
abetter's
abetters
abridgement
abridgement's
abridgements
absinth
absinth's
absinths
acalephae
accourage
accouraged
accourages
accouraging
accoutre
accoutred
accoutrement
accoutrement's
accoutrements
accoutres
accoutring
acetonaemia
acetonaemic
achaenia
achaenium
achaeniums
achaenocarp
achroiocythaemia
acidaemia
acknowledgement
acknowledgement's
acknowledgements
acmaesthesia
acroaesthesia
acroanaesthesia
acuaesthesia
adaptor
adaptor's
adaptors
advenae
aec
aedicule
aedicule's
aedility
aeger
aegilops
aeglogue
aegophony
aegritude
aemule
aemuled
aemules
aemuling
aeneid
aeolic
aeolipile
aeolipile's
aeolipiles
aeolotropic
aeon
aeon's
aeonian
aeonism
aeonism's
aeonisms
aeons
aeq
aerical
aerofoil
aerofoil's
aerofoils
aerogel
aerogenesis
aerogenic
aeroplane
aeroplane's
aeroplanes
aeros
aerose
aeruginous
aerugo
aerugos
aesc
aeschynite
aesculapian
aesculetin
aesculin
aesculin's
aesop
aestheses
aesthesia
aesthesia's
aesthesias
aesthesiogen
aesthesiogenic
aesthesiogens
aesthesis
aesthetical
aesthetician
aesthetician's
aestheticians
aestival
aestivate
aestivated
aestivates
aestivating
aestivation
aestivation's
aestivations
aestivator
aestivator's
aestive
aestuate
aestuous
aesture
aestus
aet
aetheling
aethered
aetheric
aetiogenic
aetiologically
aetiologist
aetiologist's
aetiologue
aetiology
aetiology's
aetiophyllin
aetiotropic
aetiotropically
aeviternal
affere
agathodaemon
ageing
ageing's
ageings
agre
aigre
akre
aleucaemic
aleukaemic
algaesthesis
alloxuraemia
althaea
althaea's
althaeas
althaein
aluminium
aluminium's
aluminiums
alveolae
ambicolourate
ambicolouration
ambience
ambience's
ambiences
ambilaevous
amenorrhoea
amenorrhoea's
amenorrhoeal
amenorrhoeas
amenorrhoeic
ammocoete
ammocoete's
ammocoetes
ammoniaemia
amoeban
amoebean
amoebian
amoebiases
amoebiasis
amoebicidal
amoebicide
amoebid
amoebiform
amoebiosis
amoebocyte
amoebocyte's
amoebocytes
amoeboidism
amoeboidism's
amoebous
amoebula
amouret
amourism
amourism's
amourisms
amourist
amourist's
amouristic
amouristics
amourists
amphigaean
amphitheatre
amphitheatre's
amphitheatres
amygdalae
amyxorrhoea
anaematosis
anaemia
anaemia's
anaemias
anaemic
anaemically
anaemicer
anaemicest
anaemics
anaeretic
anaesthesia
anaesthesia's
anaesthesiant
anaesthesias
anaesthesiologies
anaesthesiologist
anaesthesiologist's
anaesthesiologists
anaesthesiology
anaesthesiology's
anaesthesis
anaesthetic
anaesthetic's
anaesthetically
anaestheticer
anaestheticest
anaesthetics
anaesthetist
anaesthetist's
anaesthetists
anaesthyl
anaetiological
analysability
analysability's
analysable
analysabler
analysablest
analysation
analysation's
analysations
analyse
analysed
analyser
analyser's
analysers
analysing
anapaestically
anapnoeic
ancillae
angraecum
anhaematopoiesis
anhaematopoiesis's
anhaematosis
anhaemolytic
anhydraemia
anhydraemic
anoesis
anoestra
anoestri
anoestrous
anoestrum
anoestrus
anoestrus's
anoestruses
anoetic
anoxaemia
anoxaemia's
anoxaemic
anserinae
anthoecological
anthoecologist
anthoecology
anthracaemia
anticatalyser
anticatalyser's
anticatalysers
antiepicentre
antiepicentre's
antiepicentres
antilabour
antilabour's
antilabours
antiloemic
antimediaeval
antimediaevalism
antimediaevalism's
antimediaevalist
antimediaevalist's
antimediaevally
antirumour
antirumour's
antirumours
antisyphon
antisyphon's
antisyphons
anvilled
anvilling
apaesthesia
apaesthetic
aphaereses
aphaeresis
aphaeresis's
aphaeretic
apnoea
apnoea's
apnoeal
apnoeas
apnoeic
apocentre
apogaeic
aporrhoea
appal
appals
apparelled
apparelling
araeometric
araeometrical
araeostyle
araeostyles
araeosystyle
arbalestre
arbour
arbour's
arboured
arboures
arbours
archae
archaeal
archaean
archaei
archaeoastronomies
archaeoastronomy
archaeocyte
archaeocyte's
archaeol
archaeolithic
archaeologian
archaeometries
archaeometry
archaeozoic
archaeus
ardour
ardour's
ardours
areic
arenicolour
areographer
areographic
areographical
areographies
areography
areography's
areolae
areologic
areological
areologies
areologist
areologist's
areology
areology's
areometer
areometers
aristae
armour
armour's
armourbearer
armourbearer's
armoured
armourer
armourer's
armourers
armouried
armouries
armouring
armourless
armours
armoury
armoury's
aromatitae
arse
arse's
arsehole
arsehole's
arseholes
arses
artefact
artefact's
artefacts
arthroempyesis
arytaenoid
arytaenoids
asafoetida
asafoetida's
asafoetidas
assafoetida
assafoetidas
astraean
atmolyse
atmolysed
atmolyses
atmolysing
atrocoeruleus
attempre
auntre
autocatalyse
autocatalysed
autocatalyses
autocatalysing
autodialler
autoecious
autoeciously
autoeciousness
autoeciousness's
autoecism
autoecism's
autoecisms
autoecy
autolysate
autolysates
autolyse
autolysed
autolyses
autolysing
autotoxaemia
autotoxaemia's
autotoxaemias
axe
axe's
azotaemia
azotorrhoea
bacillaemia
bacillaemias
backpedalled
backpedalling
bacteraemia
bacteraemia's
bacteraemias
bacteriaemia
bael
bael's
baels
bandanna
bandanna's
bandannas
barrelled
barrelling
barycentre
bastinadoed
bastinadoes
baulk
baulk's
baulked
baulking
baulks
beclamour
beclamoured
beclamouring
beclamours
becolour
becudgelled
becudgelling
bedevilled
bedevilling
bedrivelled
bedrivelling
befavour
beglamour
beglamoured
beglamouring
beglamours
behaviour
behaviour's
behavioural
behaviouraler
behaviouralest
behaviourally
behavioured
behaviourism
behaviourism's
behaviourisms
behaviourist
behaviourist's
behaviouristic
behaviouristicer
behaviouristicest
behaviouristics
behaviourists
behaviours
behove
behove's
behoved
behoves
behoving
behoving's
behovingly
behovings
bejewelled
bejewelling
belabour
belabour's
belaboured
belabouring
belabours
bemedalled
bevelled
beveller
beveller's
bevellers
bevelling
bevellings
bicolour
bicolour's
bicoloured
bicolouredder
bicoloureddest
bicolourer
bicolourest
bicolourous
bicolours
bimetallist
bimetallistic
biocoenology
biocoenose
biocoenoses
biocoenosis
biocoenotic
bistre
bistre's
bistred
bistredder
bistreddest
bistres
bittour
bittours
blameable
blastocoele
blastulae
blennoemesis
blennorrhoea
blowsier
blowsiest
blowsy
boehmenism
boloed
bour
bourage
bourasque
bourd
bourds
bourg
bowelled
bowelling
bradypnoea
breathalyse
breathalysed
breathalyser
breathalyser's
breathalysers
breathalyses
breathalysing
breloque
breme
bren
briar
briar's
briars
bromoethylene
bushelled
busheller
busheller's
bushellers
bushelling
bushellings
bussed
busses
bussing
bussing's
bussings
cacaesthesia
cachaemia
cachaemic
cacoaethes
cacoaethes's
cacodaemon
cacodaemoniac
cacodaemonial
cacodaemonic
cacodaemons
cadastre
cadastre's
cadastres
caecally
caecitis
caecitises
caecity
caecostomy
caecotomy
caenogenetic
caenogenetically
caenozoic
caerule
caesar
caesious
caesium
caesium's
caesiums
caespitose
caespitosely
caestus
caestuses
caesural
caffre
calandre
calcaemia
calibre
calibre's
calibres
callisthenics
calodaemon
camisadoes
canalled
canaller
canallers
canalling
cancellable
cancellate
cancellated
cancelled
canceller
canceller's
cancellers
cancelling
cancellous
candour
candour's
candours
canephorae
canephoroe
caracolled
caracolling
carbonadoes
cardiae
carduelinae
carolled
caroller
caroller's
carollers
carolling
carotinaemia
catalogue
catalogue's
catalogued
cataloguer
cataloguer's
cataloguers
catalogues
cataloguing
catalyse
catalysed
catalyser
catalyser's
catalysers
catalysing
cavillation
cavilled
caviller
caviller's
cavillers
cavilling
cavillings
centilitre
centilitre's
centilitres
centimetre
centimetre's
centimetres
centre
centre's
centreable
centreable's
centreables
centreboard
centreboard's
centreboards
centred
centrefold
centrefold's
centrefolds
centreless
centrelesser
centrelessest
centreline
centreline's
centrelines
centremost
centrepiece
centrepiece's
centrepieces
centrer
centrers
centres
centring
centring's
centrings
chacoes
chaetopod
chalazae
channelled
channeller
channeller's
channellers
channelling
chaperone
chaperone's
chaperones
charre
chelicerae
cheque
cheque's
chequebook
chequebook's
chequebooks
chequed
chequer
chequer's
chequerboard
chequerboard's
chequerboards
chequered
chequering
chequers
chequers's
cheques
chequing
cherely
chiffre
childre
chilli
chilli's
chillies
chimaerid
chimaerids
chimaerism
chimaerisms
chiselled
chiseller
chiseller's
chisellers
chiselling
chloraemia
chloranaemia
chloroanaemia
chocolatey
choenix
choenixes
cholaemia
cholaemias
cholophaein
chromaesthesia
cicatriculae
cicatrix
cicatrix's
cimicidae
cintre
circumcentre
circumcentres
circumoesophagal
cithren
cithrens
clamour
clamour's
clamoured
clamourer
clamourer's
clamourers
clamouring
clamourist
clamourist's
clamours
clamoursome
clangour
clangour's
clangoured
clangouring
clangours
clarinettist
clarinettist's
clarinettists
claroes
clausulae
clowre
coe
coelastraceous
coelestine
coeliac
coeliacs
coelialgia
coeliomyalgia
coeliorrhea
coelioscopy
coeliotomy
coelom
coelom's
coeloma
coelomata
coeloms
coeloscope
coeloscope's
coenacle
coenacle's
coenaculum
coenamour
coenamoured
coenamouring
coenamourment
coenamours
coenesthesia
coenesthesia's
coenesthesias
coenesthesis
coenobe
coenobite
coenobite's
coenobites
coenobitic
coenobitical
coenobitism
coenobitism's
coenobium
coenoby
coenogenetic
coenosite
coenospecies
coenospecific
coenospecifically
coeruleolactite
coetus
collectable
collectable's
collectables
colour
colour's
colourabilities
colourability
colourability's
colourable
colourable's
colourableness
colourableness's
colourablenesses
colourabler
colourables
colourablest
colourablier
colourablies
colourabliest
colourably
colouradan
colouradans
colourado
colouradoite
colouradoite's
colourama
colourant
colourant's
colourants
colourate
colourative
colourbearer
colourbearer's
colourblind
colourblindness
colourblindness's
colourblindnesses
colourbred
colourbreed
colourbreeding
colourbreeds
colourcast
colourcast's
colourcasted
colourcaster
colourcasters
colourcasting
colourcasts
colourectal
colourectitis
colourectostomy
coloured
coloured's
coloureds
colourer
colourer's
colourers
colourest
colourfast
colourfastness
colourfastness's
colourfastnesses
colourful
colourfuler
colourfulest
colourfullier
colourfulliest
colourfully
colourfulness
colourfulness's
colourfulnesses
colourific
colourific's
colourifics
colourimetrical
colourimetrically
colourimetrist
colourimetrist's
colourin
colouring
colouring's
colourings
colourism
colourisms
colourist
colourist's
colouristic
colouristically
colouristicer
colouristicest
colouristics
colourists
colourless
colourlesser
colourlessest
colourlesslier
colourlessliest
colourlessly
colourlessness
colourlessness's
colourlessnesses
colourmaker
colourmaking
colourman
colourman's
colourmap
colourmap's
colourmaps
colourmen
colouroto
colourpoint
colourpoints
colourrhaphy
colours
colourtype
colourway
colourways
coloury
comoedia
compoer
concentre
concentred
concentres
concentring
conchae
concolour
concolourous
concretist
congoes
copraemia
copraemic
coralled
corbelled
corbelling
corbelling's
corbellings
cortinae
corvae
coryphae
coryphaes
cosied
cosier
cosies
cosiest
cosily
cosiness
cosiness's
cosplendour
costae
costumire
cosy
cosy's
cosying
cottae
cotylae
councillor
councillor's
councillors
councillorship
councillorship's
councillorships
counselled
counsellee
counselling
counsellor
counsellor's
counsellors
counsellorship
counsellorship's
counsellorships
countercoloured
countour
couranto
courantoes
courantos
courbe
courbed
courge
coursy
courtage
courtin
cramboes
cre
crea
creat
creatin
creatins
cree
cree's
crees
crenellate
crenellated
crenellater
crenellates
crenellatest
crenellating
crenellation
crenellation's
crenellations
crenelled
crenelling
creolite
crozier
crozier's
croziers
crueller
cruellest
cryaesthesia
cryoanaesthesia
cryptaesthesia
cryptaesthesias
cryptaesthetic
cudgelled
cudgeller
cudgeller's
cudgellers
cudgelling
cudgellings
culicidae
cupellation
cupelled
cupeller
cupeller's
cupellers
cupelling
cupulae
cuticolour
cuvae
cyanomethaemoglobin
cyclopaedic
cyclopaedically
cyclopaedist
cyclopaedist's
cymae
daedal
daedalian
daemonian
daeva
danae
danaidae
decalitre
decalitre's
decalitres
decametre
decametre's
decametres
decentres
decigramme
decigramme's
decigrammes
decilitre
decilitre's
decilitres
decimetre
decimetre's
decimetres
decolour
decolourant
decolourants
decolourate
decolourated
decolourates
decolouration
decolouration's
decolourations
decoloured
decolourimeter
decolouring
decolours
defence
defence's
defenced
defenceless
defencelesser
defencelessest
defencelesslier
defencelessliest
defencelessly
defencelessness
defencelessness's
defencelessnesses
defenceman
defenceman's
defencemen
defences
defencing
defoedation
dekagramme
dekagramme's
dekagrammes
dekalitre
dekalitre's
dekalitres
dekametre
dekametre's
dekametres
delustre
demeanour
demeanour's
demeanours
demilustre
dentine
dentine's
dentines
dependant
dependant's
dependants
dermatorrhoea
descendent
develled
develling
devilled
devilling
diaene
diaeretic
dialled
dialler
dialler's
diallers
dialling
dialling's
diallings
diallist
diallist's
diallists
dialysabilities
dialysability
dialysability's
dialysable
dialysable's
dialysabler
dialysables
dialysablest
dialysate
dialysate's
dialysates
dialysation
dialysation's
dialyse
dialysed
dialyser
dialyser's
dialysers
dialysing
diarrhoea
diarrhoea's
diarrhoeal
diarrhoealer
diarrhoealest
diarrhoeas
diarrhoeic
diarrhoeicer
diarrhoeicest
diarrhoetic
diarrhoeticer
diarrhoeticest
diethylstilboestrol
diethylstilboestrol's
dioestrous
dioestrual
dioestrum
dioestrus
dioestrus's
dioestruses
dioptre
dioptre's
dioptres
diploae
diploae's
disbowelled
disbowelling
discolour
discolour's
discolourate
discolourated
discoloured
discoloured's
discolouredness
discoloureds
discolouring
discolourment
discolourment's
discolourments
discolours
disembowelled
disembowelling
disfavour
disfavour's
disfavoured
disfavourer
disfavourer's
disfavourers
disfavouring
disfavours
dishevelled
disheveller
dishevelling
dishonour
dishonour's
dishonourable
dishonourable's
dishonourableness
dishonourableness's
dishonourablenesses
dishonourabler
dishonourables
dishonourablest
dishonourablier
dishonourablies
dishonourabliest
dishonourably
dishonourary
dishonoured
dishonourer
dishonourer's
dishonourers
dishonouring
dishonours
dishumour
dishumoured
dishumours
dislustre
dissceptre
dissceptre's
dissceptres
disseisin
disseisin's
disseisins
disseisor
disseisor's
disseisors
distil
distils
diversicoloured
divinistre
dognapped
dognapping
dolour
dolour's
dolours
dominae
dorylinae
doura
dowelled
doweller
dowelling
downdraught
downdraught's
dracaena
dracaenaceae
dracaenas
draught
draught's
draughtier
draughtiest
draughtilier
draughtiliest
draughtily
draughtiness
draughtiness's
draughtinesses
draughts
draughtsman
draughtsman's
draughtsmanship
draughtsmanship's
draughtsmanships
draughtsmen
draughtsperson
draughtswoman
draughtswoman's
draughtswomen
draughty
dreamed
drek
drily
drivelled
driveller
driveller's
drivellers
drivelling
duelled
dueller
dueller's
duellers
duelling
duellings
duellist
duellist's
duellists
dure
dysaesthesia
dysaesthetic
dysmenorrhoea
dysmenorrhoea's
dysmenorrhoeal
dysmenorrhoeas
dysmenorrhoeic
dyspnoea
dyspnoea's
dyspnoeal
dyspnoeas
dyspnoeic
ectocoelic
ectoethmoid
egre
elaeoblast
elaeolite
elaeomargaric
elaeometer
elaeoptene
elaeoptene's
electroanaesthesia
electroanaesthesia's
electroanaesthesias
electrodialyse
electrodialyser
electrodialyser's
electrodialysers
electrodialyses
electrohomoeopathies
electrohomoeopathy
electrohomoeopathy's
electrolyse
electrolysed
electrolyses
electrolysing
embowelled
embowelling
empaestic
enamelled
enameller
enameller's
enamellers
enamelling
enamellings
enamellist
enamellist's
enamellists
enamour
enamour's
enamoured
enamoured's
enamouredness
enamouredness's
enamourednesses
enamoureds
enamouring
enamourment
enamourment's
enamourments
enamours
enarbour
enarbour's
enarbours
encephalocoele
encolour
encolour's
encoloured
encolouring
encolours
endamoeba
endamoebae
endamoebas
endamoebiasis
endamoebic
endeavour
endeavour's
endeavoured
endeavourer
endeavourer's
endeavourers
endeavouring
endeavours
enhaemospore
enharbour
enquire
enquired
enquires
enquiries
enquiring
enquiry
enquiry's
enrol
enrolment
enrolment's
enrolments
enrols
ensepulchre
ensepulchre's
ensepulchred
ensepulchres
ensepulchring
ensorcelled
ensorcells
entamoeba
entamoebae
entamoebas
entamoebic
entendre
entendres
enterocoele
enterocoeles
enthral
enthralment
enthralment's
enthralments
enthrals
entocoele
entrae
envapour
envapour's
envapours
epaenetic
epaulette
epaulette's
epaulettes
ephetae
epicentre
epicentre's
epicentres
epicoele
epigaeal
epigaean
epigaeous
equalled
equalling
erythraean
erythraemia
escaladoes
eudaemon
eudaemonia
eudaemonic
eudaemonics
eudaemonism
eudaemonisms
eudaemonist
eudaemonist's
eudaemonistic
eudaemonistical
eudaemonistically
eudaemonists
eudaemons
eudaemony
eupnoea
eupnoea's
eupnoeas
eupnoeic
eviller
evillest
exaestuate
exsiccatae
fae
faecal
faecalith
faeces
faeces's
faecula
faeculence
faggoted
faggoting
faitour
faitours
faoence
faoence's
fasciolae
favour
favour's
favourable
favourable's
favourableness
favourableness's
favourablenesses
favourabler
favourables
favourablest
favourablier
favourabliest
favourably
favoured
favoured's
favouredlier
favouredliest
favouredly
favouredness
favouredness's
favourednesses
favoureds
favourer
favourer's
favourers
favouress
favouring
favouring's
favouringlier
favouringliest
favouringly
favourings
favourite
favourite's
favouriter
favourites
favouritest
favouritism
favouritism's
favouritisms
favourless
favourlesser
favourlesses
favourlessest
favours
fayre
femtometre
fere
feres
feriae
ferrelled
ferrelling
fervour
fervour's
fervourless
fervourlesses
fervours
feutre
fibre
fibre's
fibreboard
fibreboard's
fibreboards
fibred
fibrefill
fibrefill's
fibrefills
fibreglass
fibreglass's
fibreglasses
fibreless
fibrelesser
fibrelesses
fibrelessest
fibres
fibrescope
fibrescopes
fibreware
flannelled
flannelling
flautist
flautist's
flautists
flavour
flavour's
flavoured
flavourer
flavourer's
flavourers
flavourful
flavourfuler
flavourfulest
flavourfullier
flavourfulliest
flavourfully
flavourier
flavouriest
flavouring
flavouring's
flavourings
flavourless
flavourlesser
flavourlesses
flavourlessest
flavourous
flavours
flavoursome
flavoursomer
flavoursomest
flavoury
floramour
flyer
flyer's
flyers
foedarie
foedaries
foetal
foetaler
foetalest
foetalism
foetation
foetation's
foeticidal
foeticide
foeticide's
foeticides
foetiferous
foetiparous
foetor
foetor's
foetors
foetoscopies
foetoscopy
foeture
fogey
fogey's
fogeys
fontanelle
fontanelle's
fontanelles
foregather
foregathered
foregathering
foregathers
forejudgement
forejudgement's
forejudgements
formae
formicidae
formulae
fossae
fossilled
fossulae
fouldre
fourb
fourche
foutre
foutres
foveolae
fraena
fraenula
fraenular
fraenulum
fraenulum's
fraenum
fraenum's
fraenums
framboesia
framboesia's
framboesias
fred
freity
fribourg
frivolled
frivoller
frivoller's
frivollers
frivolling
fuelled
fueller
fueller's
fuellers
fuelling
fulfil
fulfilment
fulfilment's
fulfilments
fulfils
fulgour
fulgourous
fulgours
funnelled
funneller
funnelling
furculae
gae
gaed
galactorrhoea
galactorrhoeas
galactosaemia
galactosaemias
galeae
gambadoes
gambolled
gambolling
garrulinae
gastraea
gastraeas
gastrocoele
gauffre
gaufre
gaufres
gavelled
gaveller
gavelling
gelofre
gemmologies
gemmology
gemmology's
geodaesia
gessoed
gessoes
gestae
gimballed
gimballing
glamourless
glebae
globigerinae
glucaemia
glucosaemia
glutaei
glutaeus
glycaemia
glycaemic
glycerine
glycerine's
glycerines
glycohaemia
glycosaemia
gobbledegook
gobbledegook's
gobbledegooks
goe
goey
goitre
goitre's
goitres
goloe
goloshoes
gonorrhoea
gonorrhoea's
gonorrhoeal
gonorrhoealer
gonorrhoealest
gonorrhoeas
gonorrhoeic
gospeller
gospeller's
gospellers
gour
goura
gouramies
gourmandism
gourmandism's
gourmandisms
graecian
graecism
gravelled
gravelling
gre
greenuk
grene
gres
grey
grey's
greyed
greyer
greyest
greying
greyish
greyness
greyness's
greys
grovelled
groveller
groveller's
grovellers
grovelling
grovellinglier
grovellingliest
grovellingly
groyne
groyne's
groynes
gruelled
grueller
grueller's
gruellers
gruelling
gruelling's
gruellingly
gruellings
gulae
guttae
guttulae
gybe
gybe's
gybed
gybes
gybing
gynae
gynaecic
gynaecocracies
gynaecocracy
gynaecocracy's
gynaecocrat
gynaecocrat's
gynaecocratic
gynaecocraticer
gynaecocraticest
gynaecocrats
gynaecoid
gynaecol
gynaecologic
gynaecological
gynaecological's
gynaecologicaler
gynaecologicalest
gynaecologicals
gynaecologicer
gynaecologicest
gynaecologics
gynaecologies
gynaecologist
gynaecologist's
gynaecologists
gynaecology
gynaecology's
gynaecomastia
gynaecomastia's
gynaecomastias
gynaecomasty
gynaecomasty's
gynaecomorphous
gynaeconitis
gynaeocracy
gynaeolater
gynaeolatry
gynomonoecious
haed
haemachrome
haemachrome's
haemacytometer
haemacytometer's
haemad
haemagglutinate
haemagglutinated
haemagglutinating
haemagglutination
haemagglutination's
haemagglutinative
haemagglutinin
haemagogue
haemal
haemangioma
haemangioma's
haemangiomas
haemangiomata
haemangiomatosis
haemapophysis
haemaspectroscope
haematal
haematein
haematein's
haematemesis
haematherm
haemathermal
haemathermous
haematic
haematics
haematid
haematin
haematin's
haematinic
haematinic's
haematinics
haematins
haematite
haematite's
haematites
haematitic
haematoblast
haematoblast's
haematoblasts
haematobranchiate
haematocele
haematocele's
haematocrit
haematocrit's
haematocrits
haematocryal
haematocyst
haematocyst's
haematocystis
haematocyte
haematocyte's
haematogeneses
haematogenesis
haematogenesis's
haematogenous
haematoid
haematoidin
haematologic
haematological
haematologies
haematologist
haematologist's
haematologists
haematology
haematology's
haematolysis
haematoma
haematoma's
haematomas
haematomata
haematometer
haematophyte
haematophyte's
haematopoieses
haematopoiesis
haematopoietic
haematorrhachis
haematosepsis
haematosin
haematosis
haematosis's
haematothermal
haematoxylic
haematoxylin
haematoxylin's
haematoxylins
haematozoa
haematozoal
haematozoic
haematozoon
haematozoon's
haematozzoa
haematuria
haematuria's
haematurias
haemic
haemin
haemin's
haemins
haemoblast
haemoblast's
haemochromatoses
haemochromatosis
haemochrome
haemocoel
haemocoels
haemoconcentration
haemoconcentration's
haemoconia
haemocyanin
haemocyanins
haemocyte
haemocyte's
haemocytes
haemocytoblast
haemocytoblast's
haemocytoblastic
haemocytometer
haemodialyses
haemodialysis
haemodialysis's
haemodilution
haemodynamic
haemodynamics
haemodynamics's
haemoflagellate
haemoflagellate's
haemoglobic
haemoglobin
haemoglobin's
haemoglobinopathies
haemoglobinopathy
haemoglobinous
haemoglobinuria
haemoglobinuria's
haemogram
haemoid
haemolysin
haemolysin's
haemolysis
haemolytic
haemometer
haemophile
haemophile's
haemophilia
haemophilia's
haemophiliac
haemophiliac's
haemophiliacs
haemophilic
haemopod
haemopoiesis
haemoptyses
haemoptysis
haemoptysis's
haemorrhage
haemorrhage's
haemorrhaged
haemorrhages
haemorrhaging
haemorrhoid
haemorrhoidal
haemorrhoidectomy
haemorrhoidectomy's
haemorrhoids
haemosporid
haemosporidian
haemostases
haemostasia
haemostasis
haemostasis's
haemostatic
haemothorax
haemothorax's
haemotoxic
haemotoxin
haemotoxin's
haeredes
haet
haets
handselled
handselling
hanky
hanky's
hanselled
hanselling
harbour
harbour's
harbourage
harbourage's
harbourages
harboured
harbourer
harbourer's
harbourers
harbourful
harbouring
harbourless
harbourlesser
harbourlesses
harbourlessest
harbourous
harbours
harbourside
harbourward
hatchelled
hatchelling
haviour
havioured
haviours
hectolitre
hectolitre's
hectolitres
hectometre
hectometre's
hectometres
helloed
heloe
hemamoeba
hemihypoesthesia
hemoerythrin
hepatorrhoea
hetaeric
hetaerism
heteroecious
hexachloroethane
hexachloroethanes
hexoestrol
hilloaed
hippy's
hirselled
hirselling
homoeoblastic
homoeobox
homoeochromatic
homoeochronous
homoeocrystalline
homoeogenic
homoeogenous
homoeoid
homoeokinesis
homoeomeric
homoeomeries
homoeomerous
homoeomery
homoeomorph
homoeomorph's
homoeomorphic
homoeomorphies
homoeomorphous
homoeomorphs
homoeomorphy
homoeopathicallier
homoeopathicalliest
homoeopathically
homoeopathician
homoeopathicity
homoeopathist
homoeopathist's
homoeopathists
homoeophony
homoeoplasia
homoeoplastic
homoeoplasy
homoeopolar
homoeoses
homoeosis
homoeostases
homoeostasis
homoeostasis's
homoeoteleuton
homoeoteleutons
homoeothermal
homoeothermic
homoeothermous
homoeotic
homoeotype
homoeotypic
homoeotypical
homoeozoic
honour
honour's
honourabilities
honourability
honourability's
honourable
honourable's
honourableness
honourableness's
honourablenesses
honourabler
honourables
honourableship
honourableship's
honourableships
honourablest
honourablier
honourablies
honourabliest
honourably
honoured
honouree
honouree's
honourees
honourer
honourer's
honourers
honouring
honourless
honourlesser
honourlesses
honourlessest
honours
horae
houselled
houselling
housellings
hovelled
hoveller
hovellers
hovelling
humour
humour's
humoural
humoured
humourer
humourers
humourful
humouring
humourless
humourlesser
humourlesses
humourlessest
humourlessness
humourlessness's
humourlessnesses
humours
humoursome
humoursomeness
hure
hyaenic
hydraemia
hydraemia's
hydraemias
hydraemic
hydrocoele
hydrolyse
hydrolysed
hydrolysing
hydrorrhoea
hymenaean
hypaesthesia
hypaesthesia's
hypaesthesias
hypaesthesic
hypaethral
hyperaemia
hyperaemia's
hyperaemias
hyperaemic
hyperaesthesia
hyperaesthesia's
hyperaesthesias
hyperaesthete
hyperaesthete's
hyperaesthetic
hyperaestheticer
hyperaestheticest
hypercalcaemia
hypercalcaemias
hypercalcinaemia
hypercatharses
hyperchloraemia
hypercholesterolaemia
hypercholesterolaemias
hypercryaesthesia
hyperglycaemic
hyperlipaemia
hyperlipaemic
hyperlipidaemia
hypernatraemia
hyperpnoea
hyperpnoea's
hypnopaedia
hypnopaedias
hypocentre
hypocentre's
hypocentres
hypogaea
hypogaeal
hypogaean
hypogaeic
hypogaeous
hypogaeum
hypomagnesaemia
hypomagnesaemias
hypomenorrhoea
hypomenorrhoeas
hypopnoea
hypopnoea's
hypoxaemia
hypoxaemias
hypoxaemic
ichorrhaemia
ichorrhoea
idolastre
ileocaecal
impanel
impanelled
impanelling
impanelment
impanels
impastoed
imperilled
imperilling
impostor
impostor's
impostors
imprescriptible
inaesthetic
incentre
incentres
increate
indigenae
indraught
indraught's
indraughts
infree
initialled
initialler
initialler's
initiallers
initialling
instalment
instalment's
instalments
instil
instils
interhaemal
interjudgement
interjudgement's
interjudgements
intimae
invigour
ipomoea
ischaemia
ischaemia's
ischaemias
ischaemic
jacobaean
jewelled
jeweller
jeweller's
jewellers
jewellery
jewellery's
jewelling
jour
jours
judgement
judgement's
judgemental
judgementaler
judgementalest
judgements
kaed
kaftan
kaftan's
kaftans
kanae
kemboed
kennelled
kennelling
kerb
kerb's
kerbed
kerbing
kerbs
kernelled
kernelling
ketonaemia
kilolitre
kilolitre's
kilolitres
kilometre
kilometre's
kilometres
kinaestheses
kinaesthesia
kinaesthesia's
kinaesthesias
kinaesthesis
kinaesthesis's
kinaesthetic
kinaestheticallier
kinaestheticalliest
kinaesthetically
kinaestheticer
kinaestheticest
kinaesthetics
kindergartener
kindergartener's
kindergarteners
koellia
labellable
labelled
labeller
labeller's
labellers
labelling
labiatae
labour
labour's
labourabilities
labourability
labourability's
labourable
labourable's
labourables
labourage
laboured
labouredlier
labouredliest
labouredly
labouredness
labouredness's
labourednesses
labourer
labourer's
labourers
labouress
labourhood
labourhood's
labourhoods
labouring
labouring's
labouringlier
labouringliest
labouringly
labourings
labourism
labourism's
labourisms
labourist
labourist's
labourists
labourite
labourite's
labourites
labourless
labourlesser
labourlesses
labourlessest
labours
laboursaving
laboursome
laboursomely
lacklustre
lacklustre's
lacklustrer
lacklustres
lacklustrest
laevigate
laevigated
laevigates
laevigating
laevo
laevoduction
laevogyrate
laevogyre
laevogyrous
laevolactic
laevorotation
laevorotation's
laevorotations
laevorotatory
laevotartaric
laevoversion
laevulin
laevulose
laevulose's
laevuloses
lapelled
lastre
laurae
laurelled
laurelling
lavoltaed
leguminosae
leporidae
leptospirae
lernaean
leucaemia
leucaemias
leucaemic
leuchaemia
leucocythaemia
leucocythaemic
leucorrhoea
leucorrhoea's
leucorrhoeal
leucorrhoeas
leukaemia
leukaemia's
leukaemias
leukaemogeneses
leukaemogenesis
leukorrhoea
leukorrhoeal
levelled
leveller
leveller's
levellers
levellest
levelling
levelling's
libellant
libellant's
libellants
libelled
libellee
libellee's
libellees
libeller
libeller's
libellers
libelling
libellous
libellouser
libellousest
libellouslier
libellousliest
libellously
licence
licence's
licenceless
licencelesses
licences
lignosae
ligulae
likeabilities
likeability
likeability's
likeable
likeableness
likeableness's
likeablenesses
lingoe
lipaemia
lipaemic
lipoidaemia
lissom
lissomness
lissomnesses
lithaemia
lithaemic
lithoed
lithopaedion
lithopaedium
lithophysae
litre
litre's
litres
liveable
lodiculae
loesses
logopaedic
logopaedics
logopaedics's
logorrhoea
logorrhoea's
logorrhoeas
longaeval
longaevous
looed
lourdy
lourings
loury
loutre
louvre
louvre's
louvred
louvres
lunulae
lupin
lupin's
lupins
lustre
lustre's
lustred
lustreless
lustrelesser
lustrelessest
lustres
lustreware
lustreware's
lustrewares
lustring
lustring's
lutrinae
lymphaemia
lymphoedema
maaed
macrandre
maculae
maeandrine
maeandriniform
maegbote
maigre
mainour
mainours
maistres
majusculae
malodour
malodour's
malodourousness
malodours
mandore
manilla
manilla's
manoeuvrabilities
manoeuvrability
manoeuvrability's
manoeuvrable
manoeuvrabler
manoeuvrablest
manoeuvre
manoeuvre's
manoeuvred
manoeuvrer
manoeuvrer's
manoeuvrers
manoeuvres
manoeuvring
manoeuvrings
mantoes
margaritae
marshalled
marshalling
marvelled
marveller
marvelling
marvellous
marvellouser
marvellousest
marvellouslier
marvellousliest
marvellously
marvellousness
marvellousness's
marvellousnesses
matres
matt
matts
maugre
meagre
meagrer
meagrest
medalled
medalling
medallist
medallist's
medallists
mediaevalism
mediaevalism's
mediaevalisms
mediaevally
megaerg
megametre
melaena
melaenic
melanaemia
melanaemic
melinae
melitaemia
melithaemia
meloe
meningorrhoea
menorrhoea
menorrhoeas
menorrhoeic
mensae
mephitinae
mesogloea
mesogloeal
mesogloeas
metacentre
metacentre's
metacentres
metalled
metalling
methaemoglobin
metoestrus
metoestrus's
metopae
metre
metre's
metregram
metreless
metres
metreship
miaow
miaow's
miaowed
miaowing
miaows
micellae
micraesthete
microcolourimeter
microcolourimetric
microcolourimetrically
microcolourimetry
microlitre
microlitre's
microlitres
micrometre
micrometre's
micrometres
micromillimetre
micromillimetre's
micromillimetres
micropalaeontologies
micropalaeontologist
micropalaeontologists
micropalaeontology
micropalaeontology's
microsphaeric
millilitre
millilitre's
millilitres
millimetre
millimetre's
millimetres
misbehaviour
misbehaviour's
misbehaviours
miscolour
miscolour's
miscolouration
miscoloured
miscolouring
miscolours
misdemeanour
misdemeanour's
misdemeanours
misjudgement
misjudgement's
misjudgements
mislabelled
mislabelling
mislabour
mislabour's
mislaboured
mislabouring
mislabours
misopaedia
misopaedism
misopaedist
misopaedist's
misrouteing
mitre
mitre's
mitred
mitreflower
mitrer
mitrer's
mitres
mitrewort
mitrewort's
mitreworts
mitring
modelled
modeller
modeller's
modellers
modelling
modelling's
modellings
moeck
moellon
moggie
moggie's
mollusc
mollusc's
molluscs
monoecian
monoestrous
monometallism
monometallist
morselled
morselling
morulae
mould
mould's
moulded
moulder
moulder's
mouldered
mouldering
moulders
mouldier
mouldiest
moulding
moulding's
mouldings
moulds
mouldy
moult
moult's
moulted
moulting
moults
mourne
mourningly
moustache
moustache's
moustached
moustaches
mucorrhoea
mucosae
multicolour
multicolour's
multicoloured
multicolouredder
multicoloureddest
multicolourous
multicolours
multifibred
multifibred's
multifibreds
multilevelled
muraena
muraenas
mycohaemia
myelocoele
myelocythaemia
mynah
mynah's
mynahes
myocoele
myohaematin
myrialitre
myriametre
mythopoeic
mythopoeist
myxaemia
myxamoeba
myxoedema
myxoedema's
myxoedemas
myxoedematous
myxoedemic
naeves
naevoid
nanogramme
nanogrammes
nanometre
nanometre's
nanometres
napaea
necraemia
neebour
neighbour
neighbour's
neighboured
neighbourer
neighbourer's
neighbourers
neighbouress
neighbourhood
neighbourhood's
neighbourhoods
neighbouring
neighbourings
neighbourless
neighbourlesser
neighbourlesses
neighbourlessest
neighbourlier
neighbourliest
neighbourlike
neighbourlike's
neighbourlikes
neighbourliness
neighbourliness's
neighbourlinesses
neighbourly
neighbours
neighbourship
neighbourship's
neighbourships
neoencephalon
nephrocoele
nere
neurocoele
neurocoelian
neuroepithelium
nickelled
nickelling
nielloed
nigre
nitre
nitre's
nitres
nitroglycerine
nitroglycerine's
nitroglycerines
nonacknowledgement
nonacknowledgement's
nonacknowledgements
nonaesthetic
nonaesthetical
nonaesthetically
nonanaemic
noncolour
noncolour's
noncolourabilities
noncolourability
noncolourability's
noncolourable
noncolourable's
noncolourableness
noncolourableness's
noncolourables
noncolourablies
noncolourably
noncoloured
noncolourer
noncolourers
noncolourfast
noncolouring
noncolourings
noncolours
nondialysing
nondialysing's
nondialysings
nonfavourite
nonfavourite's
nonfavourites
nonflavoured
nonfulfilment
nonfulfilment's
nonfulfilments
nonhydrolysable
nonhydrolysable's
nonhydrolysables
nonoecumenic
nonoecumenical
nonparlour
nonparlour's
nonparlours
nonsuccour
nosohaemia
notre
nought
nought's
noughts
nourice
novenae
numbskull
numbskull's
numbskulls
nymphaeum
ochre
ochre's
ochred
ochreish
ochreous
ochreouser
ochreousest
ochrer
ochres
ochrest
ochrey
ochring
odour
odour's
odoured
odourful
odourfuler
odourfulest
odourless
odourlesser
odourlesses
odourlessest
odours
oecoid
oecophobia
oecus
oedema
oedema's
oedemas
oedematose
oedematous
oenocyte
oenolic
oenological
oenologist
oenologists
oenomania
oesophagal
oesophagean
oesophagi
oesophagism
oesophagismus
oesophagitis
oestradiol
oestradiol's
oestradiols
oestral
oestrin
oestrin's
oestrins
oestriol
oestriol's
oestriols
oestrogen
oestrogen's
oestrogenic
oestrogens
oestrone
oestrone's
oestrones
oestrous
oestrual
oestruate
oestruation
oestrum
oestrums
oestrus
oestrus's
oestruses
offence
offence's
offenceless
offencelesser
offencelesses
offencelessest
offencelessly
offences
oligaemia
oligocythaemia
olpae
ombre
ombre's
ombres
omelette
omelette's
omelettes
oneyre
oneyres
oogloea
opalled
opiniastre
opiniatre
orchestre
organdie
organdie's
orthocentre
orthocentre's
orthocentres
orthopaedia
orthopaedic
orthopaedic's
orthopaedical
orthopaedicallier
orthopaedicalliest
orthopaedically
orthopaedicer
orthopaedicest
orthopaedics
orthopaedics's
orthopaedies
orthopaedist
orthopaedist's
orthopaedists
orthopaedy
orthopnoea
orthopnoeic
osteopaedion
othaematoma
otorrhoea
ourologies
ourology
oursel
outcavilled
outcavilling
outclamour
outclamour's
outclamours
outhumour
outhumour's
outhumoured
outhumouring
outhumours
outlabour
outlabour's
outlabours
outlustre
outmanoeuvre
outmanoeuvred
outmanoeuvres
outmanoeuvring
outreness
outrivalled
outrivalling
outsavour
outsavour's
outsavouring
outsavours
outsplendour
outsplendour's
outsplendours
overanalyse
overanalyses
overclamour
overclamour's
overclamours
overcolour
overcolour's
overcolouration
overcolouration's
overcolouring
overcolours
overfavour
overfavour's
overfavourable
overfavourable's
overfavourables
overfavourablies
overfavourably
overfavours
overhonour
overhonour's
overhonours
overjudgement
overjudgement's
overjudgements
overlabour
overlabour's
overlaboured
overlabouring
overlabours
oversized
owre
owrecome
owreword
oxalaemia
oxyhaematin
oxyhaemoglobin
oxyhaemoglobins
ozaena
ozoena
pachyaemia
pachyhaemia
paedagogism
paedatrophia
paedatrophy
paederastic
paederastically
paediatric
paediatrician
paediatrician's
paediatricians
paediatrics
paediatry
paedobaptism
paedobaptism's
paedobaptist
paedobaptist's
paedodontic
paedodontics
paedogeneses
paedogenesis
paedogenetic
paedogenic
paedological
paedologies
paedologist
paedologists
paedology
paedology's
paedometrical
paedomorphic
paedomorphism
paedomorphisms
paedomorphoses
paedomorphosis
paedophile
paedophiles
paedophilia
paedophiliac
paedophiliacs
paedophilias
paedophilic
paedotribe
paedotrophic
paedotrophist
paedotrophy
paginae
palaeanthropic
palaeentomology
palaeethnologic
palaeethnological
palaeethnologist
palaeichthyologist
palaeichthyology
palaeoalchemical
palaeoanthropic
palaeoanthropography
palaeoanthropological
palaeoanthropologies
palaeoanthropologist
palaeoanthropologists
palaeoanthropology
palaeoatavism
palaeoatavistic
palaeobiogeography
palaeobiologic
palaeobiological
palaeobiologies
palaeobiologist
palaeobiologist's
palaeobiologists
palaeobiology
palaeobiology's
palaeobotanic
palaeobotanical
palaeobotanically
palaeobotanies
palaeobotanist
palaeobotanists
palaeobotany
palaeobotany's
palaeoceanography
palaeochorology
palaeoclimatic
palaeoclimatologic
palaeoclimatological
palaeoclimatologies
palaeoclimatologist
palaeoclimatologist's
palaeoclimatologists
palaeoclimatology
palaeoclimatology's
palaeocosmic
palaeocosmology
palaeocrystal
palaeocrystallic
palaeocrystalline
palaeocrystic
palaeocyclic
palaeodendrologic
palaeodendrological
palaeodendrologically
palaeodendrologist
palaeodendrology
palaeoecologic
palaeoecological
palaeoecologies
palaeoecologist
palaeoecologist's
palaeoecologists
palaeoecology
palaeoecology's
palaeoencephalon
palaeoencephalon's
palaeoentomologic
palaeoentomological
palaeoentomologist
palaeoentomologist's
palaeoeremology
palaeoethnic
palaeoethnography
palaeoethnologic
palaeoethnological
palaeoethnologist
palaeoethnology
palaeofauna
palaeogenesis
palaeogenesis's
palaeogenetic
palaeogeographer
palaeogeographers
palaeogeographic
palaeogeographical
palaeogeographically
palaeogeographies
palaeogeography
palaeogeology
palaeoglaciology
palaeoglyph
palaeograph
palaeographic
palaeographical
palaeographically
palaeographist
palaeoherpetologist
palaeoherpetology
palaeohistology
palaeohydrography
palaeoichthyology
palaeolatry
palaeolimnology
palaeolith
palaeolith's
palaeolithic
palaeolithical
palaeolithist
palaeolithoid
palaeoliths
palaeolithy
palaeological
palaeologist
palaeologist's
palaeology
palaeomagnetism
palaeomagnetism's
palaeomagnetisms
palaeometallic
palaeometeorological
palaeometeorology
palaeontographic
palaeontographical
palaeontographies
palaeontography
palaeontography's
palaeontol
palaeontologic
palaeontological
palaeontologically
palaeontologist
palaeontologist's
palaeontologists
palaeontology
palaeontology's
palaeopathologic
palaeopathological
palaeopathologies
palaeopathologist
palaeopathologists
palaeopathology
palaeopedology
palaeophysiography
palaeophysiology
palaeophytic
palaeophytological
palaeophytologist
palaeophytology
palaeoplain
palaeopotamology
palaeopsychic
palaeopsychological
palaeopsychology
palaeornithological
palaeornithology
palaeostriatal
palaeostriatum
palaeostylic
palaeostyly
palaeotechnic
palaeothalamus
palaeovolcanic
palaeozoic
palaeozoologic
palaeozoological
palaeozoologies
palaeozoologist
palaeozoologist's
palaeozoologists
palaeozoology
palaeozoology's
palaestra
palaestra's
palaestrae
palaestral
palaestras
palaestrian
palaestric
palaetiology
palamae
panaesthesia
panaesthesias
panaesthetic
pandoura
panelled
panelling
panelling's
panellings
panellist
panellist's
panellists
pangaea
panomphaean
papilloedema
papulae
paraeneses
paraenesis
paraenetic
paraenetical
paraesthesia
paraesthesia's
paraesthesias
paraesthetic
paralysation
paralysation's
paralysations
paralyse
paralysed
paralysedlies
paralysedly
paralyser
paralyser's
paralysers
paralysing
paralysinglies
paralysingly
paraselenae
parasitaemia
paratragoedia
parcelled
parceller
parcelling
parcelling's
parlour
parlour's
parlourish
parlourmaid
parlours
paroecious
paroeciously
paroeciousness
paroecism
paroecy
particoloured
particolouredder
particoloureddest
passadoes
patinae
patinaed
patricoes
pattae
paviour
paviour's
paviours
pedalled
pedaller
pedaller's
pedallers
pedalling
pedestalled
pedestalling
pedlar
pedlar's
pedlars
pencilled
penciller
penciller's
pencillers
pencilling
pencillings
pennae
pensae
peptonaemia
peraea
peraeon
peraeopod
peraeopods
perchloroethane
perchloroethylene
perdicinae
perfervour
perfervour's
perfervours
pericaecal
pericaecitis
pericentre
perichaete
pericopae
perilled
perilling
perioesophageal
petalled
phacochoere
phacochoerine
phaelonion
phaelonions
phaenogam
phaenogams
phaenogenesis
phaenogenetic
phaenological
phaenologies
phaenology
phaenomenism
phaenozygous
phaeophyl
phaeophyll
phaeophytin
phagedaena
phagedaenas
phagedaenic
phagedaenical
phagedaenous
pharmacopoeian
phialae
philopoena
philopoenas
philtre
philtre's
philtres
phloeum
phlyctaena
phlyctaena's
phlyctaenae
phlyctaenula
phoenicia
phoenicopter
phoney
phoney's
phoneys
phorrhoea
photaesthesis
photoaesthetic
photocatalyser
photocatalyser's
photocatalysers
photoesthesis
photolabelled
photolabeller
photolabelling
photolysable
photolyse
photolysed
photolyses
photolysing
phytohaemagglutinin
phytooecology
piarhaemic
piastre
piastre's
piastres
picogramme
picogramme's
picogrammes
picometre
picometre's
picometres
pigmaean
pillowbere
pinnulae
piscinae
pistolled
pistolling
plagae
plantulae
plasmaphaeresis
plasmolyse
plasmolysed
plasmolyses
plasmolysing
plataea
platycoelian
platycoelous
pleuroperitonaeal
plough
plough's
ploughable
ploughboy
ploughboy's
ploughboys
ploughed
plougher
plougher's
ploughers
ploughhead
ploughing
ploughing's
ploughman
ploughman's
ploughmen
ploughs
ploughshare
ploughshare's
ploughshares
plumulae
poe
poetling
polioencephalitis
polioencephalitis's
polioencephalomyelitis
polyaemia
polyaemic
polychaetous
polycythaemia
polycythaemias
polycythaemic
polydaemonism
polydaemonisms
polydaemonist
polydaemonist's
polyhaemia
polyhaemic
polyoestrous
polypnoea
polypnoeic
polytetrafluoroethylene
polytetrafluoroethylenes
pommae
pommelled
pommelling
pomoerium
poplitaeal
portae
postcaecal
postcoenal
postfoetal
postmediaeval
poudre
poudres
pouldre
pouldres
pourer
pourers
pouringly
practise
practised
practiser
practiser's
practisers
practises
practising
praeabdomen
praeacetabular
praeanal
praecava
praecavae
praecipe
praecipes
praecocial
praecoracoid
praecordia
praecordial
praecordium
praecornu
praecox
praecuneus
praedial
praedialist
praediality
praedials
praeesophageal
praefectorial
praefloration
praefoliation
praehallux
praelabrum
praelect
praelected
praelecting
praelection
praelection's
praelector
praelectorship
praelectress
praelects
praeludium
praemaxilla
praemunire
praenarial
praeneural
praenomina
praenominal
praeoperculum
praepositor
praepositure
praeposter
praepostor
praepostor's
praepostors
praepubis
praescutum
praesphenoid
praesternal
praesternum
praestomium
praesystolic
praetaxation
praetexta
praetexta's
praetextae
praetorial
praetorium
praetorship
praezygapophysis
preacid
preacidity
preacknowledgement
preacknowledgement's
preacknowledgements
preact
preacute
preaemptor
preaemptor's
preaestival
preaexistent
preambulatory
preanaesthetic
preanaesthetic's
preanaesthetics
precancellation
preces
prechloric
preclose
precolour
precolour's
precolourable
precolourable's
precolourabler
precolourables
precolourablest
precolouration
precolouration's
precolourations
precoloured
precolouring
precolourings
precolours
precompound
precurrent
prediligent
predy
prefavour
prefavour's
prefavourable
prefavourable's
prefavourables
prefavourablies
prefavourably
prefavourite
prefavourite's
prefavourites
prefavours
prefet
preflavour
preflavour's
preflavouring
preflavourings
preflavours
prefoliations
preformant
preformative
prehazard
prehumour
prehumour's
prehumours
prejink
prejudgement
prejudgement's
prejudgements
prelabour
prelabour's
prelabours
prelingual
prelingually
premissable
premixture
prenasal
preoesophageal
preoffence
preoffence's
preoffences
preoral
preorally
preotic
prepalaeolithic
prepend
prepended
prepending
preperfect
preprogramme
prese
presolve
presplendour
presplendour's
presplendours
prest
pretence
pretence's
pretences
pretencive
preterite
preterite's
preterites
prev
preve
preved
preves
previable
preving
previousness
previousnesses
prisable
prise
prised
prises
prising
proctodaea
proctodaeal
proctodaeum
proctodaeum's
proctodaeums
proemial
profre
programme
programme's
programmes
prooemium
propraetor
propraetor's
propraetorial
propraetorian
propraetors
proseuchae
prosocoele
prosopopoeial
prostatorrhoea
proteidae
protoarchaeology
protocolled
protocolling
pseudaesthesia
pseudhaemal
pseudoanaemia
pseudoanaemia's
pseudoanaemias
pseudoanaemic
pseudoanaemics
pseudocoele
pseudocoelom
pseudoelephant
pseudoembryo
pseudoembryonic
pseudolunulae
pseudooedema
pseudooedema's
pseudooedemas
psychoanalyse
psychoanalysed
psychoanalyser
psychoanalyser's
psychoanalysers
psychoanalysing
publicae
pulicidae
pummelled
pummeller
pummelling
pures
pyaemia
pyaemia's
pyaemias
pyaemic
pygmaean
pyjama
pyjama's
pyjamas
pyjamas's
pyjamased
pyorrhoea
pyorrhoea's
pyorrhoeal
pyorrhoealer
pyorrhoealest
pyorrhoeas
pyorrhoeic
pyrolysable
pyrolysate
pyrolysate's
pyrolysates
pyrolyse
pyrolyse's
pyrolysed
pyrolyser
pyrolyses
pyrolysing
pythoninae
quae
quaestionaries
quaestionary
quaestorial
quaestorship
quaestorship's
quarrelled
quarreller
quarreller's
quarrellers
quarrelling
quarrellous
quatres
querelae
rampire
rancour
rancour's
rancours
raphae
raphidae
ratitae
ravelled
raveller
raveller's
ravellers
ravelling
ravelling's
ravellings
reaedified
reaedifies
reaedify
reaedifying
reaentrance
reaentrance's
reaexportation
reaexportation's
reaexporter
reaexporter's
reanalyse
reanalysed
reanalyser
reanalysers
reanalysing
rebia
rebias
recercelae
recolour
recolour's
recolouration
recolouration's
recolourations
recoloured
recolouring
recolours
reconnoitre
reconnoitre's
reconnoitred
reconnoitrer
reconnoitrer's
reconnoitrers
reconnoitres
reconnoitring
redialled
redialler
redialling
refavour
refavour's
refavours
reformadoes
refuelled
refuelling
regoes
rehonour
rehonour's
rehonours
reke
relabelled
relabeller
relabellers
relabelling
remodelled
remodelling
remould
remoulded
remoulding
remoulds
ren
rencontre
renes
renest
rens
reprised
resepulchre
resepulchres
reses
resh
reshoes
ret
retinulae
retrocaecal
revalenta
revalentas
revelled
reveller
reveller's
revellers
revelling
revellings
revigour
rhaebosis
rhaphae
rhinocoele
rhinocoelian
rhinorrhoea
rhinorrhoeal
rhoeadine
rigour
rigour's
rigourism
rigourism's
rigourist
rigourist's
rigouristic
rigours
ritournelle
ritournelles
rivalled
rivalless
rivalless's
rivallesses
rivalling
rooed
rore
rouble
rouble's
roubles
rowelled
rowelling
rumour
rumour's
rumoured
rumourer
rumourer's
rumourers
rumouring
rumourmonger
rumourmonger's
rumourmongers
rumours
sabre
sabre's
sabrebill
sabred
sabrelike
sabrelike's
sabrelikes
sabres
sabretooth
sabring
sae
saeculum
saeculums
saeta
saki
saki's
sakis
saleable
saleabler
saleablest
saltires
saltirewise
saltpetre
saltpetre's
saltpetres
sandalled
sandalling
sapour
sapours
sapraemia
sapraemia's
sapraemias
sapraemic
sarcinae
sativae
saviour
saviour's
saviouress
saviourhood
saviourhood's
saviourhoods
saviours
saviourship
saviourship's
saviourships
savour
savour's
savoured
savourer
savourer's
savourers
savourier
savouries
savouriest
savourilies
savourily
savouriness
savouriness's
savourinesses
savouring
savouringlier
savouringlies
savouringliest
savouringly
savourless
savourlesser
savourlesses
savourlessest
savourly
savourous
savourouser
savourousest
savours
savoury
savoury's
scaena
scandalled
scandalling
scapaed
sceptic
sceptic's
sceptical
scepticaler
scepticalest
sceptically
scepticer
scepticest
scepticism
scepticism's
scepticisms
sceptics
sceptre
sceptre's
sceptred
sceptredom
sceptreless
sceptrelesses
sceptres
sceptring
schistocoelia
sclerae
scourse
scoursed
scourses
scoursing
seborrhoea
seborrhoea's
seborrhoeas
seborrhoeic
sellae
semianaesthetic
semihonour
semihonour's
semihonours
semitae
sempre
sentinelled
sentinelling
sepalled
sepalledder
sepalleddest
septaemia
septicaemia
septicaemia's
septicaemias
septicaemic
septicoloured
sepulchre
sepulchre's
sepulchred
sepulchres
sepulchring
serosae
serrae
setulae
sheikh
sheikh's
sheikhs
shoer
shovelled
shoveller
shoveller's
shovellers
shovelling
shree
shrivelled
shrivelling
sialorrhoea
signalled
signaller
signaller's
signallers
signalling
siliculae
siliquae
siloed
sistren
sizeable
sizeably
skere
skyre
skyres
slae
slyer
slyest
smoulder
smoulder's
smouldered
smouldering
smoulders
snivelled
sniveller
sniveller's
snivellers
snivelling
snivellings
snobsnivelling
snorkelled
snorkelling
snowplough
snowplough's
snowploughs
snowshoed
snuffcoloured
soe
somaesthesia
somaesthesis
sombre
sombreish
sombrely
sombreness
sombreness's
sombrenesses
sombrer
sombrest
soufflaed
soultre
sourd
sourdine
sourdines
soury
spanaemia
spanaemic
spanopnoea
sparres
specialities
speciality
speciality's
spectre
spectre's
spectred
spectrelike
spectrelike's
spectrelikes
spectres
spectrocolourimetry
spectrocolourimetry's
spelaean
spelaeothem
spelaeothems
spere
spere's
spermatorrhoea
spermatorrhoeas
speronaroes
sphaerocrystal
sphaerosome
sphenoethmoid
sphenoethmoidal
spilt
spinulae
spiraea
spiraea's
spiraeas
spiralled
spiralling
spirochaetal
spirochaete
spirochaete's
spirochaetes
spirochaetoses
spirochaetosis
spirochaetosis's
spirochaetotic
splanchnocoele
splendour
splendour's
splendourproof
splendours
spyre
squamae
squamulae
squirrelled
squirrelling
stammelcolour
stanzoes
staphyloedema
stearrhoea
steatorrhoea
steatorrhoeas
stelae
stencilled
stenciller
stenciller's
stencillers
stencilling
stenopaeic
stentour
stentours
stercoraemia
stilboestrol
stilboestrol's
stilboestrols
stipulae
stomatodaeum
stomodaea
stomodaeal
stomodaeum
stomodaeum's
stomodaeums
storey
storey's
storeys
stour
stourier
stowre
stowres
stree
stret
strobilae
stumour
subaerate
subaetheric
subarmour
subarmour's
subarmours
subcalibre
subcentre
subdure
subflavour
subflavour's
subflavours
suboesophageal
subspecialities
subspeciality
subspeciality's
subtotalled
subtotalling
succorrhoea
succour
succour's
succourable
succourable's
succourables
succoured
succourer
succourer's
succourers
succourful
succouring
succourless
succourlesses
succours
succubae
sulphate
sulphate's
sulphates
sulphide
sulphide's
sulphides
sulphur
sulphur's
sulphured
sulphuric
sulphuring
sulphurous
sulphurs
superacknowledgement
superacknowledgement's
superacknowledgements
superfoetation
superfoetations
sures
sweepstake
sweepstake's
swivelled
swivelling
sylviinae
symbolled
symbolling
synaereses
synaeresis
synaeresis's
synaesthesia
synaesthesia's
synaesthesias
synaesthetic
synaestheticer
synaestheticest
synaloepha
synaloephas
synaloephe
synoecious
synoecologies
synoecology
synoetic
syringocoele
taboured
tabourer
tabourer's
tabourers
tabouret
tabouret's
tabourets
tabourin
tabourine
tabouring
tabourins
tabulae
tachypnoea
tachypnoeas
tachypnoeic
tae
taed
taegu
taels
taenia
taenia's
taeniacidal
taeniacide
taeniacide's
taeniacides
taeniae
taeniafuge
taeniafuge's
taeniafuges
taenias
taeniases
taeniasis
taeniasis's
taenioid
taes
tamboura
tamboura's
tambouras
tasselled
tasselling
teaer
teetotalled
teetotaller
teetotaller's
teetotallers
teetotalling
telae
telaesthesia
telaesthesia's
telaesthesias
telaesthetic
telaestheticer
telaestheticest
tendrilled
tenthmetre
teres
terrae
testae
tetrachloroethylene
tetrachloroethylenes
thalamocoele
thalassaemia
thalassaemias
thalassaemic
theatre
theatre's
theatregoer
theatregoer's
theatregoers
theatregoing
theatregoing's
theatregoings
theatreless
theatrelesses
theatrelike
theatrelike's
theatrelikes
theatres
thermae
thermaesthesia
thermaesthesia's
thermoanaesthesia
thermoanaesthesia's
thermoanaesthesias
thermosyphon
thermosyphon's
thermosyphons
thesmothetae
thraldom
thraldom's
thraldoms
threap
threeness
threenesses
throughway
throughway's
throughways
tinselled
tinsellier
tinselliest
tinselling
titbit
titbit's
titbits
titre
titre's
titres
tittupped
tittupping
tittuppy
topaesthesia
totalisator
totalisator's
totalisators
totalled
totaller
totaller's
totallers
totalling
touret
towelled
towelling
towelling's
towellings
toxaemia
toxaemia's
toxaemias
toxaemic
toxanaemia
toxicaemia
toxicohaemia
toxihaemia
toxinaemia
trabeatae
trabeculae
tragicoloured
trammelled
trammeller
trammeller's
trammellers
trammelling
tranquillities
tranquillity
tranquillity's
transcolour
transcolouration
transcolouration's
transcolourations
transcolourer
transcolourest
travelled
traveller
traveller's
travellers
travelling
travelling's
travellings
tref
trema
trematic
trets
triaene
trialled
trialling
trichloroethylene
trichloroethylenes
tricolour
tricolour's
tricoloured
tricolours
trifluouride
trioecious
trioeciously
tripylaean
tropaeolin
tropaeolin's
trowelled
troweller
troweller's
trowellers
trowelling
tsar
tsar's
tsars
tsouris
tularaemia
tularaemias
tularaemic
tumbril
tumbril's
tumbrils
tumour
tumour's
tumoured
tumours
tunnelled
tunneller
tunneller's
tunnellers
tunnelling
tunnellings
turdinae
tutelae
twire
twires
typhaemia
typhloenteritis
typhoaemia
tyre
tyre's
tyres
ultrahonourable
ultrahonourable's
ultrahonourables
unanaemic
unanalysable
unanalysed
unarboured
unarmoured
unarmouredder
unarmoureddest
unbarricadoed
unbeknown
uncancelled
uncancelledder
uncancelleddest
uncandour
uncentre
uncolourable
uncolourable's
uncolourabler
uncolourables
uncolourablest
uncolourablier
uncolourablies
uncolourabliest
uncolourably
uncoloured
uncolouredder
uncoloureddest
uncolouredlier
uncolouredliest
uncolouredly
uncolouredness
uncolouredness's
uncolourednesses
uncoloureds
unconcreted
undefence
undefence's
undefences
undercolour
undercolour's
undercoloured
undercolouring
undercolourings
undercolours
undergore
underlabourer
underlabourer's
underlabourers
undersaviour
undersaviour's
undersaviours
undialysed
undialysed's
undialyseds
undiscoloured
undiscoloured's
undiscolouredder
undiscoloureddest
undiscoloureds
undishonoured
unenamoured
unenamoured's
unenamouredder
unenamoureddest
unenamoureds
unendeavoured
unequalled
unequalledder
unequalleddest
unfavourable
unfavourable's
unfavourableness
unfavourableness's
unfavourablenesses
unfavourabler
unfavourables
unfavourablest
unfavourablier
unfavourabliest
unfavourably
unfavoured
unfavoured's
unfavouredder
unfavoureddest
unfavouring
unfavouring's
unfavouringer
unfavouringest
unfavourings
unfavourite
unfavourite's
unfavouriter
unfavourites
unfavouritest
unflavoured
unflavouredder
unflavoureddest
unflavourous
unharbour
unharbour's
unharboured
unhonourable
unhonourable's
unhonourables
unhonourablies
unhonourably
unhonoured
unhonouredder
unhonoureddest
unhouselled
unhumoured
unhumouredder
unhumoureddest
unhumourous
unhumourously
unhydrolysed
unhydrolysed's
unhydrolyseds
unicolour
unicolourate
unicoloured
unicolourous
unkennelled
unkennelling
unlabelled
unlabelledder
unlabelleddest
unlabourable
unlabourable's
unlabourables
unlaboured
unlaboured's
unlabouredder
unlaboureddest
unlabouring
unlabouring's
unlabouringer
unlabouringest
unlabourings
unlevelled
unlevelling
unmediaeval
unmitre
unmitres
unneighboured
unneighbourlier
unneighbourliest
unneighbourlike
unneighbourlike's
unneighbourlikes
unneighbourliness
unneighbourliness's
unneighbourlinesses
unneighbourly
unnoncolourables
unnoncolourablies
unnoncolourably
unpalisadoed
unparalysed
unparalysed's
unparalysedder
unparalyseddest
unparalyseds
unparcelled
unparcelledder
unparcelleddest
unpractised
unpractisedder
unpractiseddest
unpreceptively
unrancoured
unrancoured's
unrancouredder
unrancoureddest
unrancoureds
unrancourous
unravelled
unraveller
unraveller's
unravellers
unravelling
unreconnoitred
unreconnoitred's
unreconnoitredder
unreconnoitreddest
unreconnoitreds
unrivalled
unrivalledder
unrivalleddest
unrumoured
unrumouredder
unrumoureddest
unsabred
unsabredder
unsabreddest
unsavoured
unsavouredder
unsavoureddest
unsavouredly
unsavouredness
unsavourier
unsavouries
unsavouriest
unsavourilier
unsavourilies
unsavouriliest
unsavourily
unsavouriness
unsavouriness's
unsavourinesses
unsavoury
unsavoury's
unsceptre
unsceptre's
unsceptred
unsceptredder
unsceptreddest
unsceptres
unscoured
unscouring
unsepulchre
unsepulchred
unsepulchres
unshakeable
unshoed
unsombre
unsombrely
unsombreness
unsombreness's
unspectrelike
unspectrelike's
unspectrelikes
unsplendourous
unsplendourously
unsuccourable
unsuccourable's
unsuccourables
unsuccoured
unsyphon
unsyphon's
unsyphons
untrammelled
untrammelledder
untrammelleddest
updraught
updraught's
updraughts
uraemia
uraemia's
uraemias
uraemic
urataemia
urethrorrhoea
uricaemia
uricaemic
urinaemia
urinaemic
uroedema
urohaematin
urophaein
vaagmaer
vaginulae
valour
valour's
valourousness
valours
valvulae
vapour
vapour's
vapourabilities
vapourability
vapourability's
vapourable
vapourable's
vapourables
vapoured
vapourer
vapourer's
vapourers
vapourescent
vapourier
vapouriest
vapourific
vapourimeter
vapourimeter's
vapouring
vapouring's
vapouringly
vapourings
vapourish
vapourisher
vapourishest
vapourishness
vapourishness's
vapourishnesses
vapourless
vapourlesses
vapourlike
vapourlike's
vapourlikes
vapourose
vapourously
vapours
vapourware
vapoury
varicoloured
varicoloured's
varicolouredder
varicoloureddest
varicoloureds
varicolourous
vavasour
vavasours
ventre
ventres
venulae
verey
vermeilled
vermeilles
vermeilling
versicolour
versicolourate
versicoloured
versicolourous
vesiculae
vetoer
vetoer's
vialled
vialling
victuallage
victuallage's
victuallages
victualled
victualler
victualler's
victuallers
victualless
victualling
vigour
vigour's
vigourless
vigours
viraemia
viraemias
viraemic
vire
vires
vivandire
viverrinae
vivre
vivres
wackoes
waer
wainscoted
wainscoting
wainscoting's
wainscotings
warre
watercolour
watercolour's
watercoloured
watercolouring
watercolourist
watercolourist's
watercolourists
watercolours
weaselled
weaselling
weevilled
whirr
whirr's
whirrs
whiskies
whisky
whisky's
whizz
whizz's
wilful
wilfuler
wilfulest
wilfullier
wilfulliest
wilfully
wilfulness
wilfulness's
woollen
woollen's
woollenner
woollennest
woollens
worshipped
worshipper
worshipper's
worshippers
worshipping
wournil
yodelled
yodeller
yodeller's
yodellers
yodelling
yogurt
yogurt's
yogurts
zaffre
zaffres
zoaea
zoaea's
zonaesthesia
zonulae
zooea
zooeae
zooeal
zooeas
zooecia
zooecium
zoogloea
zoogloeae
zoogloeal
zoogloeas
zygaenid
