Grecism
Grecism's
Grecisms
Mandean
Mandean's
Mandeans
Manicheism
Manicheism's
Manicheisms
Manila
Manila's
abettor
abettor's
abettors
adapter
adapter's
adapters
advisor
advisor's
advisors
aging
aging's
agings
almanack
almanacks
ambiance
ambiance's
ambiances
amidst
amoebae
amongst
amuck
amuck's
amucks
analog
analog's
analogs
ascendent
ascendent's
ascendents
aunty
aunty's
bandana
bandana's
bandanas
bannister
bannister's
bannisters
biassed
biassing
blowzier
blowziest
blowzy
brier
brier's
briers
bused
buses
busing
busing's
busings
caftan
caftan's
caftans
cageyness
cageyness's
cageynesses
cagy
caldron
caldron's
caldrons
calliper
calliper's
callipered
callipering
callipers
caulking's
caulkings
caviare
caviare's
caviares
cenobite
cenobite's
cenobites
cenobitic
cenobitical
centigramme
centigramme's
centigrammes
chaperon
chaperon's
chaperons
chimaera
chimaera's
chimaeras
chocolaty
cicatrice
cicatrice's
collectible
collectible's
collectibles
colourational
colourationaler
colourationalest
colourationallier
colourationalliest
colourationally
connexion
connexion's
connexions
convertor
convertor's
convertors
crenelate
crenelated
crenelater
crenelates
crenelatest
crenelating
crenelation
crenelation's
crenelations
creneled
creneling
crosier
crosier's
crosiers
curtsey
curtsey's
curtseyed
curtseying
curtseys
cyclopaedia
cyclopaedia's
cyclopaedias
cypher
cypher's
czar
czar's
czars
dependent's
dependents
despatch
despatch's
despatched
despatches
despatching
dietician
dietician's
dieticians
dike
dike's
dikes
dreamt
dryly
empanel
empanelled
empanelling
empanelment
empanels
eying
faery
faery's
filtrable
fledgeling
fledgeling's
fledgelings
flier
flier's
fliers
focussed
focussing
foetid
fogies
fogy
fogy's
forgather
forgathered
forgathering
forgathers
frowsier
frowsiest
frowsy
gasolene
gasolene's
gasolenes
gelatine
gelatine's
gelatines
gibe
gibe's
gibed
gibes
gibing
glamourize
glamourized
glamourizes
glamourizing
glueing
gobbledygook
gobbledygook's
gobbledygooks
goodie
goodie's
gramme
gramme's
grammes
grecism
guerilla
guerilla's
guerillas
hah
hankie
hankie's
hectogramme
hectogramme's
hectogrammes
hippie
hippie's
homoeopath
homoeopath's
homoeopathic
homoeopathicer
homoeopathicest
homoeopathies
homoeopaths
homoeopathy
homoeopathy's
homoeostatic
hooray's
hoorayed
hooraying
hoorays
hurray
hurray's
hurrayed
hurraying
hurrays
ikon
ikon's
ikons
imbed
imbedded
imbedding
imbeds
imposter
imposter's
imposters
inflexion
inflexion's
inflexions
instal
instals
instill
instills
joky
judgment
judgment's
judgmental
judgmentaler
judgmentalest
judgments
kerosine
kerosine's
kerosines
kilogramme
kilogramme's
kilogrammes
kyloes
laundrette
laundrette's
laundrettes
learnt
licenced
licencing
likable
liquified
liquifies
liquify
liquifying
lissome
loveable
macintosh
macintosh's
macintoshes
mediaeval
mediaeval's
mediaevals
meow
meow's
meowed
meowing
meows
milligramme
milligramme's
milligrammes
misjudgment
misjudgment's
misjudgments
moggy
moggy's
monologuist
monologuist's
monologuists
moveable
moveable's
moveables
multiplexor
multiplexor's
multiplexors
myna
myna's
mynas
nett
nett's
netts
nosey
nosey's
noseys
numskull
numskull's
numskulls
oesophaguses
oversize
paleoethnology
pedologies
pedology
pedology's
phonies
postillion
postillion's
postillions
praesidium
praesidium's
praesidiums
prejudgment
prejudgment's
prejudgments
premiss
premiss's
premisses
primaeval
primaevally
protestor
protestor's
protestors
queueing
raccoons
racoon
racoon's
racoons
racquet
racquet's
racquets
reprogramme
reprogrammes
shaykh
shaykh's
shaykhs
sheik
sheik's
sheiks
sizable
slily
smidgeon
smidgeon's
smidgeons
smidgin
smidgin's
smidgins
spelt
spoilt
stoor
straightjacket
straightjacket's
straightjacketed
straightjacketing
straightjackets
sweepstakes
sweepstakes's
synch
synch's
synched
synches
synching
synthesiser
synthesiser's
synthesisers
synthetize
synthetized
synthetizes
synthetizing
syphon
syphon's
syphoned
syphoning
syphonless
syphonlesses
syphonlike
syphonlike's
syphonlikes
syphonophore
syphonophore's
syphonostele
syphonostele's
syphonostelic
syphonostely
syphons
tambura
tambura's
tamburas
teazel
teazel's
teazels
teazle
teazle's
teazles
tempi
thralldom
thralldom's
thralldoms
thruway
thruway's
thruways
tiro
tiro's
tiros
tranquilities
tranquility
tranquility's
tumbrel
tumbrel's
tumbrels
tzar
tzar's
tzars
unbeknownst
unfocussed
unlearnt
unshakable
useable
veldt
veldt's
veldts
verandah
verandah's
verandahs
virtuosos
vizor
vizor's
vizors
waggon
waggon's
waggoned
waggoneer
waggoner
waggoner's
waggoners
waggonette
waggonette's
waggonettes
waggoning
waggons
wainscotted
wainscotting
wainscotting's
wainscottings
whir
whir's
whirs
wiz's
wizzes
yoghourt
yoghourt's
yoghourts
yoghurt
yoghurt's
yoghurts
