Grecism
Grecism's
Grecisms
Honorable
Honorable's
Manicheism
Manicheism's
Manicheisms
Manilla
Manilla's
abridgment
abridgment's
abridgments
acknowledgment
acknowledgment's
acknowledgments
adaptor
adaptor's
adaptors
advisor
advisor's
advisors
aeon
aeon's
aeons
afterward
ageing
ageing's
ageings
ambiance
ambiance's
ambiances
amenorrhoea
amenorrhoea's
amenorrhoeas
amidst
amoebae
amongst
amphitheater
amphitheater's
amphitheaters
amuck
amuck's
amucks
analyse
analysed
analysing
anesthesia
anesthesia's
anesthesias
anesthetic
anesthetic's
anestheticer
anestheticest
anesthetics
anesthetize
anesthetized
anesthetizes
anesthetizing
appal
appals
arbor
arbor's
arbores
arbors
archeologic
archeological
archeologies
archeologist
archeologist's
archeologists
archeology
archeology's
ardor
ardor's
ardors
armor
armor's
armored
armorer
armorer's
armorers
armories
armoring
armors
armory
armory's
artefact
artefact's
artefacts
asafoetida
asafoetida's
asafoetidas
ascendency
ascendency's
aunty
aunty's
bandanna
bandanna's
bandannas
bannister
bannister's
bannisters
barbeque
barbeque's
barbequed
barbeques
barbequing
behavior
behavior's
behavioral
behavioraler
behavioralest
behaviorally
behaviorism
behaviorism's
behaviorisms
behaviorist
behaviorist's
behavioristic
behavioristicer
behavioristicest
behavioristics
behaviorists
behaviors
belabor
belabor's
belabored
belaboring
belabors
beveled
beveler
beveler's
bevelers
beveling
bevelings
bister
bister's
bisters
blamable
blowzier
blowziest
blowzy
breathalyse
breathalysed
breathalyses
breathalysing
briar
briar's
briars
caesium
caesium's
caesiums
cageyness
cageyness's
cageynesses
cagy
calliper
calliper's
callipered
callipering
callipers
callisthenics
candor
candor's
candors
cantaloup
cantaloup's
cantaloups
catalyse
catalysed
catalysing
caulking's
caulkings
caviled
caviling
cavilings
celom
celom's
celoms
center
center's
centered
centering
centering's
centerings
centers
chaperon
chaperon's
chaperons
chile
chile's
chiles
chimaera
chimaera's
chimaeras
chocolaty
cicatrix
cicatrix's
clamor
clamor's
clamored
clamoring
clamors
clangor
clangor's
clangored
clangoring
clangors
coenobite
coenobite's
coenobites
coenobitic
coenobitical
color
color's
colorable
colorable's
colorabler
colorables
colorablest
colorant
colorant's
colorants
colored
colored's
coloreds
colorer
colorer's
colorers
colorful
colorfuler
colorfulest
coloring
coloring's
colorings
colorist
colorist's
colorists
colorless
colorlesser
colorlessest
colorrest
colors
colorway
colorways
colouration
colouration's
colourational
colourationaler
colourationalest
colourationallier
colourationalliest
colourationally
colourations
cosied
cosier
cosies
cosiest
cosy
cosy's
cosying
counselor
counselor's
counselors
crenelate
crenelated
crenelater
crenelates
crenelatest
crenelating
crenelation
crenelation's
crenelations
creneled
creneling
crosier
crosier's
crosiers
crueler
cruelest
curtsey
curtsey's
curtseyed
curtseying
curtseys
cyclopaedia
cyclopaedia's
cyclopaedias
cypher
cypher's
defense
defense's
defensed
defenses
defensing
demeanor
demeanor's
demeanors
dependent's
dependents
dialled
dialling
dialling's
diallings
dietician
dietician's
dieticians
diopter
diopter's
diopters
discolor
discolor's
discolored
discolored's
discoloreds
discoloring
discolors
discolouration
discolouration's
discolourations
disfavor
disfavor's
disfavored
disfavoring
disfavors
dishonor
dishonor's
dishonorable
dishonorable's
dishonorabler
dishonorables
dishonorablest
dishonored
dishonoring
dishonors
distil
distils
dolor
dolor's
dolors
drily
enameled
enameling
enamelings
enamor
enamor's
enamored
enamored's
enamoreds
enamoring
enamors
encyclopaedia
encyclopaedia's
encyclopaediac
encyclopaedial
encyclopaedian
encyclopaedias
encyclopaedic
encyclopaedical
encyclopaedically
encyclopaedism
encyclopaedisms
encyclopaedist
encyclopaedists
enquire
enquired
enquires
enquiries
enquiring
enquiry
enquiry's
enroll
enrollment
enrollment's
enrollments
enrolls
enthral
enthralment
enthralment's
enthralments
enthrals
epaulet
epaulet's
epaulets
esophaguses
esthetic
esthetic's
esthetician
esthetician's
estheticians
esthetics
estival
estivate
estivated
estivates
estivating
estivation
estivation's
estivations
exorcize
exorcized
exorcizes
exorcizing
eying
faeces
faeces's
faery
faery's
fagot
fagot's
fagoted
fagoting
fagots
favor
favor's
favorable
favorable's
favorabler
favorables
favorablest
favored
favored's
favoreds
favoring
favoring's
favorings
favorite
favorite's
favoriter
favorites
favoritest
favoritism
favoritism's
favoritisms
favors
fervor
fervor's
fervors
filtrable
flanneled
flanneling
flavor
flavor's
flavored
flavoring
flavoring's
flavorings
flavors
flier
flier's
fliers
focussed
focussing
fogies
fogy
fogy's
forgather
forgathered
forgathering
forgathers
frowsier
frowsiest
frowsy
fulfil
fulfilment
fulfilment's
fulfilments
fulfils
fuze
fuze's
fuzed
fuzes
fuzing
gelatine
gelatine's
gelatines
gibe
gibe's
gibed
gibes
gibing
glamor
glamor's
glamored
glamoring
glamors
glamourize
glamourized
glamourizes
glamourizing
glueing
gobbledegook
gobbledegook's
gobbledegooks
goodie
goodie's
gray
gray's
grayed
grayer
grayest
graying
grays
grecism
groveled
groveling
grueled
grueling
grueling's
gruelings
guerilla
guerilla's
guerillas
gynaecologies
gynaecology
gynaecology's
gynaecomastia
gynaecomastia's
gynaecomastias
hah
hankie
hankie's
harbor
harbor's
harbored
harboring
harbors
hiccupped
hiccupping
hippy's
homoeostatic
honor
honor's
honorable
honorable's
honorabler
honorables
honorablest
honored
honoring
honors
hooray's
hoorayed
hooraying
hoorays
humor
humor's
humored
humoring
humors
hurray
hurray's
hurrayed
hurraying
hurrays
hydrolyse
hydrolysed
hydrolysing
ikon
ikon's
ikons
imbed
imbedded
imbedding
imbeds
impanel
impanelled
impanelling
impanelment
impanels
impostor
impostor's
impostors
initialed
initialing
instal
installment
installment's
installments
instals
instil
instils
jailor
jailor's
jailors
jewelry
jewelry's
judgement
judgement's
judgemental
judgementaler
judgementalest
judgements
kaftan
kaftan's
kaftans
kiloliter
kiloliter's
kiloliters
kilometer
kilometer's
kilometers
kinaesthesia
kinaesthesia's
kinaesthesias
kinaesthetic
kinaestheticer
kinaestheticest
kinaesthetics
kyloes
labor
labor's
labored
laborer
laborer's
laborers
laboring
laboring's
laborings
labors
laundrette
laundrette's
laundrettes
learnt
libelous
libelouser
libelousest
licenced
licencing
likable
liquidise
liquidised
liquidises
liquidising
liquified
liquifies
liquify
liquifying
lissom
liveable
louver
louver's
louvered
louvers
loveable
lupin
lupin's
lupins
macintosh
macintosh's
macintoshes
maneuver
maneuver's
maneuvered
maneuvering
maneuverings
maneuvers
manilla
manilla's
manoeuver
manoeuver's
manoeuvered
manoeuvering
manoeuverings
manoeuvers
meager
meagerrer
meagerrest
metaled
metaling
milligramme
milligramme's
milligrammes
misdemeanor
misdemeanor's
misdemeanors
misjudgement
misjudgement's
misjudgements
mold
mold's
molded
moldier
moldiest
molding
molding's
moldings
molds
moldy
monologuist
monologuist's
monologuists
moveable
moveable's
moveables
multiplexor
multiplexor's
multiplexors
mustache
mustache's
mustaches
mynah
mynah's
mynahes
nanometer
nanometer's
nanometers
neighbor
neighbor's
neighbored
neighborhood
neighborhood's
neighborhoods
neighboring
neighborings
neighborlier
neighborliest
neighborly
neighbors
nitroglycerin
nitroglycerin's
nitroglycerins
nosey
nosey's
noseys
notarise
notarised
notarises
notarising
numskull
numskull's
numskulls
odor
odor's
odors
offense
offense's
offenses
omelet
omelet's
omelets
orthopedic
orthopedic's
orthopedicer
orthopedicest
orthopedics
orthopedics's
outmaneuver
outmaneuvered
outmaneuvering
outmaneuvers
oversize
pajama
pajama's
pajamas
pajamas's
paleoethnology
paralyse
paralysed
paralysing
parlor
parlor's
parlors
pedaled
pedaler
pedaler's
pedalers
pedaling
pedlar
pedlar's
pedlars
pedologies
pedology
pedology's
phoney
phoney's
phoneys
plough
plough's
ploughed
ploughing
ploughing's
ploughs
plowman
plowman's
plowmen
plowshare
plowshare's
plowshares
postillion
postillion's
postillions
practiced
practicing
practise's
praesidium
praesidium's
praesidiums
premiss
premiss's
premisses
pretence
pretence's
pretences
preterit
preterit's
preterits
primaeval
primaevally
prosopopeia
prosopopeias
protestor
protestor's
protestors
pyrolyse
pyrolyse's
pyrolysed
pyrolyses
pyrolysing
queueing
raccoons
racoon
racoon's
racoons
raveling
raveling's
ravelings
reconnoiter
reconnoiter's
reconnoitered
reconnoitering
reconnoiters
redialled
redialling
remold
remolded
remolding
remolds
reprogramme
reprogrammes
rigor
rigor's
rigors
roweled
roweling
rumor
rumor's
rumored
rumoring
rumors
saki
saki's
sakis
savior
savior's
saviors
savor
savor's
savored
savorier
savories
savoriest
savoring
savors
savory
savory's
sceptic
sceptic's
sceptical
scepticaler
scepticalest
sceptically
scepticer
scepticest
scepticism
scepticism's
scepticisms
sceptics
shaykh
shaykh's
shaykhs
sheikh
sheikh's
sheikhs
shoveler
shoveler's
shovelers
sizeable
smidge
smidge's
smidgeon
smidgeon's
smidgeons
smidges
smidgin
smidgin's
smidgins
smolder
smolder's
smoldered
smoldering
smolders
snorkeled
snorkeling
snowplough
snowplough's
snowploughs
spelt
spilt
spiraea
spiraea's
spiraeas
spiraled
spiraling
splendor
splendor's
splendors
spoilt
squirreled
squirreling
stoor
straightjacket
straightjacket's
straightjacketed
straightjacketing
straightjackets
sulfate
sulfate's
sulfates
sulfide
sulfide's
sulfides
sulfur
sulfur's
sulfured
sulfuric
sulfuring
sulfurous
sulfurs
sweepstake
sweepstake's
synch
synch's
synched
synches
synching
synthesiser
synthesiser's
synthesisers
synthetize
synthetized
synthetizes
synthetizing
syphonless
syphonlesses
syphonlike
syphonlike's
syphonlikes
syphonophore
syphonophore's
syphonostele
syphonostele's
syphonostelic
syphonostely
tambura
tambura's
tamburas
teazel
teazel's
teazels
teazle
teazle's
teazles
tempi
theater
theater's
theaters
thraldom
thraldom's
thraldoms
tinseled
tinseling
tiro
tiro's
tiros
titer
titer's
titers
trammeled
trammeling
tranquillize
tranquillized
tranquillizer
tranquillizer's
tranquillizers
tranquillizes
tranquillizing
trollied
trollies
trolly
trolly's
trollying
tsar
tsar's
tsars
tularaemia
tularaemias
tumbril
tumbril's
tumbrils
tumor
tumor's
tumors
unbeknown
uncolored
uncoloredder
uncoloreddest
uncoloreds
unfavorable
unfavorable's
unfavorabler
unfavorables
unfavorablest
unflavored
unflavoredder
unflavoreddest
unfocussed
unlearnt
unpracticed
unpracticedder
unpracticeddest
unsavorier
unsavories
unsavoriest
unsavory
unsavory's
unshakeable
updraught
updraught's
updraughts
useable
valor
valor's
valors
vapor
vapor's
vapored
vaporing
vaporing's
vaporings
vapors
vaporware
varicolored
varicolored's
varicoloredder
varicoloreddest
varicoloreds
veldt
veldt's
veldts
verandah
verandah's
verandahs
vigor
vigor's
vigors
virtuosos
waggoneer
wainscoted
wainscoting
wainscoting's
wainscotings
watercolor
watercolor's
watercolored
watercoloring
watercolors
whirr
whirr's
whirrs
whiskey
whiskey's
whiskeys
whizz
whizz's
willful
willfuler
willfulest
wiz's
wizzes
woolen
woolen's
woolenner
woolennest
woolens
yodeled
yodeler
yodeler's
yodelers
yodeling
yoghurt
yoghurt's
yoghurts
yogurt
yogurt's
yogurts
