Astrea
Astrea's
Breathalyzer
Matt
OK
Technicolor
Technicolor's
Technicolors
absinthe
absinthe's
absinthes
accursed
advertise
advertised
advertisement
advertisement's
advertisements
advertises
advertising
adviser
adviser's
advisers
adze
adze's
aedile
aedile's
aediles
aegis
aegis's
aegises
aeric
aesthete
aesthete's
aesthetes
aesthetic
aesthetic's
aesthetically
aesthetics
afterwards
align
aligned
aligning
alignment
alignment's
alignments
aligns
almanac
almanacs
although
amid
amoeba
amoeba's
amoebas
amoebic
amoeboid
amok
amok's
amoks
analogue
analogue's
analogues
analyses
archaeologic
archaeological
archaeologies
archaeologist
archaeologist's
archaeologists
archaeology
archaeology's
areometric
ascendancy
ascendancy's
ascendant
ascendant's
ascendants
ass
ass's
asses
auntie
auntie's
aunties
bacteria
banister
banister's
banisters
barbecue
barbecue's
barbecued
barbecues
barbecuing
bark
bark's
barks
battleaxe
battleaxe's
battleaxes
biased
biasing
bingeing
blond
blond's
blonde
blonde's
blondes
blonds
boulder
boulder's
boulders
bus
cagey
caginess
caginess's
caginesses
caliper
caliper's
calipered
calipering
calipers
cancellation
cantaloupe
cantaloupe's
cantaloupes
caster
caster's
casters
castor
castor's
castors
catalyses
cauldron
cauldron's
cauldrons
caulk
caulk's
caulked
caulking
caulks
caviar
caviar's
caviars
centigram
centigram's
centigrams
check
check's
checked
checker
checker's
checkers
checkers's
checking
checks
chimera
chimera's
chimeras
cicatrices
cigarette
cigarette's
cigarettes
cipher
cipher's
coloration
coloration's
colorational
colorationaler
colorationalest
colorationallier
colorationalliest
colorationally
colorations
colorimeter
colorimeter's
colorimeters
colorimetric
colorimetrics
colorimetries
colorimetry
connectable
connection
connection's
connections
connector
connector's
connectors
converter
converter's
converters
cookie
cookie's
curb
curb's
curbed
curbing
curbs
curtsied
curtsies
curtsy
curtsy's
curtsying
cyclopedia
cyclopedia's
cyclopedias
demagogue
demagogue's
demagogued
demagoguery
demagogues
demagoguing
dependence
dependence's
dependences
dependent
descendant
descendant's
descendants
dialog
dialogue
dialogue's
dialogued
dialogues
dialoguing
dialyses
dietitian
dietitian's
dietitians
dioecious
dioeciously
diploe
disc
disc's
discoloration
discoloration's
discolorations
disk
disk's
dispatch
dispatch's
dispatched
dispatches
dispatching
distilled
distilling
doughnut
doughnut's
doughnuts
draft
draft's
drafted
drafting
drafts
draughtboard
draughtboards
drought
drought's
droughts
dyke
dyke's
dykes
ecumenic
ecumenicalism
ecumenicity
ecumenism
embed
embedded
embedding
embedment
embedments
embeds
employee
employee's
employees
enclose
enclosed
encloses
enclosing
encyclopedia
encyclopedia's
encyclopediac
encyclopedial
encyclopedian
encyclopedias
encyclopedic
encyclopedical
encyclopedically
encyclopedism
encyclopedisms
encyclopedist
encyclopedists
enthralled
enthralling
epilogue
epilogue's
epilogues
extol
extols
extrovert
extrovert's
extroverted
extroverts
eyeing
faerie
faerie's
faggot
faggot's
faggots
fantasied
fantasies
fantasy
fantasy's
fantasying
fetid
fetish
fetish's
fetishes
fetus
fetus's
fetuses
filterable
flannelette
flannelette's
fledgling
fledgling's
fledglings
focused
focusing
forego
foregoes
foregoing
foregone
forewent
forgo
forgoes
forgoing
forgone
formulas
forwent
frowzier
frowziest
frowzy
fuse
fuse's
fused
fuses
fusing
gases
gasoline
gasoline's
gasolines
gauge
gauge's
gauged
gauges
gauging
gelatin
gelatin's
gelatins
glamorous
glamorousness
glamorousness's
glamour
glamour's
glamoured
glamouring
glamours
gluing
gluteal
goodbye
goodbye's
goodbyes
goodies
goody
goody's
gram
gram's
grams
groin
groin's
groins
guerrilla
guerrilla's
guerrillas
ha
hectogram
hectogram's
hectograms
hiccuped
hiccuping
hippies
hippy
homeopath
homeopath's
homeopathic
homeopathicer
homeopathicest
homeopathies
homeopaths
homeopathy
homeopathy's
homeostatic
hooray
hurrah
hurrah's
hurrahed
hurrahing
hurrahs
hydrolyses
icon
icon's
icons
install
installs
ionizer
ionizer's
ionizers
jail
jail's
jailbird
jailbird's
jailbirds
jailbreak
jailbreak's
jailbreaks
jailed
jailer
jailer's
jailers
jailing
jails
jibe
jibe's
jibed
jibes
jibing
jokey
kerosene
kerosene's
kerosenes
kidnapped
kidnapper
kidnapper's
kidnappers
kidnapping
kilogram
kilogram's
kilograms
kyles
launderette
launderette's
launderettes
legging
legging's
leggings
level
license
licensed
licenses
licensing
liquefied
liquefier
liquefiers
liquefies
liquefy
liquefying
lovability
lovable
lovableness
lovably
love
loves
lupine
mackintosh
mackintosh's
mackintoshes
maenad
maenad's
maenadic
maenads
mat
mat's
mats
matte
matte's
matted
mattes
matting
medieval
medieval's
medievals
meter
meter's
meters
micrometer
micrometer's
micrometers
milligram
milligram's
milligrams
minibuses
misprize
misprized
misprizes
misprizing
molluscan
monoecious
monologist
monologist's
monologists
monologue
monologue's
monologues
movability
movable
movable's
movables
multiplexer
multiplexer's
multiplexers
negligee
negligee's
negligees
net
net's
nets
night
night's
nights
nonencyclopedic
nosies
nosy
nosy's
orang
orangs
paleoencephalon
paleoencephalon's
paleoethnologic
paleoethnological
paleoethnologist
paralyses
pedagogue
pedagogue's
pedagogues
pederast
pederast's
pederasts
pharmacopoeial
phonier
phoniest
postilion
postilion's
postilions
pouf
pouf's
pouffe
pouffe's
practice
practice's
practices
praenomen
praenomen's
praenomens
prefoliation
prelection
premise
premise's
premises
presidium
presidium's
presidiums
preview
preview's
previews
primeval
primevally
prize
prize's
prizes
program
program's
programmed
programmer
programmer's
programmers
programming
programs
prologue
prologue's
prologues
prosopopoeia
prosopopoeias
protester
protester's
protesters
psychoanalyses
quaestor
quaestor's
quaestors
queuing
raccoon
raccoon's
racket
racket's
rackets
reanalyses
reinforce
reinforced
reinforces
reinforcing
reprogram
reprograms
sake
sake's
sakes
siphon
siphon's
siphoned
siphoning
siphonless
siphonlesses
siphonlike
siphonlike's
siphonlikes
siphonophore
siphonophore's
siphonostele
siphonostele's
siphonostelic
siphonostely
siphons
slyly
smidgen
smidgen's
smidgens
speleological
stories
story
story's
straitjacket
straitjacket's
straitjacketed
straitjacketing
straitjackets
symmetrically
sync
sync's
synced
syncing
syncs
synthesizer
synthesizer's
synthesizers
syrup
syrup's
syrups
tassel
tassels
teasel
teasel's
teaseled
teaseler
teaseler's
teaselers
teaseling
teaseling's
teaselings
teasels
technicolor
technicolored
tempos
through
tire
tire's
tires
ton
ton's
tonne
tonne's
travelogue
travelogue's
travelogues
trolley
trolley's
trolleyed
trolleying
trolleys
typhoemia
tyro
tyro's
tyros
unfocused
unglamorous
unglamorously
usability
usability's
usable
veld
veld's
velds
vendor
vendor's
vendors
veranda
veranda's
verandas
videodisc
videodisc's
videodiscs
virtuosi
visor
visor's
visors
wagon
wagon's
wagoned
wagoneer
wagoner
wagoner's
wagoners
wagonette
wagonette's
wagonettes
wagoning
wagons
whizzes
wiz
wizz
wolfs
wolves
zoea
zoeas
