addendums
adjustor
adjustor's
adjustors
aery
aery's
agism
ameer
ameer's
ameers
ampul
ampul's
ampuls
aneurism
aneurism's
aneurisms
aquiculture
aquiculture's
archetypically
ascendence
ascendence's
awestricken
ay
ay's
barcarolle
barcarolle's
barcarolles
bo's'n
bo's'n's
bo's'ns
bo'sun
bo'sun's
bo'suns
bogy
bogy's
boloney
boloney's
boney
bonnie
boogerman
boogerman's
boogermans
bos'n
bos'n's
bos'ns
bougainvillaea
bougainvillaeas
brimfull
brinksmanship
brinksmanship's
broncho
broncho's
bronchos
brusk
brusker
bruskest
bruskly
bruskness
bruskness's
brusknesses
byelaw
byelaw's
byelaws
caesarian
caesarian's
caesarians
calif
calif's
califs
carrousel
carrousel's
carrousels
cassino
cassino's
cassinos
catchup
catchup's
catchups
cayman
cayman's
caymans
cesarian
cesarian's
cesarians
chammy
chammy's
chamoix
chitlings
chitlings's
chocaholic
chocaholic's
chocaholics
choosey
chutzpa
chutzpa's
chutzpas
civie
civie's
civies
cocoanut
cocoanut's
cocoanuts
conveyer
conveyer's
conveyers
copeck
copeck's
copecks
cumquat
cumquat's
cumquats
curlycue
curlycue's
curlycues
curvacious
demagogri
demagogris
dextrous
dextrously
dextrousness
dickie
dickie's
dikey
dikier
dikiest
diss
diss's
disses
djellabah
djellabah's
djellabahes
djinn
djinn's
djinni
djinni's
djinns
dopy
drouthiness
drouthy
druggy's
dryest
dulness
dulness's
dulnesses
dumfound
dumfounded
dumfounding
dumfoundingly
dumfounds
eery
enjambement
enjambement's
enjambements
epinephrin
epinephrin's
epinephrins
escollope
escollope's
escollopes
expeditor
expeditor's
expeditors
felafel
felafel's
filet's
filets
fiord
fiord's
fiords
flexitime
flexitime's
flexitimes
floatation
floatation's
floatations
flukey
flunkey
flunkey's
flunkeys
flunkie
flunkie's
fo'c's'le
fo'c's'le's
fo'c's'les
fondu
fondu's
fondus
foreswear
foreswearing
foreswears
foreswore
foresworn
frier
frier's
friers
fulness
fulness's
fulnesses
garote
garote's
garoted
garotes
garoting
gayety
gayety's
gayly
geegaw
geegaw's
geegaws
geez
gingko
gingko's
gingkoes
gingkos
gipsies
gipsy
gipsy's
gismo
gismo's
gismos
gryphon
gryphon's
gryphons
gulley
gulley's
hadj
hadj's
hadji
hadji's
hadjis
hadjs
halleluiah
halleluiah's
halleluiahs
hallo
hallo's
halloing
hallos
hasheesh
hasheesh's
hifalutin
highfaluting
highjack
highjack's
highjacked
highjacker
highjacker's
highjackers
highjacking
highjacks
hijinks
hoagy
hoagy's
hollo
hollo's
holloing
hollos
homy
honkey
honkey's
honkeys
hookey
hookey's
hookeys
hoummos
humungous
hutzpa
hutzpa's
hutzpah
hutzpah's
hutzpahes
hutzpas
hyaena
hyaena's
hyaenas
hydrocephalies
hydrocephaly
hydrocephaly's
idyl
idyl's
idyls
ignitible
ignitor
ignitor's
ignitors
ikonic
ikonically
inclosure
inclosure's
inclosures
incrust
incrusted
incrusting
incrusts
indorse
indorsed
indorsement
indorsement's
indorsements
indorses
indorsing
insigne
insigne's
insignes
interne's
internes
intrench
intrenched
intrenches
intrenching
intrenchment
intrenchment's
intrenchments
intrust
intrusted
intrusting
intrustment
intrustments
intrusts
jehad
jehad's
jehads
jessamine
jessamine's
jessamines
jiujitsu
jiujitsu's
jiujitsus
jujutsu
jujutsu's
jujutsus
kiddy
kiddy's
kookie
lavaliere_microphone
lavaliere_microphone's
lavaliere_microphones
leftie
leftie's
lichee
lichee's
lichees
lissomly
liveableness
loadstar
loadstar's
loadstars
loadstone
loadstone's
loadstones
locater
locater's
locaters
looney
looney's
looneyier
looneyies
looneys
loth
luvvie
lynchpin
lynchpin's
lynchpins
maiolica
maiolica's
maiolicas
mammas
mandril
mandril's
mandrils
mannikin
mannikin's
mannikins
mantlepiece
mantlepieces
marihuana
marihuana's
marihuanas
marlinspike
marlinspike's
marlinspikes
mavin
mavin's
mavins
mazourka
mazourka's
mazourkas
merchandize
merchandized
merchandizes
merchandizing
methadon
methadon's
methadons
midsized
millepede
millepede's
millepedes
miniscule
miniscule's
miniscules
momma
momma's
mommas
monicker
monicker's
monickers
monied
mortgager
mortgager's
mortgagers
mortice
mortice's
morticed
mortices
morticing
moustachio
moustachio's
moustachioed
mujahedeen
mujahedeen's
nan
nan's
nans
nark's
narks
neuronic
nicknack
nicknack's
nicknacks
octette
octette's
octettes
onwards
orangutang
orangutang's
orangutangs
outsized
panier
panier's
paniers
parrakeet
parrakeet's
parrakeets
penlite
penlite's
penlites
pickaback
pickaback's
pickabacked
pickabacking
pickabacks
pigmies
pigmy
pigmy's
pilaff
pilaff's
pilaffs
pilau
pilau's
pilaus
pilaw
pilaw's
pilaws
pixy
pixy's
pixyish
preventible
pricy
propellent
propellent's
propellents
pryer
pryer's
pryers
quadriphonic
quadriphonics
quahaug
quahaug's
quahaugs
quartette
quartette's
quartettes
ramequin
ramequin's
ramequins
reenforceable
repellant
repellant's
repellants
restauranteur
restauranteur's
restauranteurs
revery
revery's
revokable
ricksha
ricksha's
rickshas
ropey
sarape
sarape's
sarapes
saree
saree's
sarees
savannah
savannah's
savannahes
schemas
schmalz
schmalz's
schmalzes
schmalzy
schrod
schrod's
schrods
schtick
schtick's
schticks
scollop
scollop's
scolloped
scolloping
scollops
septette
septette's
septettes
sextette
sextette's
sextettes
shammy
shammy's
sherbert
sherbert's
sherberts
shillalah
shillalah's
shillalahes
shlemiel
shlemiel's
shlemiels
shlep
shlep's
shlepp
shlepp's
shlepped
shlepping
shlepps
shleps
shlock
shlocky
shtik
shtik's
shtiks
silicious
so's
sos
soubriquet
soubriquet's
soubriquets
soya
soya's
spacy
spick
spick's
spicks
spumone
spumone's
spumones
stoney
stratums
sumach
sumach's
sumaches
synagog
synagog's
synagogs
tabu
tabu's
tabued
tabuing
tabus
thiamin
thiamin's
thiamins
tike
tike's
tikes
tipi
tipi's
tipis
toffies
toffy
toffy's
tormenter
tormenter's
tormenters
tsardom
tsardom's
tsardoms
tsarina
tsarina's
tsarinas
tsarism
tsarism's
tsarisms
tsarist
tzardom
tzardom's
tzardoms
tzarina
tzarina's
tzarinas
tzarism
tzarism's
tzarisms
tzarist
ukelele
ukelele's
ukeleles
undersize
unspoilt
vermillion
vermillion's
welch
welched
welches
welching
whackier
whackiest
whacky
whimsey
whimsey's
whimseys
whodunnit
whodunnits
whodunnits's
willie
winterier
winteriest
wintery
wistaria
wistaria's
wistarias
woolie
woolie's
woolier
woolies
wooliest
wooly
wooly's
yack
yack's
yacked
yacking
yacks
yeshivah
yeshivah's
yeshivahs
yock
yock's
yocks
yogin
yogin's
yogins
zombi
zombi's
zombis
