AWOL
Muslim
Muslim's
Pekingese
Pekingese's
Pollock
Roentgen
Savannah
addable
addenda
adjuster
adjuster's
adjusters
aerie
aerie's
aeries
aerogram
aerograms
ageism
air_gun
air_letter
airstrike
airstrike's
airstrikes
alleluia
alleluia's
alleluias
alumni
ampule
ampule's
ampules
analytic
analytically
analyticiti
analyticitis
analyticity
aneurysm
aneurysm's
aneurysms
antennae
antennas
appendices
appendixes
aquaculture
aquaculture's
archaeologically
archetypally
ascendance
ascendance's
aureole
aureole's
awestruck
aye
aye's
bacilli
backward
baddie
baddie's
baloney
baloney's
bandoleer
bandoleer's
bandoleers
banshee
banshee's
banshees
baptisteries
baptistery
baptistery's
barcarole
barcarole's
barcaroles
bathyscaphe
bathyscaphe's
bathyscaphes
beefs
beeves
berk
berks
bluing
bluing's
boatswain
boatswain's
boatswains
bobbysoxer
bobbysoxer's
bobbysoxers
boccie
boccie's
bogey
bogey's
bogeys
bogie
bogie's
bogies
bolshie
bonny
bony
boo-boo
boo-boo's
boo-boos
boogeyman
boogeyman's
boogeymen
boombox
boombox's
boomboxes
bootee
bootee's
bootees
booties
booty
booty's
borscht
borscht's
bougainvillea
bougainvilleas
brimful
brinkmanship
brinkmanship's
briquette
briquette's
briquettes
bronco
bronco's
broncos
brusque
brusquely
brusqueness
brusqueness's
brusquenesses
brusquer
brusquest
bunco
bunco's
buncoed
buncoing
buncos
bunkum
bunkum's
bunkums
burnoose
burnoose's
burnooses
bylaw
bylaw's
bylaws
cabbies
cabby
cabby's
caiman
caiman's
caimans
caliph
caliph's
caliphes
camelhair
caravansaries
caravansary
caravansary's
carnies
carny
carny's
carousel
carousel's
carousels
casino
casino's
casinos
cesarean
cesarean's
cesareans
chamois
chamois's
chamomile
chamomile's
chamomiles
chitterlings
chitterlings's
chivied
chivies
chivy
chivying
chlorophyll
chlorophyll's
chlorophylls
chocoholic
chocoholic's
chocoholics
choosy
chutzpah
chutzpah's
chutzpahes
civvies
civvy
civvy's
cocaine
cocaine's
coconut
coconut's
coconuts
colander
colander's
colanders
collectibilities
collectibility
collectibility's
coneys
conjurer
conjurer's
conjurers
convener
convener's
conveners
conveyor
conveyor's
conveyors
cony
cony's
cottar
cottar's
cottars
cotter
cotter's
cotters
curlicue
curlicue's
curlicues
curvaceous
cutesy
cutlass
cutlass's
cutlasses
czardom
czardom's
czardoms
czarina
czarina's
czarinas
czarism
czarism's
czarisms
czarist
d'oh
d'oh's
d'ohs
deary
deary's
demagogueri
demagogueris
dexterous
dexterously
dexterousness
dickey
dickey's
dickeys
dingoes
dis
dis's
dises
dishabille
dishabille's
dishabilles
ditsier
ditsy
ditziness
ditziness's
ditzinesses
djellaba
djellaba's
djellabas
doggone
doggoner
doggonest
doggy
doggy's
dogie
dogie's
dogies
dopey
downward
drier
driest
droughtiness
droughty
druggie
druggie's
druggies
druggy
dryer
dullness
dullness's
dullnesses
dumbfound
dumbfounded
dumbfounding
dumbfoundingly
dumbfounds
dykey
dykier
dykiest
eerie
emir
emir's
emirs
emprise
emprises
enclosure
enclosure's
enclosures
encrust
encrusted
encrusting
encrusts
encumber
encumbered
encumbering
encumbers
endorse
endorsed
endorsement
endorsement's
endorsements
endorses
endorsing
endue
endued
endues
enduing
enjambment
enjambment's
enjambments
entrench
entrenched
entrenches
entrenching
entrenchment
entrenchment's
entrenchments
entrust
entrusted
entrusting
entrustment
entrustments
entrusts
epinephrine
epinephrine's
epinephrines
escalope
escalope's
escalopes
expediter
expediter's
expediters
extendable
falafel
falafel's
filet
fillet
fillet's
filleted
filleting
fillets
fjord
fjord's
fjords
flextime
flextime's
flextimes
floozy
floozy's
flotation
flotation's
flotations
fluky
flunkies
flunky
flunky's
fondue
fondue's
fondues
forecastle
forecastle's
forecastles
forswear
forswearing
forswears
forswore
forsworn
freebie
freebie's
freebies
frenetic
frizz
frizz's
fryer
fryer's
fryers
fuehrer
fuehrer's
fuehrers
fullness
fullness's
fullnesses
fusilier
fusilier's
fusiliers
gabardine
gabardine's
gabardines
gaberdine
gaberdine's
gaberdines
gaiety
gaiety's
gaily
galosh
galosh's
gamy
garrote
garrote's
garroted
garrotes
garroting
gewgaw
gewgaw's
gewgaws
ginkgo
ginkgo's
ginkgoes
girly
gizmo
gizmo's
gizmos
goddamn
goddamn's
goddamned
goddamning
goddamns
granddad
granddad's
granddads
granny
granny's
graphic
graphical
griffin
griffin's
griffins
griffon
griffon's
griffons
gullies
gully
gully's
gunnel
gunnel's
gunnels
gunwale
gunwale's
gunwales
gypsies
gypsy
gypsy's
hairdryer
hairdryer's
hairdryers
hajj
hajj's
hajji
hajji's
hajjis
hajjs
halloo
halloo's
hallooing
halloos
hashish
hashish's
high_jinks
highfalutin
hijack
hijacked
hijacker
hijacker's
hijackers
hijacking
hijacks
hijacks's
hippieness
hippieness's
hippienesses
hmm
hoagie
hoagie's
hoagies
homeward
homey
homey's
homeyness
homeyness's
homeynesses
homeys
honkies
honky
honky's
hooch
hooch's
hooches
hookies
hooky
hooky's
horsey
hummus
humongous
humus
huzzah
huzzah's
huzzahed
huzzahes
huzzahing
hydrocephalus
hydrocephalus's
hydrocephaluses
hyena
hyena's
hyenas
iconic
iconically
idyll
idyll's
idylls
ignitable
igniter
igniter's
igniters
improviser
improviser's
improvisers
insignia
insignia's
instituter
instituter's
instituters
intern
intern's
internment
internments
interns
internship
internships
inure
inured
inures
inuring
inward
jasmine
jasmine's
jasmines
jeez
jihad
jihad's
jihads
jinn
jinni
jinni's
jinrikisha
jinrikisha's
jinrikishas
jujitsu
jujitsu's
jujitsus
junketeer
junketeer's
junketeers
kebab
kebab's
kebabs
ketchup
ketchup's
ketchups
kiddie
kiddie's
kidnappee
kidnappee's
kidnappees
kissogram
kissogram's
kissograms
knickknack
knickknack's
knickknacks
knockwurst
knockwurst's
knockwursts
kooky
kopeck
kopeck's
kopecks
kumquat
kumquat's
kumquats
lachrymal
lagniappe
lagniappe's
lagniappes
lambaste
lambastes
lasagna
lasagna's
lasagnas
lavalier_microphone
lavalier_microphone's
lavalier_microphones
lefty
lefty's
linchpin
linchpin's
linchpins
linguine
linguine's
linguines
lissomely
litchi
litchi's
litchis
livableness
loath
loathe
locator
locator's
locators
lodestar
lodestar's
lodestars
lodestone
lodestone's
lodestones
lollipop
lollipop's
lollipops
lollygag
lollygagged
lollygagging
lollygags
loonier
loonies
loony
loony's
lovey
loveys
luvvy
mac
mac's
macs
mah-jongg
mah-jongg's
mah-jonggs
maharajah
maharajah's
maharajahes
maharani
maharani's
maharanis
majolica
majolica's
majolicas
mama
mama's
mamas
mamma
mamma's
mammae
mandrel
mandrel's
mandrels
manikin
manikin's
manikins
mantelpiece
mantelpieces
marabou
marabou's
marabous
marabout
marabout's
marabouts
marijuana
marijuana's
marijuanas
marlinespike
marlinespike's
marlinespikes
maven
maven's
mavens
mazurka
mazurka's
mazurkas
meanie
meanie's
meany
meany's
merchandise
merchandised
merchandiser
merchandiser's
merchandisers
merchandises
merchandising
mesquite
mesquite's
mesquites
methadone
methadone's
methadones
midsize
midwifed
midwifing
millionaire
millionaire's
millionaires
millipede
millipede's
millipedes
milometer
milometer's
milometers
minuscule
minuscule's
minuscules
missilery
missilery's
missus
missus's
missuses
mommy
mommy's
moneyed
moniker
moniker's
monikers
mortgagor
mortgagor's
mortgagors
mortise
mortise's
mortised
mortises
mortising
mousy
movableness
movablenesses
movably
mujahideen
mujahideen's
mustachio
mustachio's
mustachioed
naan
naan's
naans
narc
narc's
narcs
nark
neuronal
nightie
nightie's
octet
octet's
octets
oleomargarine
oleomargarine's
oleomargarines
onward
orangutan
orangutan's
orangutans
outsize
pannier
pannier's
panniers
pantie
pantie's
parakeet
parakeet's
parakeets
parmigiana
partisan
partisan's
partisans
passivize
passivized
passivizes
passivizing
pawpaw
pawpaw's
pawpaws
penlight
penlight's
penlights
phalanges
phalanxes
pharmacopoeia
pharmacopoeia's
pharmacopoeias
piggyback
piggyback's
piggybacking
piggybacks
pigiedback
pilaf
pilaf's
pilafs
piney
pinkie
pinkie's
pinochle
pinochle's
pinyon
pinyon's
pinyons
piroshki
piroshki's
pixie
pixie's
pixieish
pizzazz
pizzazz's
pizzazzes
placebos
pokey
pokey's
pokeys
pokier
pokiest
poky
pollack
pollack's
polliwog
polliwog's
polliwogs
preppy
preppy's
preventable
pricey
prier
prier's
priers
propellant
propellant's
propellants
pumpkin
pumpkin's
pumpkins
pygmies
pygmy
pygmy's
quadraphonic
quadraphonics
quahog
quahog's
quahogs
quartet
quartet's
quartets
quintet
quintet's
quintets
rajah
rajah's
rajahes
ramekin
ramekin's
ramekins
ranee
ranee's
ranees
ratline
ratline's
ratlines
reinforceable
repellent
repellent's
repellents
restaurateur
restaurateur's
restaurateurs
reverie
reverie's
revocable
rickshaw
rickshaw's
rickshaws
rigmarole
rigmarole's
rigmaroles
riposte
riposte's
ripostes
ropier
ropiest
ropy
sari
sari's
saris
savable
savanna
savanna's
savannas
scalawag
scalawag's
scalawags
scallop
scallop's
scalloped
scalloping
scallops
scary
schemata
schlemiel
schlemiel's
schlemiels
schlep
schlep's
schlepped
schlepping
schleps
schlock
schmaltz
schmaltz's
schmaltzes
schmaltzy
schmo
schmo's
schnapps
schnapps's
scrod
scrod's
scrods
scrunchy
scrunchy's
selvage
selvage's
selvages
septet
septet's
septetes
serape
serape's
serapes
sextet
sextet's
sextetes
shard
shard's
shards
sharpie
sharpie's
sheikdom
sheikdom's
sheikdoms
shellac
shellac's
shellacs
sherbet
sherbet's
sherbets
shillelagh
shillelagh's
shillelaghes
shit
shorty
shorty's
shtick
shtick's
shticks
siliceous
sirree
sirree's
sirrees
sizableness
skulduggery
skulduggery's
slumberous
smoothie
smoothie's
so
sobriquet
sobriquet's
sobriquets
softy
softy's
soignee
sol
sol's
sols
soy
soy's
spacey
spic
spic's
spics
spumoni
spumoni's
spumonis
stageyness
stagy
stied
sties
stimuli
stockinette
stockinette's
stockinettes
stogie
stogie's
stony
strata
sty
sty's
stying
stymie
stymie's
stymied
subpoena
subpoena's
subpoenaed
subpoenaing
subpoenas
sumac
sumac's
sumacs
swab
swab's
swabbed
swabbing
swabs
sweetbrier
sweetbrier's
sweetbriers
sylvan
symmetricalness
symmetricalnesses
synagogue
synagogue's
synagogues
taboo
taboo's
tabooed
tabooing
taboos
tamable
tendinitis
tendinitis's
tendinitises
tepee
tepee's
tepees
thiamine
thiamine's
thiamines
titivate
titivated
titivates
titivating
titivation
titivation's
titivations
toffee
toffee's
toffees
togged
togging
topee
topee's
topees
topi
tormentor
tormentor's
tormentors
toward
transgender
tyke
tyke's
tykes
ukulele
ukulele's
ukuleles
undersized
undreamed
unparalleled
unspoiled
upward
vermilion
vermilion's
wackier
wackiest
wacky
wallah
wallahs
warm-up
warm-up's
warm-ups
waterbed
waterbed's
waterbeds
weepie
weepy
welsh
welshed
welshes
welshing
werewolf
werewolf's
werewolves
whimsy
whimsy's
whimsys
whodunit
whodunit's
whodunits
wigeon
wigeon's
willy
wintrier
wintriest
wintry
wisteria
wisteria's
wisterias
woning
woning's
wonings
woollier
woollies
woolliest
woolly
woolly's
yak
yak's
yakked
yakking
yaks
yeshiva
yeshiva's
yeshivas
yogi
yogi's
yogis
yuck
yuk
yuk's
yukked
yukking
yuks
zombie
zombie's
zombies
