Moslem
Moslem's
Pekinese
Pekinese's
Röntgen
addible
aerogramme
aerogrammes
air_strike
air_strike's
air_strikes
airgun
airletter
amir
amir's
amirs
ampoule
ampoule's
ampoules
analytical
analyticalally
analyticaliti
analyticalitis
analyticality
archeologically
aureola
aureola's
awol
backwards
baddy
baddy's
baptistries
baptistry
baptistry's
blueing
blueing's
bobby-soxer
bobby-soxer's
bobby-soxers
bocce
bocce's
bocci
bocci's
bolshy
booboo
booboo's
booboos
boom_box
boom_box's
boom_boxes
bootie
bootie's
borsch
borsch's
bosun
bosun's
bosuns
briquet
briquet's
briquets
buncombe
buncombe's
buncombes
bunko
bunko's
bunkoed
bunkoing
bunkos
burnous
burnous's
burnouses
caesarean
caesarean's
caesareans
camomile
camomile's
camomiles
caravansarai
caravansarais
caravanserai
caravanserai's
carney
carney's
carneys
carnie
carnie's
catsup
catsup's
catsups
chitlins
chitlins's
chivvied
chivvies
chivvy
chivvying
collectabilities
collectability
collectability's
coney
coney's
conies
conjuror
conjuror's
conjurors
convenor
convenor's
convenors
cullender
cullender's
cullenders
dearie
dearie's
deshabille
deshabille's
deshabilles
dickies
dicky
dicky's
ditsiness
ditsiness's
ditsinesses
ditzier
ditzy
doggie
doggie's
doggoned
doggoneder
doggonedest
doh
doh's
dohs
downwards
enure
enured
enures
enuring
extendible
floozie
floozie's
fo'c'sle
fo'c'sle's
fo'c'sles
freebee
freebee's
freebees
fusileer
fusileer's
fusileers
führer
führer's
führers
gamey
garotte
garotte's
garotted
garottes
garotting
garrotte
garrotte's
garrotted
garrottes
garrotting
ginkgos
girlie
goddam
goddam's
goddamed
goddaming
goddams
grandad
grandad's
grandads
grannie
grannie's
hairdrier
hairdrier's
hairdriers
hippiness
hippiness's
hippinesses
hm
homewards
homie
homie's
homies
hominess
hominess's
hominesses
honkie
honkie's
hootch
hootch's
hootches
huzza
huzza's
huzzaed
huzzaing
huzzas
improvisor
improvisor's
improvisors
indue
indued
indues
induing
insignias
institutor
institutor's
institutors
interne
internement
internements
interneship
interneships
inwards
jinn's
jinns
jinricksha
jinricksha's
jinrickshas
junketer
junketer's
junketers
kabob
kabob's
kabobs
kebob
kebob's
kebobs
kidnapee
kidnapee's
kidnapees
kopek
kopek's
kopeks
lacrimal
lallygag
lallygagged
lallygagging
lallygags
lambast
lambasts
lasagne
lasagne's
lasagnes
linguini
linguini's
linguinis
lollypop
lollypop's
lollypops
lychee
lychee's
lychees
mack
mack's
macks
maharaja
maharaja's
maharajas
maharanee
maharanee's
maharanees
mahjong
mahjong's
mahjongs
midwived
midwiving
missis
missis's
missises
mousey
moveableness
moveablenesses
moveably
mujahedin
mujahedin's
nighty
nighty's
panty
panty's
parmigiano
partizan
partizan's
partizans
pharmacopeia
pharmacopeia's
pharmacopeias
pinky
pinky's
pirozhki
pirozhki's
pizazzes
piñon
piñon's
piñons
pollock
pollock's
pollywog
pollywog's
pollywogs
preppie
preppie's
raja
raja's
rajas
rani
rani's
ranis
rigamarole
rigamarole's
rigamaroles
saveable
scallywag
scallywag's
scallywags
schlepp
schlepp's
schlepps
schlocky
schmoe
schmoe's
scrunchie
scrunchie's
selvedge
selvedge's
selvedges
sharpy
sharpy's
shat
sheikhdom
sheikhdom's
sheikhdoms
sherd
sherd's
sherds
shortie
shortie's
silvan
siree
siree's
sirees
sizeableness
skullduggery
skullduggery's
slumbrous
smoothy
smoothy's
softie
softie's
stagey
stockinet
stockinet's
stockinets
stye
stye's
styes
sweetbriar
sweetbriar's
sweetbriars
symmetricness
symmetricnesses
tameable
teepee
teepee's
teepees
tendonitis
tendonitis's
tendonitises
tittivate
tittivated
tittivates
tittivating
tittivation
tittivation's
tittivations
topi's
topis
towards
undreamt
upwards
warmup
warmup's
warmups
water_bed
water_bed's
water_beds
widgeon
widgeon's
widgeons
wigeons
wonning
wonning's
wonnings
yeshivot
yuck's
yucked
yucking
yucks
