alumnuses
bacilluses
banshie
banshie's
banshies
burk
burks
chlorophyl
chlorophyl's
chlorophyls
cocain
cocain's
cutesie
cutlas
cutlas's
cutlases
dingos
dogy
dogy's
emprize
emprizes
escalop
escalop's
escalops
eyries
eyry
eyry's
fileted
fileting
friz
friz's
galoshe
galoshe's
gulleys
haschisch
haschisch's
houmus
incumber
incumbered
incumbering
incumbers
jinriksha
jinriksha's
jinrikshas
khalif
khalif's
khalifs
kissagram
kissagram's
kissagrams
lagnappe
lagnappe's
lagnappes
luvvies
merchandizer
merchandizer's
merchandizers
mesquit
mesquit's
mesquits
mileometer
mileometer's
mileometers
millionnaire
millionnaire's
millionnaires
missilry
missilry's
mommie
mommie's
oleomargarin
oleomargarin's
oleomargarins
passivise
passivised
passivises
passivising
phrenetic
pinocle
pinocle's
placeboes
punkin
punkin's
punkins
quadrophonic
quadrophonics
quintette
quintette's
quintettes
ratlin
ratlin's
ratlins
ripost
ripost's
riposts
scarey
schnaps
schnaps's
shellack
shellack's
shellacks
shmaltz
shmaltz's
shmaltzes
spik
spik's
spiks
stimuluses
stymy
stymy's
stymyed
subpena
subpena's
subpenaed
subpenaing
subpenas
swob
swob's
swobbed
swobbing
swobs
toged
toging
unparallelled
walla
wallas
werwolf
werwolf's
werwolves
