Grecism
Grecism's
Grecisms
Mandean
Mandean's
Mandeans
Manicheism
Manicheism's
Manicheisms
Manila
Manila's
abettor
abettor's
abettors
abridgment
abridgment's
abridgments
accurst
adapter
adapter's
adapters
advisor
advisor's
advisors
aging
aging's
agings
almanack
almanacks
ambiance
ambiance's
ambiances
amidst
amoebae
among
amongst
amuck
amuck's
amucks
analog
analog's
analogs
ascendent
ascendent's
ascendents
aunty
aunty's
balk
balk's
balked
balking
balks
bandana
bandana's
bandanas
bannister
bannister's
bannisters
biassed
biassing
blowzier
blowziest
blowzy
brier
brier's
briers
bused
buses
busing
busing's
busings
caftan
caftan's
caftans
cageyness
cageyness's
cageynesses
cagy
caldron
caldron's
caldrons
calliper
calliper's
callipered
callipering
callipers
caulking's
caulkings
caviare
caviare's
caviares
cenobite
cenobite's
cenobites
cenobitic
cenobitical
centigramme
centigramme's
centigrammes
chaperon
chaperon's
chaperons
chimaera
chimaera's
chimaeras
chocolaty
cicatrice
cicatrice's
collectible
collectible's
collectibles
colouration
colouration's
colourational
colourationaler
colourationalest
colourationallier
colourationalliest
colourationally
colourations
colourimeter
colourimeter's
colourimeters
colourimetric
colourimetrics
colourimetries
colourimetry
connexion
connexion's
connexions
convertor
convertor's
convertors
crenelate
crenelated
crenelater
crenelates
crenelatest
crenelating
crenelation
crenelation's
crenelations
creneled
creneling
crosier
crosier's
crosiers
curtsey
curtsey's
curtseyed
curtseying
curtseys
cyclopaedia
cyclopaedia's
cyclopaedias
cypher
cypher's
czar
czar's
czars
dependent's
dependents
despatch
despatch's
despatched
despatches
despatching
dietician
dietician's
dieticians
dike
dike's
dikes
discolouration
discolouration's
discolourations
draughted
draughting
dreamt
drouth
drouth's
drouthes
dryly
empanel
empanelled
empanelling
empanelment
empanels
encyclopaedia
encyclopaedia's
encyclopaediac
encyclopaedial
encyclopaedian
encyclopaedias
encyclopaedic
encyclopaedical
encyclopaedically
encyclopaedism
encyclopaedisms
encyclopaedist
encyclopaedists
eon
eon's
eons
extravert
extravert's
extraverted
extraverts
eying
faery
faery's
filtrable
fledgeling
fledgeling's
fledgelings
flier
flier's
fliers
focussed
focussing
foetid
foetus
foetus's
foetuses
fogies
fogy
fogy's
forgather
forgathered
forgathering
forgathers
frowsier
frowsiest
frowsy
gage
gage's
gaged
gages
gaging
gaol
gaol's
gaolbird
gaolbird's
gaolbirds
gaolbreak
gaolbreak's
gaolbreaks
gaoled
gaoler
gaoler's
gaolers
gaoling
gaols
gasolene
gasolene's
gasolenes
gelatine
gelatine's
gelatines
gibe
gibe's
gibed
gibes
gibing
glamourize
glamourized
glamourizes
glamourizing
glamourous
glamourousness
glamourousness's
glueing
glutaeal
gobbledygook
gobbledygook's
gobbledygooks
goodie
goodie's
gramme
gramme's
grammes
grecism
guerilla
guerilla's
guerillas
hah
hankie
hankie's
hectogramme
hectogramme's
hectogrammes
hippie
hippie's
homoeopath
homoeopath's
homoeopathic
homoeopathicer
homoeopathicest
homoeopathies
homoeopaths
homoeopathy
homoeopathy's
homoeostatic
hooray's
hoorayed
hooraying
hoorays
hurray
hurray's
hurrayed
hurraying
hurrays
ikon
ikon's
ikons
imbed
imbedded
imbedding
imbeds
imposter
imposter's
imposters
inflection
inflection's
inflections
inflexion
inflexion's
inflexions
inquire
inquired
inquires
inquiries
inquiring
inquiry
inquiry's
instal
instals
instill
instills
ioniser
ioniser's
ionisers
joky
judgment
judgment's
judgmental
judgmentaler
judgmentalest
judgments
kerosine
kerosine's
kerosines
kilogramme
kilogramme's
kilogrammes
kyloes
laundrette
laundrette's
laundrettes
learned
learnt
licenced
licencing
likable
liquified
liquifies
liquify
liquifying
lissome
loveable
macintosh
macintosh's
macintoshes
mediaeval
mediaeval's
mediaevals
meow
meow's
meowed
meowing
meows
milligramme
milligramme's
milligrammes
misjudgment
misjudgment's
misjudgments
misprise
misprised
misprises
misprising
moggy
moggy's
monologuist
monologuist's
monologuists
moveable
moveable's
moveables
multiplexor
multiplexor's
multiplexors
myna
myna's
mynas
nett
nett's
netts
nonencyclopaedic
nosey
nosey's
noseys
numskull
numskull's
numskulls
oecumenic
oecumenicalism
oecumenicity
oecumenism
oesophaguses
okay
okay's
okayed
okaying
okays
ourang
ourangs
oversize
paederast
paederast's
paederasts
paleoethnology
pedologies
pedology
pedology's
phantasied
phantasies
phantasy
phantasy's
phantasying
phonies
phony
phony's
postillion
postillion's
postillions
praesidium
praesidium's
praesidiums
prejudgment
prejudgment's
prejudgments
premiss
premiss's
premisses
primaeval
primaevally
protestor
protestor's
protestors
queueing
raccoons
racoon
racoon's
racoons
racquet
racquet's
racquets
reprogramme
reprogrammes
shaykh
shaykh's
shaykhs
sheik
sheik's
sheiks
sizable
slily
smidgeon
smidgeon's
smidgeons
smidgin
smidgin's
smidgins
spelaeological
spelled
spelt
spilled
spoiled
spoilt
stoor
straightjacket
straightjacket's
straightjacketed
straightjacketing
straightjackets
sulfur
sulfur's
sulfured
sulfuring
sulfurs
sweepstakes
sweepstakes's
synch
synch's
synched
synches
synching
synthesiser
synthesiser's
synthesisers
synthetize
synthetized
synthetizes
synthetizing
syphon
syphon's
syphoned
syphoning
syphonless
syphonlesses
syphonlike
syphonlike's
syphonlikes
syphonophore
syphonophore's
syphonostele
syphonostele's
syphonostelic
syphonostely
syphons
tambura
tambura's
tamburas
tassells
teazel
teazel's
teazels
teazle
teazle's
teazles
technicolour
technicoloured
tempi
thralldom
thralldom's
thralldoms
thruway
thruway's
thruways
tiro
tiro's
tiros
tranquilities
tranquility
tranquility's
tumbrel
tumbrel's
tumbrels
tzar
tzar's
tzars
unbeknownst
unfocussed
unglamourous
unglamourously
unlearned
unlearnt
unshakable
useable
veldt
veldt's
veldts
verandah
verandah's
verandahs
virtuosos
vizor
vizor's
vizors
waggon
waggon's
waggoned
waggoneer
waggoner
waggoner's
waggoners
waggonette
waggonette's
waggonettes
waggoning
waggons
wainscotted
wainscotting
wainscotting's
wainscottings
whir
whir's
whirs
whiz
whiz's
wiz's
wizzes
yoghourt
yoghourt's
yoghourts
yoghurt
yoghurt's
yoghurts
