Manilla
Manilla's
Moslem
Moslem's
Pekinese
Pekinese's
abetter
abetter's
abetters
absinth
absinth's
absinths
accoutre
accoutred
accoutrement
accoutrement's
accoutrements
accoutres
accoutring
accurst
acknowledgement
acknowledgement's
acknowledgements
adaptor
adaptor's
adaptors
addendums
addible
adjustor
adjustor's
adjustors
advertize
advertized
advertizement
advertizement's
advertizements
advertizes
advertizing
advisor
advisor's
advisors
adz
adz's
aeon
aeon's
aeons
aerogramme
aerogrammes
aery
aery's
aestival
afterward
ageing
ageing's
ageings
agism
airgun
airletter
aline
alined
alinement
alinement's
alinements
alines
alining
altho
alumnuses
ambience
ambience's
ambiences
ameba
ameba's
amebae
amebas
amebic
ameboid
ameer
ameer's
ameers
amidst
amir
amir's
amirs
amoebae
amongst
ampoule
ampoule's
ampoules
ampul
ampul's
ampuls
amuck
amuck's
amucks
analytical
analyticalally
analyticaliti
analyticalitis
analyticality
aneurism
aneurism's
aneurisms
aquiculture
aquiculture's
archeologic
archeological
archeologically
archeologies
archeologist
archeologist's
archeologists
archeology
archeology's
archetypically
ascendence
ascendence's
ascendency
ascendency's
ascendent
ascendent's
ascendents
aunty
aunty's
aureola
aureola's
awestricken
awol
ay
ay's
bacilluses
backwards
bacterias
baddy
baddy's
bandana
bandana's
bandanas
bandolier
bandolier's
bandoliers
bannister
bannister's
bannisters
banshie
banshie's
banshies
baptistries
baptistry
baptistry's
barbeque
barbeque's
barbequed
barbeques
barbequing
barcarolle
barcarolle's
barcarolles
barrelled
barrelling
bathyscaph
bathyscaph's
bathyscaphs
battleax
battleax's
biassed
biassing
binging
blameable
blowsier
blowsiest
blowsy
blueing
blueing's
bo's'n
bo's'n's
bo's'ns
bo'sun
bo'sun's
bo'suns
bocce
bocce's
bocci
bocci's
bogy
bogy's
boloney
boloney's
bolshy
boney
bonnie
booboo
booboo's
booboos
boogerman
boogerman's
boogermans
bootie
bootie's
borsch
borsch's
bos'n
bos'n's
bos'ns
bosun
bosun's
bosuns
bougainvillaea
bougainvillaeas
bowlder
bowlder's
bowlders
briar
briar's
briars
brimfull
brinksmanship
brinksmanship's
briquet
briquet's
briquets
broncho
broncho's
bronchos
brusk
brusker
bruskest
bruskly
bruskness
bruskness's
brusknesses
buncombe
buncombe's
buncombes
bunko
bunko's
bunkoed
bunkoing
bunkos
burk
burks
burnous
burnous's
burnouses
bussed
busses
bussing
bussing's
bussings
byelaw
byelaw's
byelaws
cabbie
cabbie's
caesarean
caesarean's
caesareans
caesarian
caesarian's
caesarians
cageyness
cageyness's
cageynesses
cagy
caldron
caldron's
caldrons
calif
calif's
califs
calking's
calkings
camomile
camomile's
camomiles
cancelation
cancellable
cancellate
cancellated
cancelled
cancelling
cantaloup
cantaloup's
cantaloups
caravansarai
caravansarais
caravanserai
caravanserai's
carney
carney's
carneys
carnie
carnie's
carrousel
carrousel's
carrousels
cassino
cassino's
cassinos
catalogue
catalogue's
catalogued
catalogues
cataloguing
catchup
catchup's
catchups
catsup
catsup's
catsups
caulking's
caulkings
caviare
caviare's
caviares
cayman
cayman's
caymans
cesarian
cesarian's
cesarians
chammy
chammy's
chamoix
chaperone
chaperone's
chaperones
chile
chile's
chiles
chilis
chilli
chilli's
chillies
chimaera
chimaera's
chimaeras
chiselled
chiseller
chiseller's
chisellers
chiselling
chitlings
chitlings's
chitlins
chitlins's
chivvied
chivvies
chivvy
chivvying
chlorophyl
chlorophyl's
chlorophyls
chocaholic
chocaholic's
chocaholics
chocolatey
choosey
chutzpa
chutzpa's
chutzpas
cicatrice
cicatrice's
cicatrixes
cigaret
cigaret's
cigarets
civie
civie's
civies
clarinettist
clarinettist's
clarinettists
cocain
cocain's
cocoanut
cocoanut's
cocoanuts
collectabilities
collectability
collectability's
collectable
collectable's
collectables
coney
coney's
conies
conjuror
conjuror's
conjurors
connecter
connecter's
connecters
connectible
convenor
convenor's
convenors
convertor
convertor's
convertors
conveyer
conveyer's
conveyers
cooky
cooky's
copeck
copeck's
copecks
crozier
crozier's
croziers
crystalize
crystalized
crystalizes
crystalizing
cullender
cullender's
cullenders
cumquat
cumquat's
cumquats
curlycue
curlycue's
curlycues
curtsey
curtsey's
curtseyed
curtseying
curtseys
curvacious
cutesie
cutlas
cutlas's
cutlases
cyclopaedia
cyclopaedia's
cyclopaedias
cypher
cypher's
dearie
dearie's
demagog
demagog's
demagoged
demagoging
demagogri
demagogris
demagogry
demagogs
dentine
dentine's
dentines
dependance
dependance's
dependances
descendent
descendent's
descendents
deshabille
deshabille's
deshabilles
despatch
despatch's
despatched
despatches
despatching
dextrous
dextrously
dextrousness
dialog's
dialogged
dialogging
dialogs
dickie
dickie's
dickies
dicky
dicky's
diecious
dieciously
dietician
dietician's
dieticians
dikey
dikier
dikiest
dingos
diss
diss's
disses
distil
distils
ditsiness
ditsiness's
ditsinesses
ditzier
ditzy
djellabah
djellabah's
djellabahes
djinn
djinn's
djinni
djinni's
djinns
doggie
doggie's
doggoned
doggoneder
doggonedest
dogy
dogy's
doh
doh's
dohs
donut
donut's
donuts
dopy
downwards
draftboard
draftboards
drily
drouth
drouth's
drouthes
drouthiness
drouthy
druggy's
dryest
dulness
dulness's
dulnesses
dumfound
dumfounded
dumfounding
dumfoundingly
dumfounds
edile
edile's
ediles
eery
egis
egis's
egises
empanel
empaneled
empaneling
empanelment
empanels
employe
employe's
employes
emprize
emprizes
encyclopaedia
encyclopaedia's
encyclopaediac
encyclopaedial
encyclopaedian
encyclopaedias
encyclopaedic
encyclopaedical
encyclopaedically
encyclopaedism
encyclopaedisms
encyclopaedist
encyclopaedists
enjambement
enjambement's
enjambements
enure
enured
enures
enuring
epaulette
epaulette's
epaulettes
epilog
epilog's
epilogs
epinephrin
epinephrin's
epinephrins
escalop
escalop's
escalops
escollope
escollope's
escollopes
esophaguses
esthete
esthete's
esthetes
esthetic
esthetic's
esthetically
esthetics
exorcize
exorcized
exorcizes
exorcizing
expeditor
expeditor's
expeditors
extendible
extoll
extolls
extravert
extravert's
extraverted
extraverts
eying
eyries
eyry
eyry's
faery
faery's
faggoted
faggoting
felafel
felafel's
fetich
fetich's
fetiches
filet's
fileted
fileting
filets
filtrable
fiord
fiord's
fiords
flannelet
flannelet's
fledgeling
fledgeling's
fledgelings
flexitime
flexitime's
flexitimes
floatation
floatation's
floatations
floozie
floozie's
flukey
flunkey
flunkey's
flunkeys
flunkie
flunkie's
flyer
flyer's
flyers
fo'c's'le
fo'c's'le's
fo'c's'les
fo'c'sle
fo'c'sle's
fo'c'sles
focussed
focussing
fondu
fondu's
fondus
fontanelle
fontanelle's
fontanelles
foregather
foregathered
foregathering
foregathers
foreswear
foreswearing
foreswears
foreswore
foresworn
formulae
freebee
freebee's
freebees
frier
frier's
friers
friz
friz's
frowsier
frowsiest
frowsy
fulness
fulness's
fulnesses
fusileer
fusileer's
fusileers
fuze
fuze's
fuzed
fuzes
fuzing
gage
gage's
gaged
gages
gaging
galoshe
galoshe's
gamey
garote
garote's
garoted
garotes
garoting
garotte
garotte's
garotted
garottes
garotting
garrotte
garrotte's
garrotted
garrottes
garrotting
gasolene
gasolene's
gasolenes
gasses
gayety
gayety's
gayly
geegaw
geegaw's
geegaws
geez
gelatine
gelatine's
gelatines
gemmologies
gemmology
gemmology's
gingko
gingko's
gingkoes
gingkos
ginkgos
gipsies
gipsy
gipsy's
girlie
gismo
gismo's
gismos
glamor
glamor's
glamored
glamoring
glamors
glamourization
glamourize
glamourized
glamourizer
glamourizer's
glamourizers
glamourizes
glamourizing
glueing
glycerine
glycerine's
glycerines
gobbledegook
gobbledegook's
gobbledegooks
goddam
goddam's
goddamed
goddaming
goddams
goodby
goodby's
goodbys
goodie
goodie's
grandad
grandad's
grandads
grannie
grannie's
grey
grey's
greyed
greyer
greyest
greying
greys
gryphon
gryphon's
gryphons
guerilla
guerilla's
guerillas
gulley
gulley's
gulleys
gybe
gybe's
gybed
gybes
gybing
hadj
hadj's
hadji
hadji's
hadjis
hadjs
hah
hairdrier
hairdrier's
hairdriers
halleluiah
halleluiah's
halleluiahs
hallo
hallo's
halloing
hallos
hanky
hanky's
haschisch
haschisch's
hasheesh
hasheesh's
hifalutin
highfaluting
highjack
highjack's
highjacked
highjacker
highjacker's
highjackers
highjacking
highjacks
hijinks
hippiness
hippiness's
hippinesses
hippy's
hm
hoagy
hoagy's
hollo
hollo's
holloing
hollos
homewards
homie
homie's
homies
hominess
hominess's
hominesses
homy
honkey
honkey's
honkeys
honkie
honkie's
hookey
hookey's
hookeys
hoorah
hoorah's
hoorahs
hooray's
hoorayed
hooraying
hoorays
hootch
hootch's
hootches
horsy
hoummos
houmus
humungous
hurrahes
hurray
hurray's
hurrayed
hurraying
hurrays
hutzpa
hutzpa's
hutzpah
hutzpah's
hutzpahes
hutzpas
huzza
huzza's
huzzaed
huzzaing
huzzas
hyaena
hyaena's
hyaenas
hydrocephalies
hydrocephaly
hydrocephaly's
idyl
idyl's
idyls
ignitible
ignitor
ignitor's
ignitors
ikon
ikon's
ikonic
ikonically
ikons
imbed
imbedded
imbedding
imbedment
imbedments
imbeds
imposter
imposter's
imposters
improvisor
improvisor's
improvisors
inclose
inclosed
incloses
inclosing
inclosure
inclosure's
inclosures
incrust
incrusted
incrusting
incrusts
incumber
incumbered
incumbering
incumbers
indorse
indorsed
indorsement
indorsement's
indorsements
indorses
indorsing
indue
indued
indues
induing
insigne
insigne's
insignes
insignias
institutor
institutor's
institutors
interne
interne's
internement
internements
internes
interneship
interneships
intrench
intrenched
intrenches
intrenching
intrenchment
intrenchment's
intrenchments
intrust
intrusted
intrusting
intrustment
intrustments
intrusts
inwards
jailor
jailor's
jailors
jehad
jehad's
jehads
jessamine
jessamine's
jessamines
jinn's
jinns
jinricksha
jinricksha's
jinrickshas
jinriksha
jinriksha's
jinrikshas
jiujitsu
jiujitsu's
jiujitsus
joky
judgemental
judgementaler
judgementalest
jujutsu
jujutsu's
jujutsus
junketer
junketer's
junketers
kabob
kabob's
kabobs
kaftan
kaftan's
kaftans
kebob
kebob's
kebobs
kerosine
kerosine's
kerosines
khalif
khalif's
khalifs
kiddy
kiddy's
kidnaped
kidnapee
kidnapee's
kidnapees
kidnaper
kidnaper's
kidnapers
kidnaping
kindergartener
kindergartener's
kindergarteners
kissagram
kissagram's
kissagrams
knackwurst
knackwurst's
knackwursts
kookie
kopek
kopek's
kopeks
lacrimal
lagnappe
lagnappe's
lagnappes
lallygag
lallygagged
lallygagging
lallygags
lambast
lambasts
lasagne
lasagne's
lasagnes
laundrette
laundrette's
laundrettes
leftie
leftie's
leggin
leggin's
leggins
lichee
lichee's
lichees
likeabilities
likeability
likeability's
likeable
likeableness
likeableness's
likeablenesses
linguini
linguini's
linguinis
liquified
liquifier
liquifiers
liquifies
liquify
liquifying
lissom
lissomly
lissomness
lissomnesses
liveable
liveableness
loadstar
loadstar's
loadstars
loadstone
loadstone's
loadstones
locater
locater's
locaters
lollypop
lollypop's
lollypops
looney
looney's
looneyier
looneyies
looneys
loth
lovaebility
loveable
loveableness
loveably
lupin
lupin's
lupins
lustre
lustre's
lustred
lustres
lustring
lustring's
luv
luvs
luvvie
luvvies
lychee
lychee's
lychees
lynchpin
lynchpin's
lynchpins
macintosh
macintosh's
macintoshes
mack
mack's
macks
maharaja
maharaja's
maharajas
maharanee
maharanee's
maharanees
mahjong
mahjong's
mahjongs
maiolica
maiolica's
maiolicas
mammas
mandril
mandril's
mandrils
manilla
manilla's
mannikin
mannikin's
mannikins
mantlepiece
mantlepieces
marihuana
marihuana's
marihuanas
marlinspike
marlinspike's
marlinspikes
matt
matts
mavin
mavin's
mavins
mazourka
mazourka's
mazourkas
mediaeval
mediaeval's
mediaevally
mediaevals
menad
menad's
menadic
menads
merchandize
merchandized
merchandizer
merchandizer's
merchandizers
merchandizes
merchandizing
mesquit
mesquit's
mesquits
methadon
methadon's
methadons
miaow
miaow's
miaowed
miaowing
miaows
midsized
midwived
midwiving
mileometer
mileometer's
mileometers
millepede
millepede's
millepedes
millionnaire
millionnaire's
millionnaires
minibusses
miniscule
miniscule's
miniscules
missilry
missilry's
missis
missis's
missises
moggie
moggie's
mollusc
mollusc's
molluscs
molluskan
momma
momma's
mommas
mommie
mommie's
monecious
monicker
monicker's
monickers
monied
monolog
monolog's
monologs
monologuist
monologuist's
monologuists
mortgager
mortgager's
mortgagers
mortice
mortice's
morticed
mortices
morticing
mousey
moustachio
moustachio's
moustachioed
moveability
moveable
moveable's
moveableness
moveablenesses
moveables
moveably
mujahedeen
mujahedeen's
mujahedin
mujahedin's
multiplexor
multiplexor's
multiplexors
mynah
mynah's
mynahes
nan
nan's
nans
nark's
narks
neglig
neglig's
negligs
neuronic
nicknack
nicknack's
nicknacks
nighty
nighty's
nite
nite's
nites
nitroglycerine
nitroglycerine's
nitroglycerines
nonencyclopaedic
nought
nought's
noughts
numbskull
numbskull's
numbskulls
ochreous
ochreouser
ochreousest
octette
octette's
octettes
okay
okay's
okayed
okaying
okays
oleomargarin
oleomargarin's
oleomargarins
omelette
omelette's
omelettes
onwards
orangutang
orangutang's
orangutangs
organdie
organdie's
outsized
oversized
panier
panier's
paniers
panty
panty's
papaw
papaw's
papaws
parmigiano
parrakeet
parrakeet's
parrakeets
partizan
partizan's
partizans
passivise
passivised
passivises
passivising
pedagog
pedagog's
pedagogs
pediatrist
pediatrist's
pediatrists
pedlar
pedlar's
pedlars
penlite
penlite's
penlites
phantasied
phantasies
phantasy
phantasy's
phantasying
pharmacopeia
pharmacopeia's
pharmacopeial
pharmacopeias
phoney
phoney's
phoneys
phrenetic
pickaback
pickaback's
pickabacked
pickabacking
pickabacks
pigmies
pigmy
pigmy's
pilaff
pilaff's
pilaffs
pilau
pilau's
pilaus
pilaw
pilaw's
pilaws
pinky
pinky's
pinocle
pinocle's
piny
pirozhki
pirozhki's
pixy
pixy's
pixyish
pizazz
pizazz's
pizazzes
placeboes
pollock
pollock's
pollywog
pollywog's
pollywogs
postillion
postillion's
postillions
practise
practise's
practised
practises
practising
praesidium
praesidium's
praesidiums
precancellation
premiss
premiss's
premisses
prenomen
prenomen's
prenomens
preppie
preppie's
presidia
preterite
preterite's
preterites
preventible
prevue
prevue's
prevues
pricy
programed
programer
programer's
programers
programing
programme
programmes
prolog
prolog's
prologs
propellent
propellent's
propellents
prosopopeia
prosopopeias
protestor
protestor's
protestors
pryer
pryer's
pryers
punkin
punkin's
punkins
quadriphonic
quadriphonics
quadrophonic
quadrophonics
quahaug
quahaug's
quahaugs
quartette
quartette's
quartettes
questor
questor's
questors
quintette
quintette's
quintettes
raccoons
racoon
racoon's
racoons
racquet
racquet's
racquets
raja
raja's
rajas
ramequin
ramequin's
ramequins
rani
rani's
ranis
ratlin
ratlin's
ratlins
reenforce
reenforceable
reenforced
reenforces
reenforcing
repellant
repellant's
repellants
restauranteur
restauranteur's
restauranteurs
revery
revery's
revokable
ricksha
ricksha's
rickshas
rigamarole
rigamarole's
rigamaroles
ripost
ripost's
riposts
ropey
sabre
sabre's
sabred
sabres
sabring
saki
saki's
sakis
saleable
saleabler
saleablest
sarape
sarape's
sarapes
saree
saree's
sarees
savannah
savannah's
savannahes
saveable
scallywag
scallywag's
scallywags
scarey
schemas
schlepp
schlepp's
schlepps
schlocky
schmalz
schmalz's
schmalzes
schmalzy
schmoe
schmoe's
schnaps
schnaps's
schrod
schrod's
schrods
schtick
schtick's
schticks
scollop
scollop's
scolloped
scolloping
scollops
scrunchie
scrunchie's
selvedge
selvedge's
selvedges
septette
septette's
septettes
sextette
sextette's
sextettes
shaikh
shaikh's
shaikhs
shammy
shammy's
sharpy
sharpy's
shat
shaykh
shaykh's
shaykhs
sheik
sheik's
sheikhdom
sheikhdom's
sheikhdoms
sheiks
shellack
shellack's
shellacks
sherbert
sherbert's
sherberts
sherd
sherd's
sherds
shillalah
shillalah's
shillalahes
shlemiel
shlemiel's
shlemiels
shlep
shlep's
shlepp
shlepp's
shlepped
shlepping
shlepps
shleps
shlock
shlocky
shmaltz
shmaltz's
shmaltzes
shortie
shortie's
shtik
shtik's
shtiks
silicious
silvan
siree
siree's
sirees
sirup
sirup's
sirups
sizeable
sizeableness
sizeably
skullduggery
skullduggery's
slily
slumbrous
slyer
slyest
smidge
smidge's
smidgeon
smidgeon's
smidgeons
smidges
smidgin
smidgin's
smidgins
smoothy
smoothy's
smoulder
smoulder's
smouldered
smouldering
smoulders
so's
softie
softie's
sombre
sombrely
sombreness
sombreness's
sombrenesses
sombrer
sombrest
sos
soubriquet
soubriquet's
soubriquets
soya
soya's
spacy
spick
spick's
spicks
spik
spik's
spiks
spilt
spiraea
spiraea's
spiraeas
spumone
spumone's
spumones
stagey
stimuluses
stockinet
stockinet's
stockinets
stogy
stogy's
stoney
storey
storey's
storeys
straightjacket
straightjacket's
straightjacketed
straightjacketing
straightjackets
stratums
stye
stye's
styes
stymy
stymy's
stymyed
subpena
subpena's
subpenaed
subpenaing
subpenas
sumach
sumach's
sumaches
sweepstake
sweepstake's
sweetbriar
sweetbriar's
sweetbriars
swob
swob's
swobbed
swobbing
swobs
symmetricly
symmetricness
symmetricnesses
synagog
synagog's
synagogs
synch
synch's
synched
synches
synching
tabu
tabu's
tabued
tabuing
tabus
tameable
teaselled
teaseller
teaseller's
teasellers
teaselling
teaselling's
teasellings
teazel
teazel's
teazels
teazle
teazle's
teazles
teepee
teepee's
teepees
tempi
tendonitis
tendonitis's
tendonitises
thermaesthesia
thermaesthesia's
thiamin
thiamin's
thiamins
thraldom
thraldom's
thraldoms
throughway
throughway's
throughways
thru
tike
tike's
tikes
tipi
tipi's
tipis
tiro
tiro's
tiros
titbit
titbit's
titbits
tittivate
tittivated
tittivates
tittivating
tittivation
tittivation's
tittivations
toffies
toffy
toffy's
toged
toging
topi's
topis
tormenter
tormenter's
tormenters
towards
tranquillities
tranquillity
tranquillity's
tranquillize
tranquillized
tranquillizer
tranquillizer's
tranquillizers
tranquillizes
tranquillizing
transgendered
travelog
travelog's
travelogs
trollied
trollies
trolly
trolly's
trollying
tsar
tsar's
tsardom
tsardom's
tsardoms
tsarina
tsarina's
tsarinas
tsarism
tsarism's
tsarisms
tsarist
tsars
tumbril
tumbril's
tumbrils
tyreo
tyreo's
tyreos
tzar
tzar's
tzardom
tzardom's
tzardoms
tzarina
tzarina's
tzarinas
tzarism
tzarism's
tzarisms
tzarist
tzars
ukelele
ukelele's
ukeleles
unbeknown
uncancelled
uncancelledder
uncancelleddest
undersize
undreamt
unfocussed
unparallelled
unshakeable
unspoilt
upwards
useability
useability's
useable
veldt
veldt's
veldts
vender
vender's
venders
verandah
verandah's
verandahs
vermillion
vermillion's
videodisk
videodisk's
videodisks
virtuosoes
virtuosos
vizor
vizor's
vizors
wainscotted
wainscotting
wainscotting's
wainscottings
walla
wallas
warmup
warmup's
warmups
welch
welched
welches
welching
werwolf
werwolf's
werwolves
whackier
whackiest
whacky
whimsey
whimsey's
whimseys
whirr
whirr's
whirrs
whiskies
whisky
whisky's
whizz
whizz's
whodunnit
whodunnits
whodunnits's
widgeon
widgeon's
widgeons
wigeons
wilful
wilfuler
wilfulest
wilfulness
wilfulness's
willie
winterier
winteriest
wintery
wistaria
wistaria's
wistarias
wiz's
wizzes
wonning
wonning's
wonnings
woolie
woolie's
woolier
woolies
wooliest
wooly
wooly's
yack
yack's
yacked
yacking
yacks
yeshivah
yeshivah's
yeshivahs
yeshivot
yock
yock's
yocks
yogin
yogin's
yogins
yuck's
yucked
yucking
yucks
zombi
zombi's
zombis
