Grecism
Grecism's
Grecisms
Honorable
Honorable's
Mandean
Mandean's
Mandeans
Manicheism
Manicheism's
Manicheisms
Manila
Manila's
abettor
abettor's
abettors
abridgment
abridgment's
abridgments
acknowledgment
acknowledgment's
acknowledgments
adapter
adapter's
adapters
aging
aging's
agings
ambiance
ambiance's
ambiances
amphitheater
amphitheater's
amphitheaters
analog
analog's
analogs
anesthesia
anesthesia's
anesthesias
anesthetic
anesthetic's
anestheticer
anestheticest
anesthetics
anesthetize
anesthetized
anesthetizes
anesthetizing
arbor
arbor's
arbores
arbors
ardor
ardor's
ardors
armor
armor's
armored
armorer
armorer's
armorers
armories
armoring
armors
armory
armory's
bandanna
bandanna's
bandannas
behavior
behavior's
behavioral
behavioraler
behavioralest
behaviorally
behaviorism
behaviorism's
behaviorisms
behaviorist
behaviorist's
behavioristic
behavioristicer
behavioristicest
behavioristics
behaviorists
behaviors
belabor
belabor's
belabored
belaboring
belabors
beveled
beveler
beveler's
bevelers
beveling
bevelings
bister
bister's
bisters
blamable
blowzier
blowziest
blowzy
brier
brier's
briers
bused
buses
busing
busing's
busings
caftan
caftan's
caftans
candor
candor's
candors
caviled
caviling
cavilings
celom
celom's
celoms
cenobite
cenobite's
cenobites
cenobitic
cenobitical
center
center's
centered
centering
centering's
centerings
centers
chaperon
chaperon's
chaperons
chocolaty
cicatrix
cicatrix's
clamor
clamor's
clamored
clamoring
clamors
clangor
clangor's
clangored
clangoring
clangors
collectible
collectible's
collectibles
color
color's
colorable
colorable's
colorabler
colorables
colorablest
colorant
colorant's
colorants
colored
colored's
coloreds
colorer
colorer's
colorers
colorful
colorfuler
colorfulest
coloring
coloring's
colorings
colorist
colorist's
colorists
colorless
colorlesser
colorlessest
colorrest
colors
colorway
colorways
counselor
counselor's
counselors
crenelate
crenelated
crenelater
crenelates
crenelatest
crenelating
crenelation
crenelation's
crenelations
creneled
creneling
crosier
crosier's
crosiers
crueler
cruelest
czar
czar's
czars
defense
defense's
defensed
defenses
defensing
demeanor
demeanor's
demeanors
dependent's
dependents
dike
dike's
dikes
diopter
diopter's
diopters
discolor
discolor's
discolored
discolored's
discoloreds
discoloring
discolors
disfavor
disfavor's
disfavored
disfavoring
disfavors
dishonor
dishonor's
dishonorable
dishonorable's
dishonorabler
dishonorables
dishonorablest
dishonored
dishonoring
dishonors
dolor
dolor's
dolors
dryly
enameled
enameling
enamelings
enamor
enamor's
enamored
enamored's
enamoreds
enamoring
enamors
enroll
enrollment
enrollment's
enrollments
enrolls
epaulet
epaulet's
epaulets
esthetician
esthetician's
estheticians
estival
estivate
estivated
estivates
estivating
estivation
estivation's
estivations
fagot
fagot's
fagoted
fagoting
fagots
favor
favor's
favorable
favorable's
favorabler
favorables
favorablest
favored
favored's
favoreds
favoring
favoring's
favorings
favorite
favorite's
favoriter
favorites
favoritest
favoritism
favoritism's
favoritisms
favors
fervor
fervor's
fervors
flanneled
flanneling
flavor
flavor's
flavored
flavoring
flavoring's
flavorings
flavors
flier
flier's
fliers
fogies
fogy
fogy's
forgather
forgathered
forgathering
forgathers
gibe
gibe's
gibed
gibes
gibing
gobbledygook
gobbledygook's
gobbledygooks
gray
gray's
grayed
grayer
grayest
graying
grays
grecism
groveled
groveling
grueled
grueling
grueling's
gruelings
hankie
hankie's
harbor
harbor's
harbored
harboring
harbors
hippie
hippie's
honor
honor's
honorable
honorable's
honorabler
honorables
honorablest
honored
honoring
honors
humor
humor's
humored
humoring
humors
impanel
impanelment
impanels
impostor
impostor's
impostors
initialed
initialing
installment
installment's
installments
instill
instills
jewelry
jewelry's
judgment
judgment's
judgmental
judgmentaler
judgmentalest
judgments
kiloliter
kiloliter's
kiloliters
kilometer
kilometer's
kilometers
labor
labor's
labored
laborer
laborer's
laborers
laboring
laboring's
laborings
labors
libelous
libelouser
libelousest
likable
lissome
louver
louver's
louvered
louvers
maneuver
maneuver's
maneuvered
maneuvering
maneuverings
maneuvers
meager
meagerrer
meagerrest
meow
meow's
meowed
meowing
meows
metaled
metaling
misdemeanor
misdemeanor's
misdemeanors
misjudgment
misjudgment's
misjudgments
moggy
moggy's
mold
mold's
molded
moldier
moldiest
molding
molding's
moldings
molds
moldy
mustache
mustache's
mustaches
myna
myna's
mynas
nanometer
nanometer's
nanometers
neighbor
neighbor's
neighbored
neighborhood
neighborhood's
neighborhoods
neighboring
neighborings
neighborlier
neighborliest
neighborly
neighbors
nitroglycerin
nitroglycerin's
nitroglycerins
numskull
numskull's
numskulls
odor
odor's
odors
offense
offense's
offenses
omelet
omelet's
omelets
orthopedic
orthopedic's
orthopedicer
orthopedicest
orthopedics
orthopedics's
outmaneuver
outmaneuvered
outmaneuvering
outmaneuvers
oversize
pajama
pajama's
pajamas
pajamas's
parlor
parlor's
parlors
pedaled
pedaler
pedaler's
pedalers
pedaling
pedologies
pedology
pedology's
phonies
plowman
plowman's
plowmen
plowshare
plowshare's
plowshares
practiced
practicing
prejudgment
prejudgment's
prejudgments
preterit
preterit's
preterits
raveling
raveling's
ravelings
reconnoiter
reconnoiter's
reconnoitered
reconnoitering
reconnoiters
remold
remolded
remolding
remolds
rigor
rigor's
rigors
roweled
roweling
rumor
rumor's
rumored
rumoring
rumors
savior
savior's
saviors
savor
savor's
savored
savorier
savories
savoriest
savoring
savors
savory
savory's
sheikh
sheikh's
sheikhs
shoveler
shoveler's
shovelers
sizable
smolder
smolder's
smoldered
smoldering
smolders
snorkeled
snorkeling
spiraled
spiraling
splendor
splendor's
splendors
squirreled
squirreling
sulfate
sulfate's
sulfates
sulfide
sulfide's
sulfides
sulfur
sulfur's
sulfured
sulfuric
sulfuring
sulfurous
sulfurs
sweepstakes
sweepstakes's
tambura
tambura's
tamburas
theater
theater's
theaters
thralldom
thralldom's
thralldoms
thruway
thruway's
thruways
tinseled
tinseling
titer
titer's
titers
trammeled
trammeling
tranquilities
tranquility
tranquility's
tumbrel
tumbrel's
tumbrels
tumor
tumor's
tumors
unbeknownst
uncolored
uncoloredder
uncoloreddest
uncoloreds
unfavorable
unfavorable's
unfavorabler
unfavorables
unfavorablest
unflavored
unflavoredder
unflavoreddest
unpracticed
unpracticedder
unpracticeddest
unsavorier
unsavories
unsavoriest
unsavory
unsavory's
unshakable
valor
valor's
valors
vapor
vapor's
vapored
vaporing
vaporing's
vaporings
vapors
vaporware
varicolored
varicolored's
varicoloredder
varicoloreddest
varicoloreds
vigor
vigor's
vigors
wainscoted
wainscoting
wainscoting's
wainscotings
watercolor
watercolor's
watercolored
watercoloring
watercolors
whir
whir's
whirs
whiskey
whiskey's
whiskeys
willful
willfuler
willfulest
woolen
woolen's
woolenner
woolennest
woolens
yodeled
yodeler
yodeler's
yodelers
yodeling
yogurt
yogurt's
yogurts
