AWOL
Manila
Manila's
Manilla
Manilla's
Moslem
Moslem's
Muslim
Muslim's
OK
OK's
OKed
OKing
OKs
Pekinese
Pekinese's
Pekingese
Pekingese's
Roentgen
Röntgen
abetter
abetter's
abetters
abettor
abettor's
abettors
absinth
absinth's
absinthe
absinthe's
absinthes
absinths
accouter
accoutered
accoutering
accouterment
accouterment's
accouterments
accouters
accoutre
accoutred
accoutrement
accoutrement's
accoutrements
accoutres
accoutring
accursed
accurst
acknowledgement
acknowledgement's
acknowledgements
acknowledgment
acknowledgment's
acknowledgments
adapter
adapter's
adapters
adaptor
adaptor's
adaptors
addable
addenda
addendums
addible
adjuster
adjuster's
adjusters
adjustor
adjustor's
adjustors
advertise
advertised
advertisement
advertisement's
advertisements
advertises
advertising
advertize
advertized
advertizement
advertizement's
advertizements
advertizes
advertizing
adviser
adviser's
advisers
advisor
advisor's
advisors
adz
adz's
adze
adze's
aedile
aedile's
aediles
aegis
aegis's
aegises
aeon
aeon's
aeons
aerie
aerie's
aeries
aerogram
aerogramme
aerogrammes
aerograms
aery
aery's
aesthete
aesthete's
aesthetes
aesthetic
aesthetic's
aesthetically
aesthetics
aestival
afterward
afterwards
ageing
ageing's
ageings
ageism
aging
aging's
agings
agism
air_gun
air_letter
air_strike
air_strike's
air_strikes
airgun
airletter
airstrike
airstrike's
airstrikes
align
aligned
aligning
alignment
alignment's
alignments
aligns
aline
alined
alinement
alinement's
alinements
alines
alining
alleluia
alleluia's
alleluias
altho
although
alumni
alumnuses
ambiance
ambiance's
ambiances
ambience
ambience's
ambiences
ameba
ameba's
amebae
amebas
amebic
ameboid
ameer
ameer's
ameers
amid
amidst
amir
amir's
amirs
amoeba
amoeba's
amoebae
amoebas
amoebic
amoeboid
amok
amok's
amoks
among
amongst
ampoule
ampoule's
ampoules
ampul
ampul's
ampule
ampule's
ampules
ampuls
amuck
amuck's
amucks
analog
analog's
analogs
analogue
analogue's
analogues
analytic
analytical
analyticalally
analyticaliti
analyticalitis
analyticality
analytically
analyticiti
analyticitis
analyticity
aneurism
aneurism's
aneurisms
aneurysm
aneurysm's
aneurysms
antennae
antennas
appendices
appendixes
aquaculture
aquaculture's
aquiculture
aquiculture's
archaeologic
archaeological
archaeologically
archaeologies
archaeologist
archaeologist's
archaeologists
archaeology
archaeology's
archeologic
archeological
archeologically
archeologies
archeologist
archeologist's
archeologists
archeology
archeology's
archetypally
archetypically
ascendance
ascendance's
ascendancy
ascendancy's
ascendant
ascendant's
ascendants
ascendence
ascendence's
ascendency
ascendency's
ascendent
ascendent's
ascendents
auntie
auntie's
aunties
aunty
aunty's
aureola
aureola's
aureole
aureole's
awestricken
awestruck
awol
ay
ay's
aye
aye's
bacilli
bacilluses
backward
backwards
bacteria
bacterias
baddie
baddie's
baddy
baddy's
baloney
baloney's
bandana
bandana's
bandanas
bandanna
bandanna's
bandannas
bandoleer
bandoleer's
bandoleers
bandolier
bandolier's
bandoliers
banister
banister's
banisters
bannister
bannister's
bannisters
banshee
banshee's
banshees
banshie
banshie's
banshies
baptisteries
baptistery
baptistery's
baptistries
baptistry
baptistry's
barbecue
barbecue's
barbecued
barbecues
barbecuing
barbeque
barbeque's
barbequed
barbeques
barbequing
barcarole
barcarole's
barcaroles
barcarolle
barcarolle's
barcarolles
bark
bark's
barks
barque
barque's
barques
barreled
barreling
barrelled
barrelling
bathyscaph
bathyscaph's
bathyscaphe
bathyscaphe's
bathyscaphes
bathyscaphs
battleax
battleax's
battleaxe
battleaxe's
battleaxes
beefs
beeves
berk
berks
biased
biasing
biassed
biassing
bingeing
binging
blamable
blameable
blond
blond's
blonde
blonde's
blondes
blonds
blowsier
blowsiest
blowsy
blowzier
blowziest
blowzy
blueing
blueing's
bluing
bluing's
bo's'n
bo's'n's
bo's'ns
bo'sun
bo'sun's
bo'suns
boatswain
boatswain's
boatswains
bobby-soxer
bobby-soxer's
bobby-soxers
bobbysoxer
bobbysoxer's
bobbysoxers
bocce
bocce's
bocci
bocci's
boccie
boccie's
bogey
bogey's
bogeys
bogie
bogie's
bogies
bogy
bogy's
boloney
boloney's
bolshie
bolshy
boney
bonnie
bonny
bony
boo-boo
boo-boo's
boo-boos
booboo
booboo's
booboos
boogerman
boogerman's
boogermans
boogeyman
boogeyman's
boogeymen
boom_box
boom_box's
boom_boxes
boombox
boombox's
boomboxes
bootee
bootee's
bootees
bootie
bootie's
booties
booty
booty's
borsch
borsch's
borscht
borscht's
bos'n
bos'n's
bos'ns
bosun
bosun's
bosuns
bougainvillaea
bougainvillaeas
bougainvillea
bougainvilleas
boulder
boulder's
boulders
bowlder
bowlder's
bowlders
briar
briar's
briars
brier
brier's
briers
brimful
brimfull
brinkmanship
brinkmanship's
brinksmanship
brinksmanship's
briquet
briquet's
briquets
briquette
briquette's
briquettes
broncho
broncho's
bronchos
bronco
bronco's
broncos
brusk
brusker
bruskest
bruskly
bruskness
bruskness's
brusknesses
brusque
brusquely
brusqueness
brusqueness's
brusquenesses
brusquer
brusquest
bunco
bunco's
buncoed
buncoing
buncombe
buncombe's
buncombes
buncos
bunko
bunko's
bunkoed
bunkoing
bunkos
bunkum
bunkum's
bunkums
burk
burks
burnoose
burnoose's
burnooses
burnous
burnous's
burnouses
bus
bused
buses
busing
busing's
busings
bussed
busses
bussing
bussing's
bussings
byelaw
byelaw's
byelaws
bylaw
bylaw's
bylaws
cabbie
cabbie's
cabbies
cabby
cabby's
caesarean
caesarean's
caesareans
caesarian
caesarian's
caesarians
caftan
caftan's
caftans
cagey
cageyness
cageyness's
cageynesses
caginess
caginess's
caginesses
cagy
caiman
caiman's
caimans
caldron
caldron's
caldrons
calif
calif's
califs
caliph
caliph's
caliphes
calk
calk's
calked
calking
calking's
calkings
calks
camomile
camomile's
camomiles
cancelable
cancelate
cancelated
cancelation
canceled
canceling
cancellable
cancellate
cancellated
cancellation
cancelled
cancelling
cantaloup
cantaloup's
cantaloupe
cantaloupe's
cantaloupes
cantaloups
caravansarai
caravansarais
caravansaries
caravansary
caravansary's
caravanserai
caravanserai's
carney
carney's
carneys
carnie
carnie's
carnies
carny
carny's
carousel
carousel's
carousels
carrousel
carrousel's
carrousels
casino
casino's
casinos
cassino
cassino's
cassinos
caster
caster's
casters
castor
castor's
castors
catalog
catalog's
cataloged
cataloging
catalogs
catalogue
catalogue's
catalogued
catalogues
cataloguing
catchup
catchup's
catchups
catsup
catsup's
catsups
cauldron
cauldron's
cauldrons
caulk
caulk's
caulked
caulking
caulking's
caulkings
caulks
caviar
caviar's
caviare
caviare's
caviares
caviars
cayman
cayman's
caymans
cesarean
cesarean's
cesareans
cesarian
cesarian's
cesarians
chammy
chammy's
chamois
chamois's
chamoix
chamomile
chamomile's
chamomiles
chaperon
chaperon's
chaperone
chaperone's
chaperones
chaperons
chile
chile's
chiles
chili
chili's
chilies
chilis
chilli
chilli's
chillies
chimaera
chimaera's
chimaeras
chimera
chimera's
chimeras
chiseled
chiseler
chiseler's
chiselers
chiseling
chiselled
chiseller
chiseller's
chisellers
chiselling
chitlings
chitlings's
chitlins
chitlins's
chitterlings
chitterlings's
chivied
chivies
chivvied
chivvies
chivvy
chivvying
chivy
chivying
chlorophyl
chlorophyl's
chlorophyll
chlorophyll's
chlorophylls
chlorophyls
chocaholic
chocaholic's
chocaholics
chocoholic
chocoholic's
chocoholics
chocolatey
chocolaty
choosey
choosy
chutzpa
chutzpa's
chutzpah
chutzpah's
chutzpahes
chutzpas
cicatrice
cicatrice's
cicatrices
cicatrix
cicatrix's
cicatrixes
cigaret
cigaret's
cigarets
cigarette
cigarette's
cigarettes
cipher
cipher's
civie
civie's
civies
civvies
civvy
civvy's
clarinetist
clarinetist's
clarinetists
clarinettist
clarinettist's
clarinettists
cocain
cocain's
cocaine
cocaine's
cocoanut
cocoanut's
cocoanuts
coconut
coconut's
coconuts
colander
colander's
colanders
collectabilities
collectability
collectability's
collectable
collectable's
collectables
collectibilities
collectibility
collectibility's
collectible
collectible's
collectibles
coney
coney's
coneys
conies
conjurer
conjurer's
conjurers
conjuror
conjuror's
conjurors
connectable
connecter
connecter's
connecters
connectible
connector
connector's
connectors
convener
convener's
conveners
convenor
convenor's
convenors
converter
converter's
converters
convertor
convertor's
convertors
conveyer
conveyer's
conveyers
conveyor
conveyor's
conveyors
cony
cony's
cookie
cookie's
cooky
cooky's
copeck
copeck's
copecks
cottar
cottar's
cottars
cotter
cotter's
cotters
crosier
crosier's
crosiers
crozier
crozier's
croziers
crystalize
crystalized
crystalizes
crystalizing
crystallise
crystallised
crystallises
crystallising
crystallize
crystallized
crystallizes
crystallizing
cullender
cullender's
cullenders
cumquat
cumquat's
cumquats
curlicue
curlicue's
curlicues
curlycue
curlycue's
curlycues
curtsey
curtsey's
curtseyed
curtseying
curtseys
curtsied
curtsies
curtsy
curtsy's
curtsying
curvaceous
curvacious
cutesie
cutesy
cutlas
cutlas's
cutlases
cutlass
cutlass's
cutlasses
cyclopaedia
cyclopaedia's
cyclopaedias
cyclopedia
cyclopedia's
cyclopedias
cypher
cypher's
czar
czar's
czardom
czardom's
czardoms
czarina
czarina's
czarinas
czarism
czarism's
czarisms
czarist
czars
d'oh
d'oh's
d'ohs
dearie
dearie's
deary
deary's
demagog
demagog's
demagoged
demagoging
demagogri
demagogris
demagogry
demagogs
demagogue
demagogue's
demagogued
demagogueri
demagogueris
demagoguery
demagogues
demagoguing
dentin
dentin's
dentine
dentine's
dentines
dentins
dependance
dependance's
dependances
dependence
dependence's
dependences
descendant
descendant's
descendants
descendent
descendent's
descendents
deshabille
deshabille's
deshabilles
despatch
despatch's
despatched
despatches
despatching
dexterous
dexterously
dexterousness
dextrous
dextrously
dextrousness
dialog
dialog's
dialogged
dialogging
dialogs
dialogue
dialogue's
dialogued
dialogues
dialoguing
dickey
dickey's
dickeys
dickie
dickie's
dickies
dicky
dicky's
diecious
dieciously
dietician
dietician's
dieticians
dietitian
dietitian's
dietitians
dike
dike's
dikes
dikey
dikier
dikiest
dingoes
dingos
dioecious
dioeciously
dis
dis's
disc
disc's
dises
dishabille
dishabille's
dishabilles
disk
disk's
dispatch
dispatch's
dispatched
dispatches
dispatching
diss
diss's
disses
distil
distill
distilled
distilling
distills
distils
ditsier
ditsiness
ditsiness's
ditsinesses
ditsy
ditzier
ditziness
ditziness's
ditzinesses
ditzy
djellaba
djellaba's
djellabah
djellabah's
djellabahes
djellabas
djinn
djinn's
djinni
djinni's
djinns
doggie
doggie's
doggone
doggoned
doggoneder
doggonedest
doggoner
doggonest
doggy
doggy's
dogie
dogie's
dogies
dogy
dogy's
doh
doh's
dohs
donut
donut's
donuts
dopey
dopy
doughnut
doughnut's
doughnuts
downward
downwards
draftboard
draftboards
draughtboard
draughtboards
drier
driest
drily
drought
drought's
droughtiness
droughts
droughty
drouth
drouth's
drouthes
drouthiness
drouthy
druggie
druggie's
druggies
druggy
druggy's
dryer
dryest
dryly
dullness
dullness's
dullnesses
dulness
dulness's
dulnesses
dumbfound
dumbfounded
dumbfounding
dumbfoundingly
dumbfounds
dumfound
dumfounded
dumfounding
dumfoundingly
dumfounds
dyke
dyke's
dykes
dykey
dykier
dykiest
edile
edile's
ediles
eerie
eery
egis
egis's
egises
embed
embedded
embedding
embedment
embedments
embeds
emir
emir's
emirs
empanel
empaneled
empaneling
empanelled
empanelling
empanelment
empanels
employe
employe's
employee
employee's
employees
employes
emprise
emprises
emprize
emprizes
enclose
enclosed
encloses
enclosing
enclosure
enclosure's
enclosures
encrust
encrusted
encrusting
encrusts
encumber
encumbered
encumbering
encumbers
encyclopaedia
encyclopaedia's
encyclopaediac
encyclopaedial
encyclopaedian
encyclopaedias
encyclopaedic
encyclopaedical
encyclopaedically
encyclopaedism
encyclopaedisms
encyclopaedist
encyclopaedists
encyclopedia
encyclopedia's
encyclopediac
encyclopedial
encyclopedian
encyclopedias
encyclopedic
encyclopedical
encyclopedically
encyclopedism
encyclopedisms
encyclopedist
encyclopedists
endorse
endorsed
endorsement
endorsement's
endorsements
endorses
endorsing
endue
endued
endues
enduing
enjambement
enjambement's
enjambements
enjambment
enjambment's
enjambments
entrench
entrenched
entrenches
entrenching
entrenchment
entrenchment's
entrenchments
entrust
entrusted
entrusting
entrustment
entrustments
entrusts
enure
enured
enures
enuring
eon
eon's
eons
epaulet
epaulet's
epaulets
epaulette
epaulette's
epaulettes
epilog
epilog's
epilogs
epilogue
epilogue's
epilogues
epinephrin
epinephrin's
epinephrine
epinephrine's
epinephrines
epinephrins
escalop
escalop's
escalope
escalope's
escalopes
escalops
escollope
escollope's
escollopes
esophagi
esophaguses
esthete
esthete's
esthetes
esthetic
esthetic's
esthetically
esthetics
estival
exorcise
exorcised
exorcises
exorcising
exorcize
exorcized
exorcizes
exorcizing
expediter
expediter's
expediters
expeditor
expeditor's
expeditors
extendable
extendible
extol
extoll
extolls
extols
extravert
extravert's
extraverted
extraverts
extrovert
extrovert's
extroverted
extroverts
eyeing
eying
eyries
eyry
eyry's
faerie
faerie's
faery
faery's
faggot
faggot's
faggoted
faggoting
faggots
fagot
fagot's
fagoted
fagoting
fagots
falafel
falafel's
fantasied
fantasies
fantasy
fantasy's
fantasying
felafel
felafel's
fetich
fetich's
fetiches
fetish
fetish's
fetishes
filet
filet's
fileted
fileting
filets
fillet
fillet's
filleted
filleting
fillets
filterable
filtrable
fiord
fiord's
fiords
fjord
fjord's
fjords
flannelet
flannelet's
flannelette
flannelette's
fledgeling
fledgeling's
fledgelings
fledgling
fledgling's
fledglings
flexitime
flexitime's
flexitimes
flextime
flextime's
flextimes
flier
flier's
fliers
floatation
floatation's
floatations
floozie
floozie's
floozy
floozy's
flotation
flotation's
flotations
flukey
fluky
flunkey
flunkey's
flunkeys
flunkie
flunkie's
flunkies
flunky
flunky's
flyer
flyer's
flyers
fo'c's'le
fo'c's'le's
fo'c's'les
fo'c'sle
fo'c'sle's
fo'c'sles
focused
focusing
focussed
focussing
fondu
fondu's
fondue
fondue's
fondues
fondus
fontanel
fontanel's
fontanelle
fontanelle's
fontanelles
fontanels
forecastle
forecastle's
forecastles
foregather
foregathered
foregathering
foregathers
forego
foregoes
foregoing
foregone
foreswear
foreswearing
foreswears
foreswore
foresworn
forewent
forgather
forgathered
forgathering
forgathers
forgo
forgoes
forgoing
forgone
formulae
formulas
forswear
forswearing
forswears
forswore
forsworn
forwent
freebee
freebee's
freebees
freebie
freebie's
freebies
frenetic
frier
frier's
friers
friz
friz's
frizz
frizz's
frowsier
frowsiest
frowsy
frowzier
frowziest
frowzy
fryer
fryer's
fryers
fuehrer
fuehrer's
fuehrers
fullness
fullness's
fullnesses
fulness
fulness's
fulnesses
fuse
fuse's
fused
fuses
fusileer
fusileer's
fusileers
fusilier
fusilier's
fusiliers
fusing
fuze
fuze's
fuzed
fuzes
fuzing
führer
führer's
führers
gabardine
gabardine's
gabardines
gaberdine
gaberdine's
gaberdines
gage
gage's
gaged
gages
gaging
gaiety
gaiety's
gaily
galosh
galosh's
galoshe
galoshe's
gamey
gamy
gaoler
gaoler's
gaolers
garote
garote's
garoted
garotes
garoting
garotte
garotte's
garotted
garottes
garotting
garrote
garrote's
garroted
garrotes
garroting
garrotte
garrotte's
garrotted
garrottes
garrotting
gases
gasolene
gasolene's
gasolenes
gasoline
gasoline's
gasolines
gasses
gauge
gauge's
gauged
gauges
gauging
gayety
gayety's
gayly
geegaw
geegaw's
geegaws
geez
gelatin
gelatin's
gelatine
gelatine's
gelatines
gelatins
gemmologies
gemmology
gemmology's
gemologies
gemology
gemology's
gewgaw
gewgaw's
gewgaws
gibe
gibe's
gibed
gibes
gibing
gingko
gingko's
gingkoes
gingkos
ginkgo
ginkgo's
ginkgoes
ginkgos
gipsies
gipsy
gipsy's
girlie
girly
gismo
gismo's
gismos
gizmo
gizmo's
gizmos
glamor
glamor's
glamored
glamoring
glamorisation
glamorisation's
glamorisations
glamorise
glamorised
glamoriser
glamoriser's
glamorisers
glamorises
glamorising
glamorization
glamorization's
glamorizations
glamorize
glamorized
glamorizer
glamorizer's
glamorizers
glamorizes
glamorizing
glamors
glamour
glamour's
glamoured
glamouring
glamourization
glamourize
glamourized
glamourizer
glamourizer's
glamourizers
glamourizes
glamourizing
glamours
glueing
gluing
glycerin
glycerin's
glycerine
glycerine's
glycerines
glycerins
gobbledegook
gobbledegook's
gobbledegooks
gobbledygook
gobbledygook's
gobbledygooks
goddam
goddam's
goddamed
goddaming
goddamn
goddamn's
goddamned
goddamning
goddamns
goddams
goodby
goodby's
goodbye
goodbye's
goodbyes
goodbys
goodie
goodie's
goodies
goody
goody's
grandad
grandad's
grandads
granddad
granddad's
granddads
grannie
grannie's
granny
granny's
graphic
graphical
gray
gray's
grayed
grayer
grayest
graying
grays
grey
grey's
greyed
greyer
greyest
greying
greys
griffin
griffin's
griffins
griffon
griffon's
griffons
gryphon
gryphon's
gryphons
guerilla
guerilla's
guerillas
guerrilla
guerrilla's
guerrillas
gulley
gulley's
gulleys
gullies
gully
gully's
gunnel
gunnel's
gunnels
gunwale
gunwale's
gunwales
gybe
gybe's
gybed
gybes
gybing
gypsies
gypsy
gypsy's
ha
hadj
hadj's
hadji
hadji's
hadjis
hadjs
hah
hairdrier
hairdrier's
hairdriers
hairdryer
hairdryer's
hairdryers
hajj
hajj's
hajji
hajji's
hajjis
hajjs
halleluiah
halleluiah's
halleluiahs
hallo
hallo's
halloing
halloo
halloo's
hallooing
halloos
hallos
hankie
hankie's
hanky
hanky's
haschisch
haschisch's
hasheesh
hasheesh's
hashish
hashish's
hifalutin
high_jinks
highfalutin
highfaluting
highjack
highjack's
highjacked
highjacker
highjacker's
highjackers
highjacking
highjacks
hijack
hijacked
hijacker
hijacker's
hijackers
hijacking
hijacks
hijacks's
hijinks
hippie
hippie's
hippieness
hippieness's
hippienesses
hippies
hippiness
hippiness's
hippinesses
hippy
hippy's
hm
hmm
hoagie
hoagie's
hoagies
hoagy
hoagy's
hollo
hollo's
holloing
hollos
homeward
homewards
homey
homey's
homeyness
homeyness's
homeynesses
homeys
homie
homie's
homies
hominess
hominess's
hominesses
homy
honkey
honkey's
honkeys
honkie
honkie's
honkies
honky
honky's
hooch
hooch's
hooches
hookey
hookey's
hookeys
hookies
hooky
hooky's
hoorah
hoorah's
hoorahs
hooray
hooray's
hoorayed
hooraying
hoorays
hootch
hootch's
hootches
horsey
horsy
hoummos
houmus
hummus
humongous
humungous
humus
hurrah
hurrah's
hurrahed
hurrahes
hurrahing
hurrahs
hurray
hurray's
hurrayed
hurraying
hurrays
hutzpa
hutzpa's
hutzpah
hutzpah's
hutzpahes
hutzpas
huzza
huzza's
huzzaed
huzzah
huzzah's
huzzahed
huzzahes
huzzahing
huzzaing
huzzas
hyaena
hyaena's
hyaenas
hydrocephalies
hydrocephalus
hydrocephalus's
hydrocephaluses
hydrocephaly
hydrocephaly's
hyena
hyena's
hyenas
icon
icon's
iconic
iconically
icons
idyl
idyl's
idyll
idyll's
idylls
idyls
ignitable
igniter
igniter's
igniters
ignitible
ignitor
ignitor's
ignitors
ikon
ikon's
ikonic
ikonically
ikons
imbed
imbedded
imbedding
imbedment
imbedments
imbeds
impanel
impaneled
impaneling
impanelled
impanelling
impanelment
impanels
imposter
imposter's
imposters
impostor
impostor's
impostors
improviser
improviser's
improvisers
improvisor
improvisor's
improvisors
inclose
inclosed
incloses
inclosing
inclosure
inclosure's
inclosures
incrust
incrusted
incrusting
incrusts
incumber
incumbered
incumbering
incumbers
indorse
indorsed
indorsement
indorsement's
indorsements
indorses
indorsing
indue
indued
indues
induing
insigne
insigne's
insignes
insignia
insignia's
insignias
instituter
instituter's
instituters
institutor
institutor's
institutors
intern
intern's
interne
interne's
internement
internements
internes
interneship
interneships
internment
internments
interns
internship
internships
intrench
intrenched
intrenches
intrenching
intrenchment
intrenchment's
intrenchments
intrust
intrusted
intrusting
intrustment
intrustments
intrusts
inure
inured
inures
inuring
inward
inwards
jailer
jailer's
jailers
jailor
jailor's
jailors
jasmine
jasmine's
jasmines
jeez
jehad
jehad's
jehads
jessamine
jessamine's
jessamines
jibe
jibe's
jibed
jibes
jibing
jihad
jihad's
jihads
jinn
jinn's
jinni
jinni's
jinns
jinricksha
jinricksha's
jinrickshas
jinrikisha
jinrikisha's
jinrikishas
jinriksha
jinriksha's
jinrikshas
jiujitsu
jiujitsu's
jiujitsus
jokey
joky
judgemental
judgementaler
judgementalest
judgmental
judgmentaler
judgmentalest
jujitsu
jujitsu's
jujitsus
jujutsu
jujutsu's
jujutsus
junketeer
junketeer's
junketeers
junketer
junketer's
junketers
kabob
kabob's
kabobs
kaftan
kaftan's
kaftans
kebab
kebab's
kebabs
kebob
kebob's
kebobs
kerosene
kerosene's
kerosenes
kerosine
kerosine's
kerosines
ketchup
ketchup's
ketchups
khalif
khalif's
khalifs
kiddie
kiddie's
kiddy
kiddy's
kidnaped
kidnapee
kidnapee's
kidnapees
kidnaper
kidnaper's
kidnapers
kidnaping
kidnapped
kidnappee
kidnappee's
kidnappees
kidnapper
kidnapper's
kidnappers
kidnapping
kindergartener
kindergartener's
kindergarteners
kindergartner
kindergartner's
kindergartners
kissagram
kissagram's
kissagrams
kissogram
kissogram's
kissograms
knackwurst
knackwurst's
knackwursts
knickknack
knickknack's
knickknacks
knockwurst
knockwurst's
knockwursts
kookie
kooky
kopeck
kopeck's
kopecks
kopek
kopek's
kopeks
kumquat
kumquat's
kumquats
lachrymal
lacrimal
lagnappe
lagnappe's
lagnappes
lagniappe
lagniappe's
lagniappes
lallygag
lallygagged
lallygagging
lallygags
lambast
lambaste
lambastes
lambasts
lasagna
lasagna's
lasagnas
lasagne
lasagne's
lasagnes
launderette
launderette's
launderettes
laundrette
laundrette's
laundrettes
lavalier_microphone
lavalier_microphone's
lavalier_microphones
lavaliere_microphone
lavaliere_microphone's
lavaliere_microphones
leftie
leftie's
lefty
lefty's
leggin
leggin's
legging
legging's
leggings
leggins
lichee
lichee's
lichees
likabilities
likability
likability's
likable
likableness
likableness's
likablenesses
likeabilities
likeability
likeability's
likeable
likeableness
likeableness's
likeablenesses
linchpin
linchpin's
linchpins
linguine
linguine's
linguines
linguini
linguini's
linguinis
liquefied
liquefier
liquefiers
liquefies
liquefy
liquefying
liquified
liquifier
liquifiers
liquifies
liquify
liquifying
lissom
lissome
lissomely
lissomeness
lissomenesses
lissomly
lissomness
lissomnesses
litchi
litchi's
litchis
livable
livableness
liveable
liveableness
loadstar
loadstar's
loadstars
loadstone
loadstone's
loadstones
loath
loathe
locater
locater's
locaters
locator
locator's
locators
lodestar
lodestar's
lodestars
lodestone
lodestone's
lodestones
lollipop
lollipop's
lollipops
lollygag
lollygagged
lollygagging
lollygags
lollypop
lollypop's
lollypops
looney
looney's
looneyier
looneyies
looneys
loonier
loonies
loony
loony's
loth
lovability
lovable
lovableness
lovably
lovaebility
love
loveable
loveableness
loveably
loves
lovey
loveys
lupin
lupin's
lupine
lupine's
lupines
lupins
luster
luster's
lustered
lustering
lustering's
lusters
lustre
lustre's
lustred
lustres
lustring
lustring's
luv
luvs
luvvie
luvvies
luvvy
lychee
lychee's
lychees
lynchpin
lynchpin's
lynchpins
mac
mac's
macintosh
macintosh's
macintoshes
mack
mack's
mackintosh
mackintosh's
mackintoshes
macks
macs
maenad
maenad's
maenadic
maenads
mah-jongg
mah-jongg's
mah-jonggs
maharaja
maharaja's
maharajah
maharajah's
maharajahes
maharajas
maharanee
maharanee's
maharanees
maharani
maharani's
maharanis
mahjong
mahjong's
mahjongs
maiolica
maiolica's
maiolicas
majolica
majolica's
majolicas
mama
mama's
mamas
mamma
mamma's
mammae
mammas
mandrel
mandrel's
mandrels
mandril
mandril's
mandrils
manikin
manikin's
manikins
manila
manila's
manilla
manilla's
mannikin
mannikin's
mannikins
mantelpiece
mantelpieces
mantlepiece
mantlepieces
marabou
marabou's
marabous
marabout
marabout's
marabouts
marihuana
marihuana's
marihuanas
marijuana
marijuana's
marijuanas
marlinespike
marlinespike's
marlinespikes
marlinspike
marlinspike's
marlinspikes
mat
mats
matt
matte
mattes
matts
maven
maven's
mavens
mavin
mavin's
mavins
mazourka
mazourka's
mazourkas
mazurka
mazurka's
mazurkas
meanie
meanie's
meany
meany's
mediaeval
mediaeval's
mediaevally
mediaevals
medieval
medieval's
medievally
medievals
menad
menad's
menadic
menads
meow
meow's
meowed
meowing
meows
merchandise
merchandised
merchandiser
merchandiser's
merchandisers
merchandises
merchandising
merchandize
merchandized
merchandizer
merchandizer's
merchandizers
merchandizes
merchandizing
mesquit
mesquit's
mesquite
mesquite's
mesquites
mesquits
methadon
methadon's
methadone
methadone's
methadones
methadons
miaow
miaow's
miaowed
miaowing
miaows
midsize
midsized
midwifed
midwifing
midwived
midwiving
mileometer
mileometer's
mileometers
millepede
millepede's
millepedes
millionaire
millionaire's
millionaires
millionnaire
millionnaire's
millionnaires
millipede
millipede's
millipedes
milometer
milometer's
milometers
minibuses
minibusses
miniscule
miniscule's
miniscules
minuscule
minuscule's
minuscules
missilery
missilery's
missilry
missilry's
missis
missis's
missises
missus
missus's
missuses
moggie
moggie's
moggy
moggy's
mollusc
mollusc's
molluscan
molluscs
mollusk
mollusk's
molluskan
mollusks
momma
momma's
mommas
mommie
mommie's
mommy
mommy's
monecious
moneyed
monicker
monicker's
monickers
monied
moniker
moniker's
monikers
monoecious
monolog
monolog's
monologist
monologist's
monologists
monologs
monologue
monologue's
monologues
monologuist
monologuist's
monologuists
mortgager
mortgager's
mortgagers
mortgagor
mortgagor's
mortgagors
mortice
mortice's
morticed
mortices
morticing
mortise
mortise's
mortised
mortises
mortising
mousey
moustachio
moustachio's
moustachioed
mousy
movability
movable
movable's
movableness
movablenesses
movables
movably
moveability
moveable
moveable's
moveableness
moveablenesses
moveables
moveably
mujahedeen
mujahedeen's
mujahedin
mujahedin's
mujahideen
mujahideen's
multiplexer
multiplexer's
multiplexers
multiplexor
multiplexor's
multiplexors
mustachio
mustachio's
mustachioed
myna
myna's
mynah
mynah's
mynahes
mynas
naan
naan's
naans
nan
nan's
nans
narc
narc's
narcs
nark
nark's
narks
naught
naught's
naughts
neglig
neglig's
negligee
negligee's
negligees
negligs
neuronal
neuronic
nicknack
nicknack's
nicknacks
night
night's
nightie
nightie's
nights
nighty
nighty's
nite
nite's
nites
nitroglycerin
nitroglycerin's
nitroglycerine
nitroglycerine's
nitroglycerines
nitroglycerins
nonencyclopaedic
nonencyclopedic
nought
nought's
noughts
numbskull
numbskull's
numbskulls
numskull
numskull's
numskulls
ocherous
ocherouser
ocherousest
ochreous
ochreouser
ochreousest
octet
octet's
octets
octette
octette's
octettes
oesophagi
oesophaguses
okay
okay's
okayed
okaying
okays
oleomargarin
oleomargarin's
oleomargarine
oleomargarine's
oleomargarines
oleomargarins
omelet
omelet's
omelets
omelette
omelette's
omelettes
onward
onwards
orangutan
orangutan's
orangutang
orangutang's
orangutangs
orangutans
organdie
organdie's
organdy
organdy's
outsize
outsized
oversize
oversized
paediatrician
paediatrician's
paediatricians
panier
panier's
paniers
pannier
pannier's
panniers
pantie
pantie's
panty
panty's
papaw
papaw's
papaws
parakeet
parakeet's
parakeets
parmigiana
parmigiano
parrakeet
parrakeet's
parrakeets
partisan
partisan's
partisans
partizan
partizan's
partizans
passivise
passivised
passivises
passivising
passivize
passivized
passivizes
passivizing
pawpaw
pawpaw's
pawpaws
pedagog
pedagog's
pedagogs
pedagogue
pedagogue's
pedagogues
peddler
peddler's
peddlers
pediatrician
pediatrician's
pediatricians
pediatrist
pediatrist's
pediatrists
pedlar
pedlar's
pedlars
penlight
penlight's
penlights
penlite
penlite's
penlites
phalanges
phalanxes
phantasied
phantasies
phantasy
phantasy's
phantasying
pharmacopeia
pharmacopeia's
pharmacopeial
pharmacopeias
pharmacopoeia
pharmacopoeia's
pharmacopoeial
pharmacopoeias
phoney
phoney's
phoneyed
phoneying
phoneys
phonied
phonies
phony
phony's
phonying
phrenetic
pickaback
pickaback's
pickabacked
pickabacking
pickabacks
piggyback
piggyback's
piggybacking
piggybacks
pigiedback
pigmies
pigmy
pigmy's
pilaf
pilaf's
pilaff
pilaff's
pilaffs
pilafs
pilau
pilau's
pilaus
pilaw
pilaw's
pilaws
piney
pinkie
pinkie's
pinky
pinky's
pinochle
pinochle's
pinocle
pinocle's
piny
pinyon
pinyon's
pinyons
piroshki
piroshki's
pirozhki
pirozhki's
pixie
pixie's
pixieish
pixy
pixy's
pixyish
pizazz
pizazz's
pizazzes
pizzazz
pizzazz's
pizzazzes
piñon
piñon's
piñons
placeboes
placebos
pokey
pokier
pokiest
poky
pollack
pollack's
polliwog
polliwog's
polliwogs
pollock
pollock's
pollywog
pollywog's
pollywogs
postilion
postilion's
postilions
postillion
postillion's
postillions
pouf
pouf's
pouffe
pouffe's
practice
practice's
practiced
practices
practicing
practise
practise's
practised
practises
practising
praenomen
praenomen's
praenomens
praesidium
praesidium's
praesidiums
precancelation
precancellation
premise
premise's
premises
premiss
premiss's
premisses
prenomen
prenomen's
prenomens
preppie
preppie's
preppy
preppy's
presidia
presidium
presidium's
presidiums
preterit
preterit's
preterite
preterite's
preterites
preterits
preventable
preventible
preview
preview's
previews
prevue
prevue's
prevues
pricey
pricy
prier
prier's
priers
program
program's
programed
programer
programer's
programers
programing
programme
programmed
programmer
programmer's
programmers
programmes
programming
programs
prolog
prolog's
prologs
prologue
prologue's
prologues
propellant
propellant's
propellants
propellent
propellent's
propellents
prosopopeia
prosopopeias
prosopopoeia
prosopopoeias
protester
protester's
protesters
protestor
protestor's
protestors
pryer
pryer's
pryers
pumpkin
pumpkin's
pumpkins
punkin
punkin's
punkins
pygmies
pygmy
pygmy's
quadraphonic
quadraphonics
quadriphonic
quadriphonics
quadrophonic
quadrophonics
quaestor
quaestor's
quaestors
quahaug
quahaug's
quahaugs
quahog
quahog's
quahogs
quartet
quartet's
quartets
quartette
quartette's
quartettes
questor
questor's
questors
quintet
quintet's
quintets
quintette
quintette's
quintettes
raccoon
raccoon's
raccoons
racket
racket's
rackets
racoon
racoon's
racoons
racquet
racquet's
racquets
raja
raja's
rajah
rajah's
rajahes
rajas
ramekin
ramekin's
ramekins
ramequin
ramequin's
ramequins
ranee
ranee's
ranees
rani
rani's
ranis
ratlin
ratlin's
ratline
ratline's
ratlines
ratlins
reenforce
reenforceable
reenforced
reenforces
reenforcing
reinforce
reinforceable
reinforced
reinforces
reinforcing
repellant
repellant's
repellants
repellent
repellent's
repellents
restauranteur
restauranteur's
restauranteurs
restaurateur
restaurateur's
restaurateurs
reverie
reverie's
revery
revery's
revocable
revokable
ricksha
ricksha's
rickshas
rickshaw
rickshaw's
rickshaws
rigamarole
rigamarole's
rigamaroles
rigmarole
rigmarole's
rigmaroles
ripost
ripost's
riposte
riposte's
ripostes
riposts
ropey
ropier
ropiest
ropy
saber
saber's
sabered
sabering
sabers
sabre
sabre's
sabred
sabres
sabring
sake
sake's
sakes
saki
saki's
sakis
salable
salabler
salablest
saleable
saleabler
saleablest
sarape
sarape's
sarapes
saree
saree's
sarees
sari
sari's
saris
savable
savanna
savanna's
savannah
savannah's
savannahes
savannas
saveable
scalawag
scalawag's
scalawags
scallop
scallop's
scalloped
scalloping
scallops
scallywag
scallywag's
scallywags
scarey
scary
schemas
schemata
schlemiel
schlemiel's
schlemiels
schlep
schlep's
schlepp
schlepp's
schlepped
schlepping
schlepps
schleps
schlock
schlocky
schmaltz
schmaltz's
schmaltzes
schmaltzy
schmalz
schmalz's
schmalzes
schmalzy
schmo
schmo's
schmoe
schmoe's
schnapps
schnapps's
schnaps
schnaps's
schrod
schrod's
schrods
schtick
schtick's
schticks
scollop
scollop's
scolloped
scolloping
scollops
scrod
scrod's
scrods
scrunchie
scrunchie's
scrunchy
scrunchy's
selvage
selvage's
selvages
selvedge
selvedge's
selvedges
septet
septet's
septetes
septette
septette's
septettes
serape
serape's
serapes
sextet
sextet's
sextetes
sextette
sextette's
sextettes
shaikh
shaikh's
shaikhs
shammy
shammy's
shard
shard's
shards
sharpie
sharpie's
sharpy
sharpy's
shat
shaykh
shaykh's
shaykhs
sheik
sheik's
sheikdom
sheikdom's
sheikdoms
sheikh
sheikh's
sheikhdom
sheikhdom's
sheikhdoms
sheikhs
sheiks
shellac
shellac's
shellack
shellack's
shellacks
shellacs
sherbert
sherbert's
sherberts
sherbet
sherbet's
sherbets
sherd
sherd's
sherds
shillalah
shillalah's
shillalahes
shillelagh
shillelagh's
shillelaghes
shit
shlemiel
shlemiel's
shlemiels
shlep
shlep's
shlepp
shlepp's
shlepped
shlepping
shlepps
shleps
shlock
shlocky
shmaltz
shmaltz's
shmaltzes
shortie
shortie's
shorty
shorty's
shtick
shtick's
shticks
shtik
shtik's
shtiks
siliceous
silicious
silvan
siree
siree's
sirees
sirree
sirree's
sirrees
sirup
sirup's
sirups
sizable
sizableness
sizably
sizeable
sizeableness
sizeably
skulduggery
skulduggery's
skullduggery
skullduggery's
slier
sliest
slily
slumberous
slumbrous
slyer
slyest
slyly
smidge
smidge's
smidgen
smidgen's
smidgens
smidgeon
smidgeon's
smidgeons
smidges
smidgin
smidgin's
smidgins
smolder
smolder's
smoldered
smoldering
smolders
smoothie
smoothie's
smoothy
smoothy's
smoulder
smoulder's
smouldered
smouldering
smoulders
so
so's
sobriquet
sobriquet's
sobriquets
softie
softie's
softy
softy's
sol
sol's
sols
somber
somberer
somberest
somberly
somberness
somberness's
sombernesses
sombre
sombrely
sombreness
sombreness's
sombrenesses
sombrer
sombrest
sos
soubriquet
soubriquet's
soubriquets
soy
soy's
soya
soya's
spacey
spacy
spic
spic's
spick
spick's
spicks
spics
spik
spik's
spiks
spilled
spilt
spiraea
spiraea's
spiraeas
spirea
spirea's
spireas
spumone
spumone's
spumones
spumoni
spumoni's
spumonis
stagey
stagy
sties
stimuli
stimuluses
stockinet
stockinet's
stockinets
stockinette
stockinette's
stockinettes
stogie
stogie's
stogy
stogy's
stoney
stony
storey
storey's
storeys
stories
story
story's
straightjacket
straightjacket's
straightjacketed
straightjacketing
straightjackets
straitjacket
straitjacket's
straitjacketed
straitjacketing
straitjackets
strata
stratums
sty
sty's
stye
stye's
styes
stymie
stymie's
stymied
stymy
stymy's
stymyed
subpena
subpena's
subpenaed
subpenaing
subpenas
subpoena
subpoena's
subpoenaed
subpoenaing
subpoenas
sumac
sumac's
sumach
sumach's
sumaches
sumacs
swab
swab's
swabbed
swabbing
swabs
sweep-stake
sweep-stake's
sweepstake
sweepstake's
sweepstakes
sweepstakes's
sweetbriar
sweetbriar's
sweetbriars
sweetbrier
sweetbrier's
sweetbriers
swob
swob's
swobbed
swobbing
swobs
sylvan
symmetrically
symmetricalness
symmetricalnesses
symmetricly
symmetricness
symmetricnesses
synagog
synagog's
synagogs
synagogue
synagogue's
synagogues
sync
sync's
synced
synch
synch's
synched
synches
synching
syncing
syncs
syrup
syrup's
syrups
taboo
taboo's
tabooed
tabooing
taboos
tabu
tabu's
tabued
tabuing
tabus
tamable
tameable
teasel
teasel's
teaseled
teaseler
teaseler's
teaselers
teaseling
teaseling's
teaselings
teaselled
teaseller
teaseller's
teasellers
teaselling
teaselling's
teasellings
teasels
teazel
teazel's
teazels
teazle
teazle's
teazles
teepee
teepee's
teepees
tempi
tempos
tendinitis
tendinitis's
tendinitises
tendonitis
tendonitis's
tendonitises
tepee
tepee's
tepees
thermaesthesia
thermaesthesia's
thermesthesia
thermesthesia's
thiamin
thiamin's
thiamine
thiamine's
thiamines
thiamins
thraldom
thraldom's
thraldoms
thralldom
thralldom's
thralldoms
through
throughway
throughway's
throughways
thru
thruway
thruway's
thruways
tidbit
tidbit's
tidbits
tike
tike's
tikes
tipi
tipi's
tipis
tiro
tiro's
tiros
titbit
titbit's
titbits
titivate
titivated
titivates
titivating
titivation
titivation's
titivations
tittivate
tittivated
tittivates
tittivating
tittivation
tittivation's
tittivations
toffee
toffee's
toffees
toffies
toffy
toffy's
toged
togged
togging
toging
topee
topee's
topees
topi
topi's
topis
tormenter
tormenter's
tormenters
tormentor
tormentor's
tormentors
toward
towards
tranquilities
tranquility
tranquility's
tranquilize
tranquilized
tranquilizer
tranquilizer's
tranquilizers
tranquilizes
tranquilizing
tranquilizing's
tranquilizings
tranquillise
tranquillised
tranquilliser
tranquilliser's
tranquillisers
tranquillises
tranquillising
tranquillising's
tranquillisings
tranquillities
tranquillity
tranquillity's
tranquillize
tranquillized
tranquillizer
tranquillizer's
tranquillizers
tranquillizes
tranquillizing
tranquillizing's
tranquillizings
transgender
transgendered
travelog
travelog's
travelogs
travelogue
travelogue's
travelogues
trolley
trolley's
trolleyed
trolleying
trolleys
trollied
trollies
trolly
trolly's
trollying
tsar
tsar's
tsardom
tsardom's
tsardoms
tsarina
tsarina's
tsarinas
tsarism
tsarism's
tsarisms
tsarist
tsars
tumbrel
tumbrel's
tumbrels
tumbril
tumbril's
tumbrils
tyke
tyke's
tykes
tyreo
tyreo's
tyreos
tyro
tyro's
tyros
tzar
tzar's
tzardom
tzardom's
tzardoms
tzarina
tzarina's
tzarinas
tzarism
tzarism's
tzarisms
tzarist
tzars
ukelele
ukelele's
ukeleles
ukulele
ukulele's
ukuleles
unbeknown
unbeknownst
uncanceled
uncanceledder
uncanceleddest
uncancelled
uncancelledder
uncancelleddest
undersize
undersized
undreamed
undreamt
unfocused
unfocussed
unparalleled
unparallelled
unshakable
unshakeable
unspoiled
unspoilt
upward
upwards
usability
usability's
usable
useability
useability's
useable
veld
veld's
velds
veldt
veldt's
veldts
vender
vender's
venders
vendor
vendor's
vendors
veranda
veranda's
verandah
verandah's
verandahs
verandas
vermilion
vermilion's
vermillion
vermillion's
videodisc
videodisc's
videodiscs
videodisk
videodisk's
videodisks
virtuosi
virtuosoes
virtuosos
visor
visor's
visors
vizor
vizor's
vizors
wackier
wackiest
wacky
wainscoted
wainscoting
wainscoting's
wainscotings
wainscotted
wainscotting
wainscotting's
wainscottings
walla
wallah
wallahs
wallas
warm-up
warm-up's
warm-ups
warmup
warmup's
warmups
water_bed
water_bed's
water_beds
waterbed
waterbed's
waterbeds
welch
welched
welches
welching
welsh
welshed
welshes
welshing
werewolf
werewolf's
werewolves
werwolf
werwolf's
werwolves
whackier
whackiest
whacky
whimsey
whimsey's
whimseys
whimsy
whimsy's
whimsys
whir
whir's
whirr
whirr's
whirrs
whirs
whiskey
whiskey's
whiskeys
whiskies
whisky
whisky's
whiz
whiz's
whizz
whizz's
whizzes
whodunit
whodunit's
whodunits
whodunnit
whodunnits
whodunnits's
widgeon
widgeon's
widgeons
wigeon
wigeon's
wigeons
wilful
wilfuler
wilfulest
wilfulness
wilfulness's
willful
willfuler
willfulest
willfulness
willfulness's
willie
willy
winterier
winteriest
wintery
wintrier
wintriest
wintry
wistaria
wistaria's
wistarias
wisteria
wisteria's
wisterias
wiz
wiz's
wizzes
wolfs
wolves
woning
woning's
wonings
wonning
wonning's
wonnings
woolie
woolie's
woolier
woolies
wooliest
woollier
woollies
woolliest
woolly
woolly's
wooly
wooly's
yack
yack's
yacked
yacking
yacks
yak
yak's
yakked
yakking
yaks
yeshiva
yeshiva's
yeshivah
yeshivah's
yeshivahs
yeshivas
yeshivot
yock
yock's
yocks
yogi
yogi's
yogin
yogin's
yogins
yogis
yuck
yuck's
yucked
yucking
yucks
yuk
yuk's
yukked
yukking
yuks
zombi
zombi's
zombie
zombie's
zombies
zombis
