Graecism
Graecism's
Graecisms
Grecism
Grecism's
Grecisms
Mandaean
Mandaean's
Mandaeans
Mandean
Mandean's
Mandeans
Manichaeism
Manichaeism's
Manichaeisms
Manicheism
Manicheism's
Manicheisms
Manila
Manila's
Manilla
Manilla's
OK
OK's
OKed
OKing
OKs
Technicolor
Technicolor's
Technicolors
Technicolour
Technicolour's
Technicolours
abetter
abetter's
abetters
abettor
abettor's
abettors
abridgement
abridgement's
abridgements
abridgment
abridgment's
abridgments
accursed
accurst
adapter
adapter's
adapters
adaptor
adaptor's
adaptors
adviser
adviser's
advisers
advisor
advisor's
advisors
aeon
aeon's
aeons
ageing
ageing's
ageings
aging
aging's
agings
almanac
almanack
almanacks
almanacs
ambiance
ambiance's
ambiances
ambience
ambience's
ambiences
ameba
ameba's
amebae
amebas
amid
amidst
amoeba
amoeba's
amoebae
amoebas
amok
amok's
amoks
among
amongst
amuck
amuck's
amucks
analog
analog's
analogs
analogue
analogue's
analogues
ascendant
ascendant's
ascendants
ascendent
ascendent's
ascendents
auntie
auntie's
aunties
aunty
aunty's
balk
balk's
balked
balking
balks
bandana
bandana's
bandanas
bandanna
bandanna's
bandannas
banister
banister's
banisters
bannister
bannister's
bannisters
baulk
baulk's
baulked
baulking
baulks
biased
biasing
biassed
biassing
blond
blond's
blonde
blonde's
blondes
blonds
blowsier
blowsiest
blowsy
blowzier
blowziest
blowzy
briar
briar's
briars
brier
brier's
briers
bus
bused
buses
busing
busing's
busings
bussed
busses
bussing
bussing's
bussings
caftan
caftan's
caftans
cagey
cageyness
cageyness's
cageynesses
caginess
caginess's
caginesses
cagy
caldron
caldron's
caldrons
caliper
caliper's
calipered
calipering
calipers
calipers's
calk
calk's
calking
calking's
calkings
calks
calliper
calliper's
callipered
callipering
callipers
callipers's
caster
caster's
casters
castor
castor's
castors
cauldron
cauldron's
cauldrons
caulk
caulk's
caulking
caulking's
caulkings
caulks
caviar
caviar's
caviare
caviare's
caviares
caviars
celom
celom's
celoms
cenobite
cenobite's
cenobites
cenobitic
cenobitical
centigram
centigram's
centigramme
centigramme's
centigrammes
centigrams
chaperon
chaperon's
chaperone
chaperone's
chaperones
chaperons
chimaera
chimaera's
chimaeras
chimera
chimera's
chimeras
chocolatey
chocolaty
cicatrice
cicatrice's
cicatrices
cicatrix
cicatrix's
cicatrixes
cipher
cipher's
coelom
coelom's
coelomata
coeloms
coenobite
coenobite's
coenobites
coenobitic
coenobitical
collectable
collectable's
collectables
collectible
collectible's
collectibles
coloration
coloration's
colorational
colorationaler
colorationalest
colorationallier
colorationalliest
colorationally
colorations
colorimeter
colorimeter's
colorimeters
colorimetric
colorimetrics
colorimetries
colorimetry
colouration
colouration's
colourational
colourationaler
colourationalest
colourationallier
colourationalliest
colourationally
colourations
colourimeter
colourimeter's
colourimeters
colourimetric
colourimetrics
colourimetries
colourimetry
connection
connection's
connections
connexion
connexion's
connexions
converter
converter's
converters
convertor
convertor's
convertors
crenelate
crenelated
crenelater
crenelates
crenelatest
crenelating
crenelation
crenelation's
crenelations
creneled
creneling
crenellate
crenellated
crenellater
crenellates
crenellatest
crenellating
crenellation
crenellation's
crenellations
crenelled
crenelling
crosier
crosier's
crosiers
crozier
crozier's
croziers
curtsey
curtsey's
curtseyed
curtseying
curtseys
curtsied
curtsies
curtsy
curtsy's
curtsying
cyclopaedia
cyclopaedia's
cyclopaedias
cyclopedia
cyclopedia's
cyclopedias
cypher
cypher's
czar
czar's
czars
dependant
dependant's
dependants
dependent
dependent's
dependents
despatch
despatch's
despatched
despatches
despatching
dialog
dialogue
dietician
dietician's
dieticians
dietitian
dietitian's
dietitians
dike
dike's
dikes
disc
disc's
discoloration
discoloration's
discolorations
discolouration
discolouration's
discolourations
disk
disk's
dispatch
dispatch's
dispatched
dispatches
dispatching
draft
drafted
drafting
drafts
draught
draughted
draughting
draughts
dreamed
dreamt
drily
drought
drought's
droughts
drouth
drouth's
drouthes
dryly
dyke
dyke's
dykes
ecumenic
ecumenicalism
ecumenicity
ecumenism
embed
embedded
embedding
embeds
empanel
empaneled
empaneling
empanelled
empanelling
empanelment
empanels
encyclopaedia
encyclopaedia's
encyclopaediac
encyclopaedial
encyclopaedian
encyclopaedias
encyclopaedic
encyclopaedical
encyclopaedically
encyclopaedism
encyclopaedisms
encyclopaedist
encyclopaedists
encyclopedia
encyclopedia's
encyclopediac
encyclopedial
encyclopedian
encyclopedias
encyclopedic
encyclopedical
encyclopedically
encyclopedism
encyclopedisms
encyclopedist
encyclopedists
enquire
enquired
enquires
enquiries
enquiring
enquiry
enquiry's
enthral
enthrall
enthralled
enthralling
enthralls
enthrals
eon
eon's
eons
esophagi
esophaguses
extravert
extravert's
extraverted
extraverts
extrovert
extrovert's
extroverted
extroverts
eyeing
eying
faerie
faerie's
faery
faery's
fantasied
fantasies
fantasy
fantasy's
fantasying
fetid
fetider
fetidest
fetus
fetus's
fetuses
filterable
filtrable
fledgeling
fledgeling's
fledgelings
fledgling
fledgling's
fledglings
flier
flier's
fliers
flyer
flyer's
flyers
focused
focusing
focussed
focussing
foetid
foetider
foetidest
foetus
foetus's
foetuses
fogey
fogey's
fogeys
fogies
fogy
fogy's
foregather
foregathered
foregathering
foregathers
forego
foregoes
foregoing
foregone
forewent
forgather
forgathered
forgathering
forgathers
forgo
forgoes
forgoing
forgone
forwent
frowsier
frowsiest
frowsy
frowzier
frowziest
frowzy
gage
gage's
gaged
gages
gaging
gaol
gaol's
gaolbird
gaolbird's
gaolbirds
gaolbreak
gaolbreak's
gaolbreaks
gaoled
gaoler
gaoler's
gaolers
gaoling
gaols
gasolene
gasolene's
gasolenes
gasoline
gasoline's
gasolines
gauge
gauge's
gauged
gauges
gauging
gelatin
gelatin's
gelatine
gelatine's
gelatines
gelatins
gibe
gibe's
gibed
gibes
gibing
glamorise
glamorised
glamorises
glamorising
glamorize
glamorized
glamorizes
glamorizing
glamorous
glamorousness
glamorousness's
glamourize
glamourized
glamourizes
glamourizing
glamourous
glamourousness
glamourousness's
glueing
gluing
glutaeal
gluteal
gobbledegook
gobbledegook's
gobbledegooks
gobbledygook
gobbledygook's
gobbledygooks
goodie
goodie's
goodies
goody
goody's
graecism
gram
gram's
gramme
gramme's
grammes
grams
grecism
guerilla
guerilla's
guerillas
guerrilla
guerrilla's
guerrillas
ha
hah
hankie
hankie's
hanky
hanky's
hectogram
hectogram's
hectogramme
hectogramme's
hectogrammes
hectograms
hippie
hippie's
hippies
hippy
hippy's
homeopath
homeopath's
homeopathic
homeopathicer
homeopathicest
homeopathies
homeopaths
homeopathy
homeopathy's
homeostatic
homoeopath
homoeopath's
homoeopathic
homoeopathicer
homoeopathicest
homoeopathies
homoeopaths
homoeopathy
homoeopathy's
homoeostatic
hoorah
hoorah's
hoorahs
hooray
hooray's
hoorayed
hooraying
hoorays
hurrah
hurrah's
hurrahed
hurrahes
hurrahing
hurrahs
hurray
hurray's
hurrayed
hurraying
hurrays
icon
icon's
icons
ikon
ikon's
ikons
imbed
imbedded
imbedding
imbeds
impanel
impaneled
impaneling
impanelled
impanelling
impanelment
impanels
imposter
imposter's
imposters
impostor
impostor's
impostors
inflection
inflection's
inflections
inflexion
inflexion's
inflexions
inquire
inquired
inquires
inquiries
inquiring
inquiry
inquiry's
instal
install
installs
instals
instil
instill
instills
instils
inthrall
inthralled
inthralling
inthralls
ioniser
ioniser's
ionisers
ionizer
ionizer's
ionizers
jail
jail's
jailbird
jailbird's
jailbirds
jailbreak
jailbreak's
jailbreaks
jailed
jailer
jailer's
jailers
jailing
jailor
jailor's
jailors
jails
jibe
jibe's
jibed
jibes
jibing
jokey
joky
judgement
judgement's
judgemental
judgementaler
judgementalest
judgements
judgment
judgment's
judgmental
judgmentaler
judgmentalest
judgments
kaftan
kaftan's
kaftans
kerosene
kerosene's
kerosenes
kerosine
kerosine's
kerosines
kilogram
kilogram's
kilogramme
kilogramme's
kilogrammes
kilograms
kyles
kyloes
launderette
launderette's
launderettes
laundrette
laundrette's
laundrettes
learned
learnt
licence
licenced
licences
licencing
license
licensed
licenses
licensing
likable
likeable
liquefied
liquefies
liquefy
liquefying
liquified
liquifies
liquify
liquifying
lissom
lissome
lovable
loveable
macintosh
macintosh's
macintoshes
mackintosh
mackintosh's
mackintoshes
mat
mats
matt
matte
mattes
matts
mediaeval
mediaeval's
mediaevals
medieval
medieval's
medievals
meow
meow's
meowed
meowing
meows
miaow
miaow's
miaowed
miaowing
miaows
milligram
milligram's
milligramme
milligramme's
milligrammes
milligrams
misjudgement
misjudgement's
misjudgements
misjudgment
misjudgment's
misjudgments
misprise
misprised
misprises
misprising
misprize
misprized
misprizes
misprizing
moggie
moggie's
moggy
moggy's
monologist
monologist's
monologists
monologuist
monologuist's
monologuists
movable
movable's
movables
moveable
moveable's
moveables
multiplexer
multiplexer's
multiplexers
multiplexor
multiplexor's
multiplexors
myna
myna's
mynah
mynah's
mynahes
mynas
net
net's
nets
nett
nett's
netts
nonencyclopaedic
nonencyclopedic
nosey
nosey's
noseys
nosies
nosy
nosy's
numbskull
numbskull's
numbskulls
numskull
numskull's
numskulls
oecumenic
oecumenicalism
oecumenicity
oecumenism
oesophagi
oesophaguses
okay
okay's
okayed
okaying
okays
orang
orangs
ourang
ourangs
oversize
oversized
paederast
paederast's
paederasts
paedologies
paedology
paedology's
palaeoethnology
paleethnology
paleoethnology
pederast
pederast's
pederasts
pedologies
pedology
pedology's
phantasied
phantasies
phantasy
phantasy's
phantasying
phoney
phoney's
phoneys
phonies
phony
phony's
postilion
postilion's
postilions
postillion
postillion's
postillions
pouf
pouf's
pouffe
pouffe's
praesidium
praesidium's
praesidiums
prejudgement
prejudgement's
prejudgements
prejudgment
prejudgment's
prejudgments
premise
premise's
premises
premiss
premiss's
premisses
presidia
presidium
presidium's
presidiums
primaeval
primaevally
primeval
primevally
protester
protester's
protesters
protestor
protestor's
protestors
queueing
queuing
raccoon
raccoon's
raccoons
racket
racket's
rackets
racoon
racoon's
racoons
racquet
racquet's
racquets
reprogram
reprogramme
reprogrammes
reprograms
shaikh
shaikh's
shaikhs
shaykh
shaykh's
shaykhs
sheik
sheik's
sheikh
sheikh's
sheikhs
sheiks
siphon
siphon's
siphoned
siphoning
siphonless
siphonlesses
siphonlike
siphonlike's
siphonlikes
siphonophore
siphonophore's
siphonostele
siphonostele's
siphonostelic
siphonostely
siphons
sizable
sizeable
slily
slyly
smidge
smidge's
smidgen
smidgen's
smidgens
smidgeon
smidgeon's
smidgeons
smidges
smidgin
smidgin's
smidgins
spelaeological
speleological
spelled
spelt
spilled
spilt
spoiled
spoilt
stoor
stor
storey
storey's
storeys
stories
story
story's
stour
straightjacket
straightjacket's
straightjacketed
straightjacketing
straightjackets
straitjacket
straitjacket's
straitjacketed
straitjacketing
straitjackets
sulfur
sulfur's
sulfured
sulfuring
sulfurs
sulphur
sulphur's
sulphured
sulphuring
sulphurs
sweep-stake
sweep-stake's
sweepstake
sweepstake's
sweepstakes
sweepstakes's
sync
sync's
synced
synch
synch's
synched
synches
synching
syncing
syncs
synthesise
synthesised
synthesiser
synthesiser's
synthesisers
synthesises
synthesising
synthesize
synthesized
synthesizer
synthesizer's
synthesizers
synthesizes
synthesizing
synthetize
synthetized
synthetizes
synthetizing
syphon
syphon's
syphoned
syphoning
syphonless
syphonlesses
syphonlike
syphonlike's
syphonlikes
syphonophore
syphonophore's
syphonostele
syphonostele's
syphonostelic
syphonostely
syphons
tamboura
tamboura's
tambouras
tambura
tambura's
tamburas
tassel
tasseled
tasseling
tasselled
tasselling
tassells
tassels
teasel
teasel's
teasels
teazel
teazel's
teazels
teazle
teazle's
teazles
technicolor
technicolored
technicolour
technicoloured
tempi
tempos
thraldom
thraldom's
thraldoms
thralldom
thralldom's
thralldoms
throughway
throughway's
throughways
thruway
thruway's
thruways
tiro
tiro's
tiros
tranquilities
tranquility
tranquility's
tranquillities
tranquillity
tranquillity's
tsar
tsar's
tsars
tumbrel
tumbrel's
tumbrels
tumbril
tumbril's
tumbrils
tyreo
tyreo's
tyreos
tyro
tyro's
tyros
tzar
tzar's
tzars
unbeknown
unbeknownst
unfocused
unfocussed
unglamorous
unglamorously
unglamourous
unglamourously
unlearned
unlearnt
unshakable
unshakeable
usable
useable
veld
veld's
velds
veldt
veldt's
veldts
veranda
veranda's
verandah
verandah's
verandahs
verandas
virtuosi
virtuosoes
virtuosos
visor
visor's
visors
vizor
vizor's
vizors
waggon
waggon's
waggoned
waggoneer
waggoner
waggoner's
waggoners
waggonette
waggonette's
waggonettes
waggoning
waggons
wagon
wagon's
wagoned
wagoneer
wagoner
wagoner's
wagoners
wagonette
wagonette's
wagonettes
wagoning
wagons
wainscoted
wainscoting
wainscoting's
wainscotings
wainscotted
wainscotting
wainscotting's
wainscottings
whir
whir's
whirr
whirr's
whirrs
whirs
whiz
whiz's
whizz
whizz's
whizzes
wiz
wiz's
wizzes
yoghourt
yoghourt's
yoghourts
yoghurt
yoghurt's
yoghurts
yogourt
yogourt's
yogourts
yogurt
yogurt's
yogurts
